Archive member included to satisfy reference by file (symbol)

app/libapp.a(adv.c.obj)       (--whole-archive)
app/libapp.a(button.c.obj)    (--whole-archive)
app/libapp.a(file.c.obj)      (--whole-archive)
app/libapp.a(led.c.obj)       (--whole-archive)
app/libapp.a(main.c.obj)      (--whole-archive)
app/libapp.a(rpi.c.obj)       (--whole-archive)
app/libapp.a(scan.c.obj)      (--whole-archive)
app/libapp.a(x25519-cortex-m4-gcc.s.obj)
                              (--whole-archive)
zephyr/libzephyr.a(crc32_sw.c.obj)
                              (--whole-archive)
zephyr/libzephyr.a(crc16_sw.c.obj)
                              (--whole-archive)
zephyr/libzephyr.a(crc8_sw.c.obj)
                              (--whole-archive)
zephyr/libzephyr.a(crc7_sw.c.obj)
                              (--whole-archive)
zephyr/libzephyr.a(dec.c.obj)
                              (--whole-archive)
zephyr/libzephyr.a(fdtable.c.obj)
                              (--whole-archive)
zephyr/libzephyr.a(hex.c.obj)
                              (--whole-archive)
zephyr/libzephyr.a(mempool.c.obj)
                              (--whole-archive)
zephyr/libzephyr.a(notify.c.obj)
                              (--whole-archive)
zephyr/libzephyr.a(printk.c.obj)
                              (--whole-archive)
zephyr/libzephyr.a(onoff.c.obj)
                              (--whole-archive)
zephyr/libzephyr.a(rb.c.obj)  (--whole-archive)
zephyr/libzephyr.a(sem.c.obj)
                              (--whole-archive)
zephyr/libzephyr.a(thread_entry.c.obj)
                              (--whole-archive)
zephyr/libzephyr.a(timeutil.c.obj)
                              (--whole-archive)
zephyr/libzephyr.a(work_q.c.obj)
                              (--whole-archive)
zephyr/libzephyr.a(heap.c.obj)
                              (--whole-archive)
zephyr/libzephyr.a(heap-validate.c.obj)
                              (--whole-archive)
zephyr/libzephyr.a(ring_buffer.c.obj)
                              (--whole-archive)
zephyr/libzephyr.a(configs.c.obj)
                              (--whole-archive)
zephyr/libzephyr.a(validate_base_addresses.c.obj)
                              (--whole-archive)
zephyr/libzephyr.a(validate_enabled_instances.c.obj)
                              (--whole-archive)
zephyr/libzephyr.a(log_list.c.obj)
                              (--whole-archive)
zephyr/libzephyr.a(log_core.c.obj)
                              (--whole-archive)
zephyr/libzephyr.a(log_msg.c.obj)
                              (--whole-archive)
zephyr/libzephyr.a(log_output.c.obj)
                              (--whole-archive)
zephyr/libzephyr.a(log_backend_uart.c.obj)
                              (--whole-archive)
zephyr/libzephyr.a(log_backend_rtt.c.obj)
                              (--whole-archive)
zephyr/libzephyr.a(addr_utils.c.obj)
                              (--whole-archive)
zephyr/libzephyr.a(usb_device.c.obj)
                              (--whole-archive)
zephyr/libzephyr.a(usb_descriptor.c.obj)
                              (--whole-archive)
zephyr/libzephyr.a(usb_transfer.c.obj)
                              (--whole-archive)
zephyr/libzephyr.a(cdc_acm.c.obj)
                              (--whole-archive)
zephyr/libzephyr.a(flash_map.c.obj)
                              (--whole-archive)
zephyr/libzephyr.a(flash_map_default.c.obj)
                              (--whole-archive)
zephyr/libzephyr.a(power.c.obj)
                              (--whole-archive)
zephyr/libzephyr.a(reboot.c.obj)
                              (--whole-archive)
zephyr/libzephyr.a(policy_residency.c.obj)
                              (--whole-archive)
zephyr/libzephyr.a(uart_console.c.obj)
                              (--whole-archive)
zephyr/libzephyr.a(rtt_console.c.obj)
                              (--whole-archive)
zephyr/libzephyr.a(nrf_power_clock.c.obj)
                              (--whole-archive)
zephyr/libzephyr.a(usb_dc_nrfx.c.obj)
                              (--whole-archive)
zephyr/libzephyr.a(hwinfo_weak_impl.c.obj)
                              (--whole-archive)
zephyr/libzephyr.a(hwinfo_nrf.c.obj)
                              (--whole-archive)
zephyr/libzephyr.a(sys_clock_init.c.obj)
                              (--whole-archive)
zephyr/libzephyr.a(nrf_rtc_timer.c.obj)
                              (--whole-archive)
zephyr/libzephyr.a(SEGGER_RTT.c.obj)
                              (--whole-archive)
zephyr/libzephyr.a(SEGGER_RTT_zephyr.c.obj)
                              (--whole-archive)
zephyr/arch/common/libarch__common.a(isr_tables.c.obj)
                              (--whole-archive)
zephyr/arch/common/libarch__common.a(sw_isr_common.c.obj)
                              (--whole-archive)
zephyr/arch/arch/arm/core/aarch32/libarch__arm__core__aarch32.a(swap.c.obj)
                              (--whole-archive)
zephyr/arch/arch/arm/core/aarch32/libarch__arm__core__aarch32.a(swap_helper.S.obj)
[...]
Memory Configuration

Name             Origin             Length             Attributes
FLASH            0x0000000000000000 0x0000000000100000 xr
SRAM             0x0000000020000000 0x0000000000040000 xw
IDT_LIST         0x0000000020040000 0x0000000000000800 xw
*default*        0x0000000000000000 0xffffffffffffffff

Linker script and memory map

LOAD zephyr/CMakeFiles/zephyr_prebuilt.dir/misc/empty_file.c.obj
                0x0000000000000020                _region_min_align = 0x20

.rel.plt        0x0000000000000000        0x0
 *(SORT_BY_ALIGNMENT(.rel.plt))
                [!provide]                        PROVIDE (__rel_iplt_start = .)
 *(SORT_BY_ALIGNMENT(.rel.iplt))
 .rel.iplt      0x0000000000000000        0x0 app/libapp.a(adv.c.obj)
                [!provide]                        PROVIDE (__rel_iplt_end = .)

.rela.plt       0x0000000000000000        0x0
 *(SORT_BY_ALIGNMENT(.rela.plt))
                [!provide]                        PROVIDE (__rela_iplt_start = .)
 *(SORT_BY_ALIGNMENT(.rela.iplt))
                [!provide]                        PROVIDE (__rela_iplt_end = .)

.rel.dyn
 *(SORT_BY_ALIGNMENT(.rel.*))

.rela.dyn
 *(SORT_BY_ALIGNMENT(.rela.*))

/DISCARD/
 *(SORT_BY_ALIGNMENT(.plt))
 *(SORT_BY_ALIGNMENT(.iplt))
 *(SORT_BY_ALIGNMENT(.got.plt))
 *(SORT_BY_ALIGNMENT(.igot.plt))
 *(SORT_BY_ALIGNMENT(.got))
 *(SORT_BY_ALIGNMENT(.igot))
 *(SORT_BY_ALIGNMENT(.note.GNU-stack))
                0x0000000000000000                _image_rom_start = 0x0

rom_start       0x0000000000000000      0x100
                0x0000000000000000                . = 0x0
                0x0000000000000000                . = ALIGN (0x4)
                0x0000000000000000                _vector_start = .
 *(SORT_BY_ALIGNMENT(.exc_vector_table))
 *(SORT_BY_ALIGNMENT(.exc_vector_table.*))
 .exc_vector_table._vector_table_section
                0x0000000000000000       0x40 zephyr/arch/arch/arm/core/aarch32/cortex_m/libarch__arm__core__aarch32__cortex_m.a(vector_table.S.obj)
                0x0000000000000000                _vector_table
 *(SORT_BY_ALIGNMENT(.gnu.linkonce.irq_vector_table))
 .gnu.linkonce.irq_vector_table
                0x0000000000000040       0xc0 zephyr/arch/common/libarch__common.a(isr_tables.c.obj)
                0x0000000000000040                _irq_vector_table
 *(SORT_BY_ALIGNMENT(.vectors))
                0x0000000000000100                _vector_end = .
 *(SORT_BY_ALIGNMENT(.openocd_dbg))
 *(SORT_BY_ALIGNMENT(.openocd_dbg.*))

text            0x0000000000000100    0x191b6
                0x0000000000000100                _image_text_start = .
 *(SORT_BY_ALIGNMENT(.text))
 .text          0x0000000000000100      0x764 app/libapp.a(x25519-cortex-m4-gcc.s.obj)
                0x0000000000000100                fe25519_add
                0x0000000000000158                fe25519_sub
                0x00000000000001ba                fe25519_mul
                0x000000000000037a                fe25519_sqr
                0x00000000000004d2                fe25519_sqr_many
                0x0000000000000506                curve25519_scalarmult
 .text          0x0000000000000864       0xa0 /Users/nams/Downloads/gcc-arm-none-eabi-9-2019-q4-major/bin/../lib/gcc/arm-none-eabi/9.2.1/thumb/v7e-m/nofp/libgcc.a(_aeabi_ldivmod.o)
                0x0000000000000864                __aeabi_ldivmod
 .text          0x0000000000000904       0x30 /Users/nams/Downloads/gcc-arm-none-eabi-9-2019-q4-major/bin/../lib/gcc/arm-none-eabi/9.2.1/thumb/v7e-m/nofp/libgcc.a(_aeabi_uldivmod.o)
                0x0000000000000904                __aeabi_uldivmod
 .text          0x0000000000000934       0x28 /Users/nams/Downloads/gcc-arm-none-eabi-9-2019-q4-major/bin/../lib/gcc/arm-none-eabi/9.2.1/thumb/v7e-m/nofp/libgcc.a(_popcountsi2.o)
                0x0000000000000934                __popcountsi2
 .text          0x000000000000095c      0x2c0 /Users/nams/Downloads/gcc-arm-none-eabi-9-2019-q4-major/bin/../lib/gcc/arm-none-eabi/9.2.1/thumb/v7e-m/nofp/libgcc.a(_udivmoddi4.o)
                0x000000000000095c                __udivmoddi4
 .text          0x0000000000000c1c        0x4 /Users/nams/Downloads/gcc-arm-none-eabi-9-2019-q4-major/bin/../lib/gcc/arm-none-eabi/9.2.1/thumb/v7e-m/nofp/libgcc.a(_dvmd_tls.o)
                0x0000000000000c1c                __aeabi_ldiv0
                0x0000000000000c1c                __aeabi_idiv0
 *(SORT_BY_ALIGNMENT(.text.*))
 .text.ll_adv_enable
                0x0000000000000c20      0x1c0 zephyr/subsys/bluetooth/controller/libsubsys__bluetooth__controller.a(ull_adv.c.obj)
                0x0000000000000c20                ll_adv_enable
 .text.ull_scan_enable
                0x0000000000000de0       0xfc zephyr/subsys/bluetooth/controller/libsubsys__bluetooth__controller.a(ull_scan.c.obj)
                0x0000000000000de0                ull_scan_enable
 *fill*         0x0000000000000edc        0x4 
 .text.ll_scan_params_set
                0x0000000000000ee0       0x6c zephyr/subsys/bluetooth/controller/libsubsys__bluetooth__controller.a(ull_scan.c.obj)
                0x0000000000000ee0                ll_scan_params_set
 *fill*         0x0000000000000f4c        0x4 
 .text.erase_op
                0x0000000000000f50       0x8c zephyr/drivers/flash/libdrivers__flash.a(soc_flash_nrf.c.obj)
 *fill*         0x0000000000000fdc        0x4 
 .text.work_in_time_slice
                0x0000000000000fe0       0xf0 zephyr/drivers/flash/libdrivers__flash.a(soc_flash_nrf.c.obj)
 .text.write_op
                0x00000000000010d0       0xa0 zephyr/drivers/flash/libdrivers__flash.a(soc_flash_nrf.c.obj)
 .text.bt_init  0x0000000000001170       0x3c app/libapp.a(adv.c.obj)
                0x0000000000001170                bt_init
 .text.update_public_key
                0x00000000000011ac       0xa4 app/libapp.a(adv.c.obj)
                0x00000000000011ac                update_public_key
 .text.bt_adv   0x0000000000001250      0x158 app/libapp.a(adv.c.obj)
                0x0000000000001250                bt_adv
 .text.button_pressed
                0x00000000000013a8       0x10 app/libapp.a(button.c.obj)
                0x00000000000013a8                button_pressed
 .text.button_init
                0x00000000000013b8       0x60 app/libapp.a(button.c.obj)
                0x00000000000013b8                button_init
 .text.ls       0x0000000000001418       0xd8 app/libapp.a(file.c.obj)
                0x0000000000001418                ls
 .text.flash_close
                0x00000000000014f0       0x24 app/libapp.a(file.c.obj)
                0x00000000000014f0                flash_close
 .text.flash_init
                0x0000000000001514      0x1f4 app/libapp.a(file.c.obj)
                0x0000000000001514                flash_init
 .text.led_init
                0x0000000000001708       0xa0 app/libapp.a(led.c.obj)
                0x0000000000001708                led_init
 .text.cdc_interrupt_handler
                0x00000000000017a8       0xf4 app/libapp.a(main.c.obj)
 .text.cdc_init
                0x000000000000189c       0x30 app/libapp.a(main.c.obj)
                0x000000000000189c                cdc_init
 .text.usb_init
                0x00000000000018cc       0x28 app/libapp.a(main.c.obj)
                0x00000000000018cc                usb_init
 .text.dtr_init
                0x00000000000018f4       0xe0 app/libapp.a(main.c.obj)
                0x00000000000018f4                dtr_init
 .text.clear_encounter
                0x00000000000019d4       0x78 app/libapp.a(main.c.obj)
                0x00000000000019d4                clear_encounter
 .text.uart_print
                0x0000000000001a4c       0x38 app/libapp.a(main.c.obj)
                0x0000000000001a4c                uart_print
 .text.uart_printf
                0x0000000000001a84       0x58 app/libapp.a(main.c.obj)
                0x0000000000001a84                uart_printf
 .text.write_time
                0x0000000000001adc       0x5c app/libapp.a(main.c.obj)
                0x0000000000001adc                write_time
 .text.read_time
                0x0000000000001b38       0x58 app/libapp.a(main.c.obj)
                0x0000000000001b38                read_time
 .text.got_g    0x0000000000001b90       0xe8 app/libapp.a(main.c.obj)
                0x0000000000001b90                got_g
 .text.cleanup_cache
                0x0000000000001c78       0x80 app/libapp.a(main.c.obj)
                0x0000000000001c78                cleanup_cache
 .text.flash_store
                0x0000000000001cf8       0x9c app/libapp.a(main.c.obj)
                0x0000000000001cf8                flash_store
 .text.parse_command
                0x0000000000001d94      0x284 app/libapp.a(main.c.obj)
                0x0000000000001d94                parse_command
 .text.main     0x0000000000002018      0x120 app/libapp.a(main.c.obj)
                0x0000000000002018                main
 .text.bt_addr_le_to_str.constprop.0
                0x0000000000002138       0x78 app/libapp.a(scan.c.obj)
 .text.uart_ch_rssi
                0x00000000000021b0       0x30 app/libapp.a(scan.c.obj)
                0x00000000000021b0                uart_ch_rssi
 .text.in_encounters_fifo
                0x00000000000021e0       0x3c app/libapp.a(scan.c.obj)
                0x00000000000021e0                in_encounters_fifo
 .text.scan_cb_orig
                0x000000000000221c      0x248 app/libapp.a(scan.c.obj)
 .text.start_scan
                0x0000000000002464       0x34 app/libapp.a(scan.c.obj)
                0x0000000000002464                start_scan
 .text.stop_scan
                0x0000000000002498       0x28 app/libapp.a(scan.c.obj)
                0x0000000000002498                stop_scan
 .text.sys_mutex_unlock
                0x00000000000024c0       0x28 zephyr/libzephyr.a(mempool.c.obj)
 .text._printk_dec_ulong
                0x00000000000024e8       0xa0 zephyr/libzephyr.a(printk.c.obj)
 .text.__printk_hook_install
                0x0000000000002588        0xc zephyr/libzephyr.a(printk.c.obj)
                0x0000000000002588                __printk_hook_install
 .text.z_vprintk
                0x0000000000002594      0x328 zephyr/libzephyr.a(printk.c.obj)
                0x0000000000002594                z_vprintk
 .text.vsnprintk
                0x00000000000028bc       0x28 zephyr/libzephyr.a(printk.c.obj)
                0x00000000000028bc                vsnprintk
 .text.enable_logger
                0x00000000000028e4       0x54 zephyr/libzephyr.a(log_core.c.obj)
 .text.log_process_thread_timer_expiry_fn
                0x0000000000002938        0xc zephyr/libzephyr.a(log_core.c.obj)
 .text.log_core_init
                0x0000000000002944       0x40 zephyr/libzephyr.a(log_core.c.obj)
                0x0000000000002944                log_core_init
 .text.dropped_notify
                0x0000000000002984       0x4c zephyr/libzephyr.a(log_core.c.obj)
                0x0000000000002984                dropped_notify
 .text.log_dropped
                0x00000000000029d0       0x20 zephyr/libzephyr.a(log_core.c.obj)
                0x00000000000029d0                log_dropped
 .text.log_source_name_get
                0x00000000000029f0       0x1c zephyr/libzephyr.a(log_core.c.obj)
                0x00000000000029f0                log_source_name_get
 .text.log_backend_enable
                0x0000000000002a0c       0x34 zephyr/libzephyr.a(log_core.c.obj)
                0x0000000000002a0c                log_backend_enable
 .text.log_init
                0x0000000000002a40       0x54 zephyr/libzephyr.a(log_core.c.obj)
                0x0000000000002a40                log_init
 .text.log_strdup
                0x0000000000002a94       0x6c zephyr/libzephyr.a(log_core.c.obj)
                0x0000000000002a94                log_strdup
 .text.log_is_strdup
                0x0000000000002b00       0x1c zephyr/libzephyr.a(log_core.c.obj)
                0x0000000000002b00                log_is_strdup
 .text.z_impl_log_process
                0x0000000000002b1c      0x170 zephyr/libzephyr.a(log_core.c.obj)
                0x0000000000002b1c                z_impl_log_process
 .text.msg_finalize
                0x0000000000002c8c       0xb8 zephyr/libzephyr.a(log_core.c.obj)
 .text.log_process_thread_func
                0x0000000000002d44       0x44 zephyr/libzephyr.a(log_core.c.obj)
 .text.z_impl_log_panic
                0x0000000000002d88       0x48 zephyr/libzephyr.a(log_core.c.obj)
                0x0000000000002d88                z_impl_log_panic
 .text.log_free
                0x0000000000002dd0       0x34 zephyr/libzephyr.a(log_core.c.obj)
                0x0000000000002dd0                log_free
 .text.log_msg_pool_init
                0x0000000000002e04       0x14 zephyr/libzephyr.a(log_msg.c.obj)
                0x0000000000002e04                log_msg_pool_init
 .text.log_msg_no_space_handle
                0x0000000000002e18       0x30 zephyr/libzephyr.a(log_msg.c.obj)
                0x0000000000002e18                log_msg_no_space_handle
 .text.log_msg_chunk_alloc
                0x0000000000002e48       0x24 zephyr/libzephyr.a(log_msg.c.obj)
                0x0000000000002e48                log_msg_chunk_alloc
 .text.msg_free
                0x0000000000002e6c       0x7c zephyr/libzephyr.a(log_msg.c.obj)
 .text.print_formatted
                0x0000000000002ee8       0x24 zephyr/libzephyr.a(log_output.c.obj)
 .text.prefix_print
                0x0000000000002f0c      0x11c zephyr/libzephyr.a(log_output.c.obj)
 .text.postfix_print
                0x0000000000003028       0x3c zephyr/libzephyr.a(log_output.c.obj)
 .text.hexdump_line_print
                0x0000000000003064       0xdc zephyr/libzephyr.a(log_output.c.obj)
 .text.log_output_msg_process
                0x0000000000003140       0xf8 zephyr/libzephyr.a(log_output.c.obj)
                0x0000000000003140                log_output_msg_process
 .text.log_output_dropped_process
                0x0000000000003238       0x54 zephyr/libzephyr.a(log_output.c.obj)
                0x0000000000003238                log_output_dropped_process
 .text.log_output_timestamp_freq_set
                0x000000000000328c       0x30 zephyr/libzephyr.a(log_output.c.obj)
                0x000000000000328c                log_output_timestamp_freq_set
 .text.panic    0x00000000000032bc        0xc zephyr/libzephyr.a(log_backend_uart.c.obj)
 .text.dropped  0x00000000000032c8        0xc zephyr/libzephyr.a(log_backend_uart.c.obj)
 .text.log_backend_uart_init
                0x00000000000032d4       0x18 zephyr/libzephyr.a(log_backend_uart.c.obj)
 .text.put      0x00000000000032ec       0x24 zephyr/libzephyr.a(log_backend_uart.c.obj)
 .text.log_backend_rtt_init
                0x0000000000003310        0xc zephyr/libzephyr.a(log_backend_rtt.c.obj)
 .text.panic    0x000000000000331c       0x18 zephyr/libzephyr.a(log_backend_rtt.c.obj)
 .text.dropped  0x0000000000003334        0xc zephyr/libzephyr.a(log_backend_rtt.c.obj)
 .text.put      0x0000000000003340       0x24 zephyr/libzephyr.a(log_backend_rtt.c.obj)
 .text.on_failed_write.part.0
                0x0000000000003364       0x18 zephyr/libzephyr.a(log_backend_rtt.c.obj)
 .text.data_out_block_mode
                0x000000000000337c       0x9c zephyr/libzephyr.a(log_backend_rtt.c.obj)
 .text.class_handler
                0x0000000000003418       0x54 zephyr/libzephyr.a(usb_device.c.obj)
 .text.custom_handler
                0x000000000000346c       0x54 zephyr/libzephyr.a(usb_device.c.obj)
 .text.vendor_handler
                0x00000000000034c0       0x50 zephyr/libzephyr.a(usb_device.c.obj)
 .text.set_endpoint
                0x0000000000003510       0x90 zephyr/libzephyr.a(usb_device.c.obj)
 .text.forward_status_cb
                0x00000000000035a0       0xac zephyr/libzephyr.a(usb_device.c.obj)
 .text.usb_handle_standard_request
                0x000000000000364c      0x274 zephyr/libzephyr.a(usb_device.c.obj)
 .text.usb_handle_request.constprop.0
                0x00000000000038c0       0x2c zephyr/libzephyr.a(usb_device.c.obj)
 .text.usb_data_to_host.isra.0
                0x00000000000038ec       0x3c zephyr/libzephyr.a(usb_device.c.obj)
 .text.usb_handle_control_transfer
                0x0000000000003928       0xf4 zephyr/libzephyr.a(usb_device.c.obj)
 .text.usb_set_config
                0x0000000000003a1c       0x2c zephyr/libzephyr.a(usb_device.c.obj)
                0x0000000000003a1c                usb_set_config
 .text.usb_device_init
                0x0000000000003a48       0x44 zephyr/libzephyr.a(usb_device.c.obj)
 .text.usb_enable
                0x0000000000003a8c       0xfc zephyr/libzephyr.a(usb_device.c.obj)
                0x0000000000003a8c                usb_enable
 .text.usb_update_sn_string_descriptor
                0x0000000000003b88       0x7c zephyr/libzephyr.a(usb_descriptor.c.obj)
                0x0000000000003b88                usb_update_sn_string_descriptor
 .text.usb_fix_descriptor
                0x0000000000003c04      0x234 zephyr/libzephyr.a(usb_descriptor.c.obj)
 .text.usb_get_device_descriptor
                0x0000000000003e38       0x38 zephyr/libzephyr.a(usb_descriptor.c.obj)
                0x0000000000003e38                usb_get_device_descriptor
 .text.k_work_submit_to_queue.constprop.0
                0x0000000000003e70       0x30 zephyr/libzephyr.a(usb_transfer.c.obj)
 .text.usb_transfer_work
                0x0000000000003ea0      0x130 zephyr/libzephyr.a(usb_transfer.c.obj)
 .text.usb_transfer_is_busy
                0x0000000000003fd0       0x30 zephyr/libzephyr.a(usb_transfer.c.obj)
                0x0000000000003fd0                usb_transfer_is_busy
 .text.usb_transfer_ep_callback
                0x0000000000004000       0x88 zephyr/libzephyr.a(usb_transfer.c.obj)
                0x0000000000004000                usb_transfer_ep_callback
 .text.usb_transfer
                0x0000000000004088      0x114 zephyr/libzephyr.a(usb_transfer.c.obj)
                0x0000000000004088                usb_transfer
 .text.usb_cancel_transfer
                0x000000000000419c       0x50 zephyr/libzephyr.a(usb_transfer.c.obj)
                0x000000000000419c                usb_cancel_transfer
 .text.usb_cancel_transfers
                0x00000000000041ec       0x44 zephyr/libzephyr.a(usb_transfer.c.obj)
                0x00000000000041ec                usb_cancel_transfers
 .text.usb_transfer_init
                0x0000000000004230       0x34 zephyr/libzephyr.a(usb_transfer.c.obj)
                0x0000000000004230                usb_transfer_init
 .text.tx_work_handler
                0x0000000000004264       0x54 zephyr/libzephyr.a(cdc_acm.c.obj)
 .text.cdc_acm_class_handle_req
                0x00000000000042b8       0x74 zephyr/libzephyr.a(cdc_acm.c.obj)
                0x00000000000042b8                cdc_acm_class_handle_req
 .text.cdc_acm_int_in
                0x000000000000432c       0x40 zephyr/libzephyr.a(cdc_acm.c.obj)
 .text.cdc_acm_send_notification
                0x000000000000436c       0x50 zephyr/libzephyr.a(cdc_acm.c.obj)
 .text.cdc_acm_init
                0x00000000000043bc       0x50 zephyr/libzephyr.a(cdc_acm.c.obj)
 .text.k_work_submit_to_queue.constprop.0
                0x000000000000440c       0x30 zephyr/libzephyr.a(cdc_acm.c.obj)
 .text.cdc_acm_read_cb
                0x000000000000443c       0x70 zephyr/libzephyr.a(cdc_acm.c.obj)
 .text.cdc_acm_reset_port
                0x00000000000044ac       0x40 zephyr/libzephyr.a(cdc_acm.c.obj)
 .text.cdc_acm_dev_status_cb
                0x00000000000044ec       0xf0 zephyr/libzephyr.a(cdc_acm.c.obj)
 .text.cdc_acm_fifo_fill
                0x00000000000045dc       0x6c zephyr/libzephyr.a(cdc_acm.c.obj)
 .text.cdc_acm_poll_out
                0x0000000000004648       0x24 zephyr/libzephyr.a(cdc_acm.c.obj)
 .text.cdc_acm_write_cb
                0x000000000000466c       0x40 zephyr/libzephyr.a(cdc_acm.c.obj)
 .text.get_flash_area_from_id
                0x00000000000046ac       0x30 zephyr/libzephyr.a(flash_map.c.obj)
 .text.flash_area_open
                0x00000000000046dc       0x28 zephyr/libzephyr.a(flash_map.c.obj)
                0x00000000000046dc                flash_area_open
 .text.uart_console_init
                0x0000000000004704       0x2c zephyr/libzephyr.a(uart_console.c.obj)
 .text.console_out
                0x0000000000004730       0x28 zephyr/libzephyr.a(uart_console.c.obj)
 .text.rtt_console_init
                0x0000000000004758       0x18 zephyr/libzephyr.a(rtt_console.c.obj)
 .text.rtt_console_out
                0x0000000000004770       0x64 zephyr/libzephyr.a(rtt_console.c.obj)
 .text.clkstarted_handle.constprop.0
                0x00000000000047d4       0x50 zephyr/libzephyr.a(nrf_power_clock.c.obj)
 .text.nrf_power_clock_isr
                0x0000000000004824       0xa4 zephyr/libzephyr.a(nrf_power_clock.c.obj)
                0x0000000000004824                nrf_power_clock_isr
 .text.usbd_evt_put
                0x00000000000048c8        0xc zephyr/libzephyr.a(usb_dc_nrfx.c.obj)
 .text.endpoint_ctx
                0x00000000000048d4       0x54 zephyr/libzephyr.a(usb_dc_nrfx.c.obj)
 .text.hf_clock_enable.constprop.0
                0x0000000000004928       0x98 zephyr/libzephyr.a(usb_dc_nrfx.c.obj)
 .text.usbd_work_schedule
                0x00000000000049c0       0x30 zephyr/libzephyr.a(usb_dc_nrfx.c.obj)
 .text.usbd_evt_flush
                0x00000000000049f0       0x1c zephyr/libzephyr.a(usb_dc_nrfx.c.obj)
 .text.usbd_evt_alloc
                0x0000000000004a0c       0x8c zephyr/libzephyr.a(usb_dc_nrfx.c.obj)
 .text.usbd_event_transfer_data
                0x0000000000004a98       0xd4 zephyr/libzephyr.a(usb_dc_nrfx.c.obj)
 .text.usbd_event_handler
                0x0000000000004b6c      0x164 zephyr/libzephyr.a(usb_dc_nrfx.c.obj)
 .text.eps_ctx_init
                0x0000000000004cd0      0x154 zephyr/libzephyr.a(usb_dc_nrfx.c.obj)
 .text.usbd_work_handler
                0x0000000000004e24      0x2e0 zephyr/libzephyr.a(usb_dc_nrfx.c.obj)
 .text.usb_dc_nrfx_power_event_callback
                0x0000000000005104       0x68 zephyr/libzephyr.a(usb_dc_nrfx.c.obj)
                0x0000000000005104                usb_dc_nrfx_power_event_callback
 .text.usb_dc_attach
                0x000000000000516c       0x98 zephyr/libzephyr.a(usb_dc_nrfx.c.obj)
                0x000000000000516c                usb_dc_attach
 .text.usb_dc_set_address
                0x0000000000005204       0x20 zephyr/libzephyr.a(usb_dc_nrfx.c.obj)
                0x0000000000005204                usb_dc_set_address
 .text.usb_dc_ep_check_cap
                0x0000000000005224       0x60 zephyr/libzephyr.a(usb_dc_nrfx.c.obj)
                0x0000000000005224                usb_dc_ep_check_cap
 .text.usb_dc_ep_configure
                0x0000000000005284       0x60 zephyr/libzephyr.a(usb_dc_nrfx.c.obj)
                0x0000000000005284                usb_dc_ep_configure
 .text.usb_dc_ep_set_stall
                0x00000000000052e4       0x6c zephyr/libzephyr.a(usb_dc_nrfx.c.obj)
                0x00000000000052e4                usb_dc_ep_set_stall
 .text.usb_dc_ep_clear_stall
                0x0000000000005350       0x34 zephyr/libzephyr.a(usb_dc_nrfx.c.obj)
                0x0000000000005350                usb_dc_ep_clear_stall
 .text.usb_dc_ep_is_stalled
                0x0000000000005384       0x34 zephyr/libzephyr.a(usb_dc_nrfx.c.obj)
                0x0000000000005384                usb_dc_ep_is_stalled
 .text.usb_dc_ep_enable
                0x00000000000053b8       0x44 zephyr/libzephyr.a(usb_dc_nrfx.c.obj)
                0x00000000000053b8                usb_dc_ep_enable
 .text.usb_dc_ep_disable
                0x00000000000053fc       0x3c zephyr/libzephyr.a(usb_dc_nrfx.c.obj)
                0x00000000000053fc                usb_dc_ep_disable
 .text.usb_dc_ep_write
                0x0000000000005438      0x110 zephyr/libzephyr.a(usb_dc_nrfx.c.obj)
                0x0000000000005438                usb_dc_ep_write
 .text.usb_dc_ep_read_wait
                0x0000000000005548       0xb0 zephyr/libzephyr.a(usb_dc_nrfx.c.obj)
                0x0000000000005548                usb_dc_ep_read_wait
 .text.usb_dc_ep_read_continue
                0x00000000000055f8       0x94 zephyr/libzephyr.a(usb_dc_nrfx.c.obj)
                0x00000000000055f8                usb_dc_ep_read_continue
 .text.usb_dc_ep_set_callback
                0x000000000000568c       0x24 zephyr/libzephyr.a(usb_dc_nrfx.c.obj)
                0x000000000000568c                usb_dc_ep_set_callback
 .text.usb_dc_set_status_callback
                0x00000000000056b0        0xc zephyr/libzephyr.a(usb_dc_nrfx.c.obj)
                0x00000000000056b0                usb_dc_set_status_callback
 .text.usb_dc_ep_mps
                0x00000000000056bc       0x24 zephyr/libzephyr.a(usb_dc_nrfx.c.obj)
                0x00000000000056bc                usb_dc_ep_mps
 .text.handle_next_tick_case
                0x00000000000056e0       0x28 zephyr/libzephyr.a(nrf_rtc_timer.c.obj)
 .text.event_clear
                0x0000000000005708       0x18 zephyr/libzephyr.a(nrf_rtc_timer.c.obj)
 .text.rtc1_nrf_isr
                0x0000000000005720       0x2c zephyr/libzephyr.a(nrf_rtc_timer.c.obj)
                0x0000000000005720                rtc1_nrf_isr
 .text.z_clock_driver_init
                0x000000000000574c       0x64 zephyr/libzephyr.a(nrf_rtc_timer.c.obj)
                0x000000000000574c                z_clock_driver_init
 .text.z_clock_set_timeout
                0x00000000000057b0       0xb0 zephyr/libzephyr.a(nrf_rtc_timer.c.obj)
                0x00000000000057b0                z_clock_set_timeout
 .text.z_clock_elapsed
                0x0000000000005860       0x34 zephyr/libzephyr.a(nrf_rtc_timer.c.obj)
                0x0000000000005860                z_clock_elapsed
 .text.z_timer_cycle_get_32
                0x0000000000005894       0x34 zephyr/libzephyr.a(nrf_rtc_timer.c.obj)
                0x0000000000005894                z_timer_cycle_get_32
 .text._DoInit  0x00000000000058c8       0x60 zephyr/libzephyr.a(SEGGER_RTT.c.obj)
 .text.SEGGER_RTT_WriteSkipNoLock
                0x0000000000005928       0x98 zephyr/libzephyr.a(SEGGER_RTT.c.obj)
                0x0000000000005928                SEGGER_RTT_WriteSkipNoLock
 .text.SEGGER_RTT_WriteNoLock
                0x00000000000059c0       0x68 zephyr/libzephyr.a(SEGGER_RTT.c.obj)
                0x00000000000059c0                SEGGER_RTT_WriteNoLock
 .text.SEGGER_RTT_HasDataUp
                0x0000000000005a28       0x14 zephyr/libzephyr.a(SEGGER_RTT.c.obj)
                0x0000000000005a28                SEGGER_RTT_HasDataUp
 .text.arch_swap
                0x0000000000005a3c       0x34 zephyr/arch/arch/arm/core/aarch32/libarch__arm__core__aarch32.a(swap.c.obj)
                0x0000000000005a3c                arch_swap
 .text.z_arm_pendsv
                0x0000000000005a70       0x48 zephyr/arch/arch/arm/core/aarch32/libarch__arm__core__aarch32.a(swap_helper.S.obj)
                0x0000000000005a70                z_arm_pendsv
 .text.z_arm_svc
                0x0000000000005ab8       0x20 zephyr/arch/arch/arm/core/aarch32/libarch__arm__core__aarch32.a(swap_helper.S.obj)
                0x0000000000005ab8                z_arm_svc
 .text.arch_irq_enable
                0x0000000000005ad8       0x20 zephyr/arch/arch/arm/core/aarch32/libarch__arm__core__aarch32.a(irq_manage.c.obj)
                0x0000000000005ad8                arch_irq_enable
 .text.arch_irq_disable
                0x0000000000005af8       0x28 zephyr/arch/arch/arm/core/aarch32/libarch__arm__core__aarch32.a(irq_manage.c.obj)
                0x0000000000005af8                arch_irq_disable
 .text.arch_irq_is_enabled
                0x0000000000005b20       0x1c zephyr/arch/arch/arm/core/aarch32/libarch__arm__core__aarch32.a(irq_manage.c.obj)
                0x0000000000005b20                arch_irq_is_enabled
 .text.z_arm_irq_priority_set
                0x0000000000005b3c       0x30 zephyr/arch/arch/arm/core/aarch32/libarch__arm__core__aarch32.a(irq_manage.c.obj)
                0x0000000000005b3c                z_arm_irq_priority_set
 .text._arch_isr_direct_pm
                0x0000000000005b6c       0x1c zephyr/arch/arch/arm/core/aarch32/libarch__arm__core__aarch32.a(irq_manage.c.obj)
                0x0000000000005b6c                _arch_isr_direct_pm
 .text.arch_new_thread
                0x0000000000005b88       0x34 zephyr/arch/arch/arm/core/aarch32/libarch__arm__core__aarch32.a(thread.c.obj)
                0x0000000000005b88                arch_new_thread
 .text.arch_switch_to_main_thread
                0x0000000000005bbc       0x38 zephyr/arch/arch/arm/core/aarch32/libarch__arm__core__aarch32.a(thread.c.obj)
                0x0000000000005bbc                arch_switch_to_main_thread
 .text.z_arm_cpu_idle_init
                0x0000000000005bf4        0xc zephyr/arch/arch/arm/core/aarch32/libarch__arm__core__aarch32.a(cpu_idle.S.obj)
                0x0000000000005bf4                z_arm_cpu_idle_init
 .text.arch_cpu_idle
                0x0000000000005c00       0x1c zephyr/arch/arch/arm/core/aarch32/libarch__arm__core__aarch32.a(cpu_idle.S.obj)
                0x0000000000005c00                arch_cpu_idle
 .text.z_arm_fatal_error
                0x0000000000005c1c       0x70 zephyr/arch/arch/arm/core/aarch32/libarch__arm__core__aarch32.a(fatal.c.obj)
                0x0000000000005c1c                z_arm_fatal_error
 .text.z_SysNmiOnReset
                0x0000000000005c8c        0x8 zephyr/arch/arch/arm/core/aarch32/libarch__arm__core__aarch32.a(nmi_on_reset.S.obj)
                0x0000000000005c8c                z_SysNmiOnReset
 .text.z_arm_prep_c
                0x0000000000005c94       0x44 zephyr/arch/arch/arm/core/aarch32/libarch__arm__core__aarch32.a(prep_c.c.obj)
                0x0000000000005c94                z_arm_prep_c
 .text._isr_wrapper
                0x0000000000005cd8       0x40 zephyr/arch/arch/arm/core/aarch32/libarch__arm__core__aarch32.a(isr_wrapper.S.obj)
                0x0000000000005cd8                _isr_wrapper
 .text._reset_section
                0x0000000000005d18       0x30 zephyr/arch/arch/arm/core/aarch32/cortex_m/libarch__arm__core__aarch32__cortex_m.a(reset.S.obj)
                0x0000000000005d18                z_arm_reset
                0x0000000000005d18                __start
 .text.__fault  0x0000000000005d48       0x14 zephyr/arch/arch/arm/core/aarch32/cortex_m/libarch__arm__core__aarch32__cortex_m.a(fault_s.S.obj)
                0x0000000000005d48                z_arm_bus_fault
                0x0000000000005d48                z_arm_usage_fault
                0x0000000000005d48                z_arm_mpu_fault
                0x0000000000005d48                z_arm_exc_spurious
                0x0000000000005d48                z_arm_debug_monitor
                0x0000000000005d48                z_arm_hard_fault
 .text.usage_fault.isra.0
                0x0000000000005d5c       0xb8 zephyr/arch/arch/arm/core/aarch32/cortex_m/libarch__arm__core__aarch32__cortex_m.a(fault.c.obj)
 .text.mem_manage_fault.isra.0
                0x0000000000005e14       0xcc zephyr/arch/arch/arm/core/aarch32/cortex_m/libarch__arm__core__aarch32__cortex_m.a(fault.c.obj)
 .text.bus_fault.isra.0
                0x0000000000005ee0       0xdc zephyr/arch/arch/arm/core/aarch32/cortex_m/libarch__arm__core__aarch32__cortex_m.a(fault.c.obj)
 .text.z_arm_fault
                0x0000000000005fbc      0x198 zephyr/arch/arch/arm/core/aarch32/cortex_m/libarch__arm__core__aarch32__cortex_m.a(fault.c.obj)
                0x0000000000005fbc                z_arm_fault
 .text.z_arm_fault_init
                0x0000000000006154       0x10 zephyr/arch/arch/arm/core/aarch32/cortex_m/libarch__arm__core__aarch32__cortex_m.a(fault.c.obj)
                0x0000000000006154                z_arm_fault_init
 .text._HandlerModeExit
                0x0000000000006164       0x1c zephyr/arch/arch/arm/core/aarch32/cortex_m/libarch__arm__core__aarch32__cortex_m.a(exc_exit.S.obj)
                0x0000000000006164                z_arm_exc_exit
                0x0000000000006164                z_arm_int_exit
 .text.z_arm_interrupt_init
                0x0000000000006180       0x18 zephyr/arch/arch/arm/core/aarch32/cortex_m/libarch__arm__core__aarch32__cortex_m.a(irq_init.c.obj)
                0x0000000000006180                z_arm_interrupt_init
 .text.z_impl_k_thread_abort
                0x0000000000006198       0x4c zephyr/arch/arch/arm/core/aarch32/cortex_m/libarch__arm__core__aarch32__cortex_m.a(thread_abort.c.obj)
                0x0000000000006198                z_impl_k_thread_abort
 .text.z_arm_configure_static_mpu_regions
                0x00000000000061e4       0x38 zephyr/arch/arch/arm/core/aarch32/cortex_m/mpu/libarch__arm__core__aarch32__cortex_m__mpu.a(arm_core_mpu.c.obj)
                0x00000000000061e4                z_arm_configure_static_mpu_regions
 .text.mpu_configure_regions
                0x000000000000621c       0xc4 zephyr/arch/arch/arm/core/aarch32/cortex_m/mpu/libarch__arm__core__aarch32__cortex_m__mpu.a(arm_mpu.c.obj)
 .text.arm_core_mpu_enable
                0x00000000000062e0       0x14 zephyr/arch/arch/arm/core/aarch32/cortex_m/mpu/libarch__arm__core__aarch32__cortex_m__mpu.a(arm_mpu.c.obj)
                0x00000000000062e0                arm_core_mpu_enable
 .text.arm_core_mpu_disable
                0x00000000000062f4       0x10 zephyr/arch/arch/arm/core/aarch32/cortex_m/mpu/libarch__arm__core__aarch32__cortex_m__mpu.a(arm_mpu.c.obj)
                0x00000000000062f4                arm_core_mpu_disable
 .text.arm_mpu_init
                0x0000000000006304       0x5c zephyr/arch/arch/arm/core/aarch32/cortex_m/mpu/libarch__arm__core__aarch32__cortex_m__mpu.a(arm_mpu.c.obj)
 .text.arm_core_mpu_configure_static_mpu_regions
                0x0000000000006360       0x14 zephyr/arch/arch/arm/core/aarch32/cortex_m/mpu/libarch__arm__core__aarch32__cortex_m__mpu.a(arm_mpu.c.obj)
                0x0000000000006360                arm_core_mpu_configure_static_mpu_regions
 .text.z_prf    0x0000000000006374      0x9e0 zephyr/lib/libc/minimal/liblib__libc__minimal.a(prf.c.obj)
                0x0000000000006374                z_prf
 .text.__stdout_hook_install
                0x0000000000006d54        0xc zephyr/lib/libc/minimal/liblib__libc__minimal.a(stdout_console.c.obj)
                0x0000000000006d54                __stdout_hook_install
 .text.snprintf
                0x0000000000006d60       0x30 zephyr/lib/libc/minimal/liblib__libc__minimal.a(sprintf.c.obj)
                0x0000000000006d60                snprintf
 .text.sprintf  0x0000000000006d90       0x30 zephyr/lib/libc/minimal/liblib__libc__minimal.a(sprintf.c.obj)
                0x0000000000006d90                sprintf
 .text.vsnprintf
                0x0000000000006dc0       0x24 zephyr/lib/libc/minimal/liblib__libc__minimal.a(sprintf.c.obj)
                0x0000000000006dc0                vsnprintf
 .text.gmtime_r
                0x0000000000006de4      0x1cc zephyr/lib/libc/minimal/liblib__libc__minimal.a(gmtime.c.obj)
                0x0000000000006de4                gmtime_r
 .text.gmtime   0x0000000000006fb0        0xc zephyr/lib/libc/minimal/liblib__libc__minimal.a(gmtime.c.obj)
                0x0000000000006fb0                gmtime
 .text.nordicsemi_nrf52_init
                0x0000000000006fbc       0x30 zephyr/soc/arm/nordic_nrf/nrf52/libsoc__arm__nordic_nrf__nrf52.a(soc.c.obj)
 .text.arch_busy_wait
                0x0000000000006fec       0x14 zephyr/soc/arm/nordic_nrf/nrf52/libsoc__arm__nordic_nrf__nrf52.a(soc.c.obj)
                0x0000000000006fec                arch_busy_wait
 .text.bt_hex_real
                0x0000000000007000       0x44 zephyr/subsys/bluetooth/common/libsubsys__bluetooth__common.a(log.c.obj)
                0x0000000000007000                bt_hex_real
 .text.hci_vendor_event
                0x0000000000007044       0x38 zephyr/subsys/bluetooth/host/libsubsys__bluetooth__host.a(hci_core.c.obj)
 .text.handle_event
                0x000000000000707c       0x8c zephyr/subsys/bluetooth/host/libsubsys__bluetooth__host.a(hci_core.c.obj)
 .text.hci_le_meta_event
                0x0000000000007108       0x20 zephyr/subsys/bluetooth/host/libsubsys__bluetooth__host.a(hci_core.c.obj)
 .text.hci_cmd_done
                0x0000000000007128       0xf4 zephyr/subsys/bluetooth/host/libsubsys__bluetooth__host.a(hci_core.c.obj)
 .text.id_find  0x000000000000721c       0x34 zephyr/subsys/bluetooth/host/libsubsys__bluetooth__host.a(hci_core.c.obj)
 .text.le_adv_report
                0x0000000000007250      0x16c zephyr/subsys/bluetooth/host/libsubsys__bluetooth__host.a(hci_core.c.obj)
 .text.hci_cmd_status
                0x00000000000073bc       0x2c zephyr/subsys/bluetooth/host/libsubsys__bluetooth__host.a(hci_core.c.obj)
 .text.hci_cmd_complete
                0x00000000000073e8       0x30 zephyr/subsys/bluetooth/host/libsubsys__bluetooth__host.a(hci_core.c.obj)
 .text.valid_adv_param
                0x0000000000007418       0x74 zephyr/subsys/bluetooth/host/libsubsys__bluetooth__host.a(hci_core.c.obj)
 .text.bt_hci_cmd_create
                0x000000000000748c       0x6c zephyr/subsys/bluetooth/host/libsubsys__bluetooth__host.a(hci_core.c.obj)
                0x000000000000748c                bt_hci_cmd_create
 .text.bt_hci_cmd_send_sync
                0x00000000000074f8       0xec zephyr/subsys/bluetooth/host/libsubsys__bluetooth__host.a(hci_core.c.obj)
                0x00000000000074f8                bt_hci_cmd_send_sync
 .text.set_random_address
                0x00000000000075e4       0x5c zephyr/subsys/bluetooth/host/libsubsys__bluetooth__host.a(hci_core.c.obj)
 .text.set_le_scan_enable_legacy
                0x0000000000007640       0x78 zephyr/subsys/bluetooth/host/libsubsys__bluetooth__host.a(hci_core.c.obj)
 .text.le_adv_set_random_addr.isra.0
                0x00000000000076b8       0xb0 zephyr/subsys/bluetooth/host/libsubsys__bluetooth__host.a(hci_core.c.obj)
 .text.hci_set_ad
                0x0000000000007768       0xe0 zephyr/subsys/bluetooth/host/libsubsys__bluetooth__host.a(hci_core.c.obj)
 .text.le_adv_update.isra.0
                0x0000000000007848       0x94 zephyr/subsys/bluetooth/host/libsubsys__bluetooth__host.a(hci_core.c.obj)
 .text.set_le_adv_enable_legacy.constprop.0
                0x00000000000078dc       0x60 zephyr/subsys/bluetooth/host/libsubsys__bluetooth__host.a(hci_core.c.obj)
 .text.bt_le_scan_random_addr_check
                0x000000000000793c       0x10 zephyr/subsys/bluetooth/host/libsubsys__bluetooth__host.a(hci_core.c.obj)
                0x000000000000793c                bt_le_scan_random_addr_check
 .text.bt_le_scan_update
                0x000000000000794c       0x2c zephyr/subsys/bluetooth/host/libsubsys__bluetooth__host.a(hci_core.c.obj)
                0x000000000000794c                bt_le_scan_update
 .text.bt_data_parse
                0x0000000000007978       0x6c zephyr/subsys/bluetooth/host/libsubsys__bluetooth__host.a(hci_core.c.obj)
                0x0000000000007978                bt_data_parse
 .text.id_create.isra.0
                0x00000000000079e4       0x58 zephyr/subsys/bluetooth/host/libsubsys__bluetooth__host.a(hci_core.c.obj)
 .text.bt_send  0x0000000000007a3c       0x10 zephyr/subsys/bluetooth/host/libsubsys__bluetooth__host.a(hci_core.c.obj)
                0x0000000000007a3c                bt_send
 .text.hci_tx_thread
                0x0000000000007a4c      0x14c zephyr/subsys/bluetooth/host/libsubsys__bluetooth__host.a(hci_core.c.obj)
 .text.bt_recv  0x0000000000007b98       0xb0 zephyr/subsys/bluetooth/host/libsubsys__bluetooth__host.a(hci_core.c.obj)
                0x0000000000007b98                bt_recv
 .text.bt_recv_prio
                0x0000000000007c48       0xa0 zephyr/subsys/bluetooth/host/libsubsys__bluetooth__host.a(hci_core.c.obj)
                0x0000000000007c48                bt_recv_prio
 .text.bt_hci_driver_register
                0x0000000000007ce8       0x28 zephyr/subsys/bluetooth/host/libsubsys__bluetooth__host.a(hci_core.c.obj)
                0x0000000000007ce8                bt_hci_driver_register
 .text.bt_finalize_init
                0x0000000000007d10       0x24 zephyr/subsys/bluetooth/host/libsubsys__bluetooth__host.a(hci_core.c.obj)
                0x0000000000007d10                bt_finalize_init
 .text.bt_get_name
                0x0000000000007d34        0x8 zephyr/subsys/bluetooth/host/libsubsys__bluetooth__host.a(hci_core.c.obj)
                0x0000000000007d34                bt_get_name
 .text.bt_id_get
                0x0000000000007d3c       0x20 zephyr/subsys/bluetooth/host/libsubsys__bluetooth__host.a(hci_core.c.obj)
                0x0000000000007d3c                bt_id_get
 .text.bt_id_create
                0x0000000000007d5c       0x8c zephyr/subsys/bluetooth/host/libsubsys__bluetooth__host.a(hci_core.c.obj)
                0x0000000000007d5c                bt_id_create
 .text.bt_setup_public_id_addr
                0x0000000000007de8       0xa0 zephyr/subsys/bluetooth/host/libsubsys__bluetooth__host.a(hci_core.c.obj)
                0x0000000000007de8                bt_setup_public_id_addr
 .text.bt_read_static_addr
                0x0000000000007e88       0xb4 zephyr/subsys/bluetooth/host/libsubsys__bluetooth__host.a(hci_core.c.obj)
                0x0000000000007e88                bt_read_static_addr
 .text.bt_setup_random_id_addr
                0x0000000000007f3c       0x58 zephyr/subsys/bluetooth/host/libsubsys__bluetooth__host.a(hci_core.c.obj)
                0x0000000000007f3c                bt_setup_random_id_addr
 .text.hci_init
                0x0000000000007f94      0x350 zephyr/subsys/bluetooth/host/libsubsys__bluetooth__host.a(hci_core.c.obj)
 .text.bt_enable
                0x00000000000082e4      0x10c zephyr/subsys/bluetooth/host/libsubsys__bluetooth__host.a(hci_core.c.obj)
                0x00000000000082e4                bt_enable
 .text.init_work
                0x00000000000083f0       0x24 zephyr/subsys/bluetooth/host/libsubsys__bluetooth__host.a(hci_core.c.obj)
 .text.bt_le_adv_update_data
                0x0000000000008414       0x3c zephyr/subsys/bluetooth/host/libsubsys__bluetooth__host.a(hci_core.c.obj)
                0x0000000000008414                bt_le_adv_update_data
 .text.bt_le_adv_start_legacy
                0x0000000000008450      0x1d4 zephyr/subsys/bluetooth/host/libsubsys__bluetooth__host.a(hci_core.c.obj)
                0x0000000000008450                bt_le_adv_start_legacy
 .text.bt_le_adv_stop
                0x0000000000008624       0x4c zephyr/subsys/bluetooth/host/libsubsys__bluetooth__host.a(hci_core.c.obj)
                0x0000000000008624                bt_le_adv_stop
 .text.bt_le_scan_start
                0x0000000000008670      0x16c zephyr/subsys/bluetooth/host/libsubsys__bluetooth__host.a(hci_core.c.obj)
                0x0000000000008670                bt_le_scan_start
 .text.bt_le_scan_stop
                0x00000000000087dc       0x2c zephyr/subsys/bluetooth/host/libsubsys__bluetooth__host.a(hci_core.c.obj)
                0x00000000000087dc                bt_le_scan_stop
 .text.bt_buf_get_rx
                0x0000000000008808       0x20 zephyr/subsys/bluetooth/host/libsubsys__bluetooth__host.a(hci_core.c.obj)
                0x0000000000008808                bt_buf_get_rx
 .text.bt_buf_get_cmd_complete
                0x0000000000008828       0x4c zephyr/subsys/bluetooth/host/libsubsys__bluetooth__host.a(hci_core.c.obj)
                0x0000000000008828                bt_buf_get_cmd_complete
 .text.bt_buf_get_evt
                0x0000000000008874       0x40 zephyr/subsys/bluetooth/host/libsubsys__bluetooth__host.a(hci_core.c.obj)
                0x0000000000008874                bt_buf_get_evt
 .text.mayfly_init
                0x00000000000088b4       0x54 zephyr/subsys/bluetooth/controller/libsubsys__bluetooth__controller.a(mayfly.c.obj)
                0x00000000000088b4                mayfly_init
 .text.mayfly_enqueue
                0x0000000000008908       0xa0 zephyr/subsys/bluetooth/controller/libsubsys__bluetooth__controller.a(mayfly.c.obj)
                0x0000000000008908                mayfly_enqueue
 .text.mayfly_run
                0x00000000000089a8      0x17c zephyr/subsys/bluetooth/controller/libsubsys__bluetooth__controller.a(mayfly.c.obj)
                0x00000000000089a8                mayfly_run
 .text.util_rand
                0x0000000000008b24       0x2c zephyr/subsys/bluetooth/controller/libsubsys__bluetooth__controller.a(util.c.obj)
                0x0000000000008b24                util_rand
 .text.ticker_job
                0x0000000000008b50      0x794 zephyr/subsys/bluetooth/controller/libsubsys__bluetooth__controller.a(ticker.c.obj)
                0x0000000000008b50                ticker_job
 .text.ticker_init
                0x00000000000092e4       0x80 zephyr/subsys/bluetooth/controller/libsubsys__bluetooth__controller.a(ticker.c.obj)
                0x00000000000092e4                ticker_init
 .text.ticker_is_initialized
                0x0000000000009364       0x18 zephyr/subsys/bluetooth/controller/libsubsys__bluetooth__controller.a(ticker.c.obj)
                0x0000000000009364                ticker_is_initialized
 .text.ticker_trigger
                0x000000000000937c       0x24 zephyr/subsys/bluetooth/controller/libsubsys__bluetooth__controller.a(ticker.c.obj)
                0x000000000000937c                ticker_trigger
 .text.ticker_start_ext
                0x00000000000093a0       0x9c zephyr/subsys/bluetooth/controller/libsubsys__bluetooth__controller.a(ticker.c.obj)
                0x00000000000093a0                ticker_start_ext
 .text.ticker_update
                0x000000000000943c       0x90 zephyr/subsys/bluetooth/controller/libsubsys__bluetooth__controller.a(ticker.c.obj)
                0x000000000000943c                ticker_update
 .text.ticker_stop
                0x00000000000094cc       0x74 zephyr/subsys/bluetooth/controller/libsubsys__bluetooth__controller.a(ticker.c.obj)
                0x00000000000094cc                ticker_stop
 .text.ll_addr_get
                0x0000000000009540       0x34 zephyr/subsys/bluetooth/controller/libsubsys__bluetooth__controller.a(ll_addr.c.obj)
                0x0000000000009540                ll_addr_get
 .text.ll_addr_set
                0x0000000000009574       0x38 zephyr/subsys/bluetooth/controller/libsubsys__bluetooth__controller.a(ll_addr.c.obj)
                0x0000000000009574                ll_addr_set
 .text.hci_driver_init
                0x00000000000095ac       0x10 zephyr/subsys/bluetooth/controller/libsubsys__bluetooth__controller.a(hci_driver.c.obj)
 .text.hci_driver_send
                0x00000000000095bc       0x80 zephyr/subsys/bluetooth/controller/libsubsys__bluetooth__controller.a(hci_driver.c.obj)
 .text.prio_recv_thread
                0x000000000000963c       0x44 zephyr/subsys/bluetooth/controller/libsubsys__bluetooth__controller.a(hci_driver.c.obj)
 .text.recv_thread
                0x0000000000009680       0x98 zephyr/subsys/bluetooth/controller/libsubsys__bluetooth__controller.a(hci_driver.c.obj)
 .text.hci_driver_open
                0x0000000000009718       0xac zephyr/subsys/bluetooth/controller/libsubsys__bluetooth__controller.a(hci_driver.c.obj)
 .text.hci_cmd_complete
                0x00000000000097c4       0x20 zephyr/subsys/bluetooth/controller/libsubsys__bluetooth__controller.a(hci.c.obj)
                0x00000000000097c4                hci_cmd_complete
 .text.hci_vendor_cmd_handle_common
                0x00000000000097e4      0x114 zephyr/subsys/bluetooth/controller/libsubsys__bluetooth__controller.a(hci.c.obj)
                0x00000000000097e4                hci_vendor_cmd_handle_common
 .text.hci_cmd_handle
                0x00000000000098f8      0x41c zephyr/subsys/bluetooth/controller/libsubsys__bluetooth__controller.a(hci.c.obj)
                0x00000000000098f8                hci_cmd_handle
 .text.hci_evt_encode
                0x0000000000009d14      0x1c4 zephyr/subsys/bluetooth/controller/libsubsys__bluetooth__controller.a(hci.c.obj)
                0x0000000000009d14                hci_evt_encode
 .text.hci_init
                0x0000000000009ed8       0x30 zephyr/subsys/bluetooth/controller/libsubsys__bluetooth__controller.a(hci.c.obj)
                0x0000000000009ed8                hci_init
 .text.perform_lll_reset
                0x0000000000009f08       0x7c zephyr/subsys/bluetooth/controller/libsubsys__bluetooth__controller.a(ull.c.obj)
 .text.rx_alloc.constprop.0
                0x0000000000009f84       0x80 zephyr/subsys/bluetooth/controller/libsubsys__bluetooth__controller.a(ull.c.obj)
 .text.init_reset
                0x000000000000a004      0x118 zephyr/subsys/bluetooth/controller/libsubsys__bluetooth__controller.a(ull.c.obj)
 .text.ll_init  0x000000000000a11c       0xd0 zephyr/subsys/bluetooth/controller/libsubsys__bluetooth__controller.a(ull.c.obj)
                0x000000000000a11c                ll_init
 .text.ll_reset
                0x000000000000a1ec       0xdc zephyr/subsys/bluetooth/controller/libsubsys__bluetooth__controller.a(ull.c.obj)
                0x000000000000a1ec                ll_reset
 .text.ll_rx_get
                0x000000000000a2c8       0x24 zephyr/subsys/bluetooth/controller/libsubsys__bluetooth__controller.a(ull.c.obj)
                0x000000000000a2c8                ll_rx_get
 .text.ll_rx_dequeue
                0x000000000000a2ec       0x88 zephyr/subsys/bluetooth/controller/libsubsys__bluetooth__controller.a(ull.c.obj)
                0x000000000000a2ec                ll_rx_dequeue
 .text.ll_rx_mem_release
                0x000000000000a374       0xac zephyr/subsys/bluetooth/controller/libsubsys__bluetooth__controller.a(ull.c.obj)
                0x000000000000a374                ll_rx_mem_release
 .text.ll_rx_put
                0x000000000000a420        0xc zephyr/subsys/bluetooth/controller/libsubsys__bluetooth__controller.a(ull.c.obj)
                0x000000000000a420                ll_rx_put
 .text.ll_rx_sched
                0x000000000000a42c        0xc zephyr/subsys/bluetooth/controller/libsubsys__bluetooth__controller.a(ull.c.obj)
                0x000000000000a42c                ll_rx_sched
 .text.ll_radio_state_abort
                0x000000000000a438       0x3c zephyr/subsys/bluetooth/controller/libsubsys__bluetooth__controller.a(ull.c.obj)
                0x000000000000a438                ll_radio_state_abort
 .text.ull_ticker_status_give
                0x000000000000a474        0xc zephyr/subsys/bluetooth/controller/libsubsys__bluetooth__controller.a(ull.c.obj)
                0x000000000000a474                ull_ticker_status_give
 .text.ull_ticker_status_take
                0x000000000000a480       0x18 zephyr/subsys/bluetooth/controller/libsubsys__bluetooth__controller.a(ull.c.obj)
                0x000000000000a480                ull_ticker_status_take
 .text.ull_disable_mark
                0x000000000000a498       0x10 zephyr/subsys/bluetooth/controller/libsubsys__bluetooth__controller.a(ull.c.obj)
                0x000000000000a498                ull_disable_mark
 .text.ull_disable_unmark
                0x000000000000a4a8       0x1c zephyr/subsys/bluetooth/controller/libsubsys__bluetooth__controller.a(ull.c.obj)
                0x000000000000a4a8                ull_disable_unmark
 .text.ull_disable_mark_get
                0x000000000000a4c4        0xc zephyr/subsys/bluetooth/controller/libsubsys__bluetooth__controller.a(ull.c.obj)
                0x000000000000a4c4                ull_disable_mark_get
 .text.ull_disable
                0x000000000000a4d0       0x78 zephyr/subsys/bluetooth/controller/libsubsys__bluetooth__controller.a(ull.c.obj)
                0x000000000000a4d0                ull_disable
 .text.ull_pdu_rx_alloc_peek
                0x000000000000a548       0x30 zephyr/subsys/bluetooth/controller/libsubsys__bluetooth__controller.a(ull.c.obj)
                0x000000000000a548                ull_pdu_rx_alloc_peek
 .text.ull_pdu_rx_alloc
                0x000000000000a578       0x2c zephyr/subsys/bluetooth/controller/libsubsys__bluetooth__controller.a(ull.c.obj)
                0x000000000000a578                ull_pdu_rx_alloc
 .text.ull_rx_put
                0x000000000000a5a4        0xc zephyr/subsys/bluetooth/controller/libsubsys__bluetooth__controller.a(ull.c.obj)
                0x000000000000a5a4                ull_rx_put
 .text.ull_rx_sched
                0x000000000000a5b0       0x10 zephyr/subsys/bluetooth/controller/libsubsys__bluetooth__controller.a(ull.c.obj)
                0x000000000000a5b0                ull_rx_sched
 .text.ull_prepare_enqueue
                0x000000000000a5c0       0x68 zephyr/subsys/bluetooth/controller/libsubsys__bluetooth__controller.a(ull.c.obj)
                0x000000000000a5c0                ull_prepare_enqueue
 .text.ull_prepare_dequeue_get
                0x000000000000a628       0x1c zephyr/subsys/bluetooth/controller/libsubsys__bluetooth__controller.a(ull.c.obj)
                0x000000000000a628                ull_prepare_dequeue_get
 .text.rx_demux
                0x000000000000a644      0x1d0 zephyr/subsys/bluetooth/controller/libsubsys__bluetooth__controller.a(ull.c.obj)
 .text.ull_prepare_dequeue_iter
                0x000000000000a814       0x3c zephyr/subsys/bluetooth/controller/libsubsys__bluetooth__controller.a(ull.c.obj)
                0x000000000000a814                ull_prepare_dequeue_iter
 .text.ull_event_done
                0x000000000000a850       0x48 zephyr/subsys/bluetooth/controller/libsubsys__bluetooth__controller.a(ull.c.obj)
                0x000000000000a850                ull_event_done
 .text.ticker_cb
                0x000000000000a898       0xfc zephyr/subsys/bluetooth/controller/libsubsys__bluetooth__controller.a(ull_adv.c.obj)
 .text.ticker_op_update_cb
                0x000000000000a994       0x38 zephyr/subsys/bluetooth/controller/libsubsys__bluetooth__controller.a(ull_adv.c.obj)
 .text.ll_adv_params_set
                0x000000000000a9cc       0xd0 zephyr/subsys/bluetooth/controller/libsubsys__bluetooth__controller.a(ull_adv.c.obj)
                0x000000000000a9cc                ll_adv_params_set
 .text.ll_adv_data_set
                0x000000000000aa9c       0x80 zephyr/subsys/bluetooth/controller/libsubsys__bluetooth__controller.a(ull_adv.c.obj)
                0x000000000000aa9c                ll_adv_data_set
 .text.ll_adv_scan_rsp_set
                0x000000000000ab1c       0x70 zephyr/subsys/bluetooth/controller/libsubsys__bluetooth__controller.a(ull_adv.c.obj)
                0x000000000000ab1c                ll_adv_scan_rsp_set
 .text.ull_adv_lll_handle_get
                0x000000000000ab8c       0x14 zephyr/subsys/bluetooth/controller/libsubsys__bluetooth__controller.a(ull_adv.c.obj)
                0x000000000000ab8c                ull_adv_lll_handle_get
 .text.ull_adv_is_enabled_get
                0x000000000000aba0       0x1c zephyr/subsys/bluetooth/controller/libsubsys__bluetooth__controller.a(ull_adv.c.obj)
                0x000000000000aba0                ull_adv_is_enabled_get
 .text.disable.constprop.0
                0x000000000000abbc       0xe4 zephyr/subsys/bluetooth/controller/libsubsys__bluetooth__controller.a(ull_adv.c.obj)
 .text.ticker_cb
                0x000000000000aca0       0x80 zephyr/subsys/bluetooth/controller/libsubsys__bluetooth__controller.a(ull_scan.c.obj)
 .text.ull_scan_disable
                0x000000000000ad20       0xd4 zephyr/subsys/bluetooth/controller/libsubsys__bluetooth__controller.a(ull_scan.c.obj)
                0x000000000000ad20                ull_scan_disable
 .text.ull_scan_lll_handle_get
                0x000000000000adf4       0x14 zephyr/subsys/bluetooth/controller/libsubsys__bluetooth__controller.a(ull_scan.c.obj)
                0x000000000000adf4                ull_scan_lll_handle_get
 .text.ull_scan_is_enabled_get
                0x000000000000ae08       0x1c zephyr/subsys/bluetooth/controller/libsubsys__bluetooth__controller.a(ull_scan.c.obj)
                0x000000000000ae08                ull_scan_is_enabled_get
 .text.ull_scan_is_disabled_get
                0x000000000000ae24       0x1c zephyr/subsys/bluetooth/controller/libsubsys__bluetooth__controller.a(ull_scan.c.obj)
                0x000000000000ae24                ull_scan_is_disabled_get
 .text.ll_wl_clear
                0x000000000000ae40       0x2c zephyr/subsys/bluetooth/controller/libsubsys__bluetooth__controller.a(ull_filter.c.obj)
                0x000000000000ae40                ll_wl_clear
 .text.ll_wl_add
                0x000000000000ae6c       0x74 zephyr/subsys/bluetooth/controller/libsubsys__bluetooth__controller.a(ull_filter.c.obj)
                0x000000000000ae6c                ll_wl_add
 .text.ll_wl_remove
                0x000000000000aee0       0x90 zephyr/subsys/bluetooth/controller/libsubsys__bluetooth__controller.a(ull_filter.c.obj)
                0x000000000000aee0                ll_wl_remove
 .text.ull_filter_reset
                0x000000000000af70       0x18 zephyr/subsys/bluetooth/controller/libsubsys__bluetooth__controller.a(ull_filter.c.obj)
                0x000000000000af70                ull_filter_reset
 .text.ull_filter_lll_get
                0x000000000000af88       0x34 zephyr/subsys/bluetooth/controller/libsubsys__bluetooth__controller.a(ull_filter.c.obj)
                0x000000000000af88                ull_filter_lll_get
 .text.rtc0_nrf5_isr
                0x000000000000afbc       0x28 zephyr/subsys/bluetooth/controller/libsubsys__bluetooth__controller.a(lll.c.obj)
 .text.ticker_start_op_cb
                0x000000000000afe4       0x30 zephyr/subsys/bluetooth/controller/libsubsys__bluetooth__controller.a(lll.c.obj)
 .text.preempt_ticker_start
                0x000000000000b014       0x74 zephyr/subsys/bluetooth/controller/libsubsys__bluetooth__controller.a(lll.c.obj)
 .text.preempt  0x000000000000b088      0x108 zephyr/subsys/bluetooth/controller/libsubsys__bluetooth__controller.a(lll.c.obj)
 .text.prepare  0x000000000000b190       0x94 zephyr/subsys/bluetooth/controller/libsubsys__bluetooth__controller.a(lll.c.obj)
 .text.preempt_ticker_cb
                0x000000000000b224       0x3c zephyr/subsys/bluetooth/controller/libsubsys__bluetooth__controller.a(lll.c.obj)
 .text.lll_init
                0x000000000000b260       0x64 zephyr/subsys/bluetooth/controller/libsubsys__bluetooth__controller.a(lll.c.obj)
                0x000000000000b260                lll_init
 .text.lll_entropy_get
                0x000000000000b2c4       0x20 zephyr/subsys/bluetooth/controller/libsubsys__bluetooth__controller.a(lll.c.obj)
                0x000000000000b2c4                lll_entropy_get
 .text.lll_resume
                0x000000000000b2e4       0x4c zephyr/subsys/bluetooth/controller/libsubsys__bluetooth__controller.a(lll.c.obj)
                0x000000000000b2e4                lll_resume
 .text.lll_disable
                0x000000000000b330       0x80 zephyr/subsys/bluetooth/controller/libsubsys__bluetooth__controller.a(lll.c.obj)
                0x000000000000b330                lll_disable
 .text.lll_done
                0x000000000000b3b0       0x94 zephyr/subsys/bluetooth/controller/libsubsys__bluetooth__controller.a(lll.c.obj)
                0x000000000000b3b0                lll_done
 .text.lll_is_done
                0x000000000000b444       0x10 zephyr/subsys/bluetooth/controller/libsubsys__bluetooth__controller.a(lll.c.obj)
                0x000000000000b444                lll_is_done
 .text.lll_chan_set
                0x000000000000b454       0x64 zephyr/subsys/bluetooth/controller/libsubsys__bluetooth__controller.a(lll.c.obj)
                0x000000000000b454                lll_chan_set
 .text.lll_clock_init
                0x000000000000b4b8       0x28 zephyr/subsys/bluetooth/controller/libsubsys__bluetooth__controller.a(lll_clock.c.obj)
                0x000000000000b4b8                lll_clock_init
 .text.lll_hfclock_on
                0x000000000000b4e0       0x10 zephyr/subsys/bluetooth/controller/libsubsys__bluetooth__controller.a(lll_clock.c.obj)
                0x000000000000b4e0                lll_hfclock_on
 .text.lll_hfclock_off
                0x000000000000b4f0       0x10 zephyr/subsys/bluetooth/controller/libsubsys__bluetooth__controller.a(lll_clock.c.obj)
                0x000000000000b4f0                lll_hfclock_off
 .text.isr_cleanup
                0x000000000000b500       0x58 zephyr/subsys/bluetooth/controller/libsubsys__bluetooth__controller.a(lll_adv.c.obj)
 .text.isr_tx   0x000000000000b558       0x88 zephyr/subsys/bluetooth/controller/libsubsys__bluetooth__controller.a(lll_adv.c.obj)
 .text.abort_cb
                0x000000000000b5e0       0x54 zephyr/subsys/bluetooth/controller/libsubsys__bluetooth__controller.a(lll_adv.c.obj)
 .text.isr_rx   0x000000000000b634       0xf4 zephyr/subsys/bluetooth/controller/libsubsys__bluetooth__controller.a(lll_adv.c.obj)
 .text.chan_prepare
                0x000000000000b728       0xd4 zephyr/subsys/bluetooth/controller/libsubsys__bluetooth__controller.a(lll_adv.c.obj)
 .text.prepare_cb
                0x000000000000b7fc      0x114 zephyr/subsys/bluetooth/controller/libsubsys__bluetooth__controller.a(lll_adv.c.obj)
 .text.lll_adv_prepare
                0x000000000000b910       0x70 zephyr/subsys/bluetooth/controller/libsubsys__bluetooth__controller.a(lll_adv.c.obj)
                0x000000000000b910                lll_adv_prepare
 .text.ticker_stop_cb
                0x000000000000b980       0x18 zephyr/subsys/bluetooth/controller/libsubsys__bluetooth__controller.a(lll_scan.c.obj)
 .text.prepare_cb
                0x000000000000b998      0x1b8 zephyr/subsys/bluetooth/controller/libsubsys__bluetooth__controller.a(lll_scan.c.obj)
 .text.isr_common_done
                0x000000000000bb50       0x78 zephyr/subsys/bluetooth/controller/libsubsys__bluetooth__controller.a(lll_scan.c.obj)
 .text.isr_tx   0x000000000000bbc8       0xb0 zephyr/subsys/bluetooth/controller/libsubsys__bluetooth__controller.a(lll_scan.c.obj)
 .text.ticker_op_start_cb
                0x000000000000bc78       0x2c zephyr/subsys/bluetooth/controller/libsubsys__bluetooth__controller.a(lll_scan.c.obj)
 .text.abort_cb
                0x000000000000bca4       0x54 zephyr/subsys/bluetooth/controller/libsubsys__bluetooth__controller.a(lll_scan.c.obj)
 .text.is_abort_cb
                0x000000000000bcf8       0x88 zephyr/subsys/bluetooth/controller/libsubsys__bluetooth__controller.a(lll_scan.c.obj)
 .text.isr_cleanup
                0x000000000000bd80       0x80 zephyr/subsys/bluetooth/controller/libsubsys__bluetooth__controller.a(lll_scan.c.obj)
 .text.isr_rx_scan_report.isra.0
                0x000000000000be00       0x54 zephyr/subsys/bluetooth/controller/libsubsys__bluetooth__controller.a(lll_scan.c.obj)
 .text.isr_rx   0x000000000000be54      0x224 zephyr/subsys/bluetooth/controller/libsubsys__bluetooth__controller.a(lll_scan.c.obj)
 .text.lll_scan_prepare
                0x000000000000c078       0x70 zephyr/subsys/bluetooth/controller/libsubsys__bluetooth__controller.a(lll_scan.c.obj)
                0x000000000000c078                lll_scan_prepare
 .text.cntr_init
                0x000000000000c0e8       0x1c zephyr/subsys/bluetooth/controller/libsubsys__bluetooth__controller.a(cntr.c.obj)
                0x000000000000c0e8                cntr_init
 .text.cntr_start
                0x000000000000c104       0x1c zephyr/subsys/bluetooth/controller/libsubsys__bluetooth__controller.a(cntr.c.obj)
                0x000000000000c104                cntr_start
 .text.cntr_stop
                0x000000000000c120       0x4c zephyr/subsys/bluetooth/controller/libsubsys__bluetooth__controller.a(cntr.c.obj)
                0x000000000000c120                cntr_stop
 .text.cntr_cnt_get
                0x000000000000c16c        0xc zephyr/subsys/bluetooth/controller/libsubsys__bluetooth__controller.a(cntr.c.obj)
                0x000000000000c16c                cntr_cnt_get
 .text.cntr_cmp_set
                0x000000000000c178       0x10 zephyr/subsys/bluetooth/controller/libsubsys__bluetooth__controller.a(cntr.c.obj)
                0x000000000000c178                cntr_cmp_set
 .text.do_ecb   0x000000000000c188       0x58 zephyr/subsys/bluetooth/controller/libsubsys__bluetooth__controller.a(ecb.c.obj)
 .text.hal_radio_enable_on_tick_ppi_config_and_enable
                0x000000000000c1e0       0x28 zephyr/subsys/bluetooth/controller/libsubsys__bluetooth__controller.a(radio.c.obj)
 .text.sw_switch.isra.0
                0x000000000000c208       0xc4 zephyr/subsys/bluetooth/controller/libsubsys__bluetooth__controller.a(radio.c.obj)
 .text.isr_radio
                0x000000000000c2cc       0x20 zephyr/subsys/bluetooth/controller/libsubsys__bluetooth__controller.a(radio.c.obj)
                0x000000000000c2cc                isr_radio
 .text.radio_isr_set
                0x000000000000c2ec       0x40 zephyr/subsys/bluetooth/controller/libsubsys__bluetooth__controller.a(radio.c.obj)
                0x000000000000c2ec                radio_isr_set
 .text.radio_reset
                0x000000000000c32c       0x48 zephyr/subsys/bluetooth/controller/libsubsys__bluetooth__controller.a(radio.c.obj)
                0x000000000000c32c                radio_reset
 .text.radio_phy_set
                0x000000000000c374       0x20 zephyr/subsys/bluetooth/controller/libsubsys__bluetooth__controller.a(radio.c.obj)
                0x000000000000c374                radio_phy_set
 .text.radio_tx_power_set
                0x000000000000c394        0xc zephyr/subsys/bluetooth/controller/libsubsys__bluetooth__controller.a(radio.c.obj)
                0x000000000000c394                radio_tx_power_set
 .text.radio_freq_chan_set
                0x000000000000c3a0        0xc zephyr/subsys/bluetooth/controller/libsubsys__bluetooth__controller.a(radio.c.obj)
                0x000000000000c3a0                radio_freq_chan_set
 .text.radio_whiten_iv_set
                0x000000000000c3ac       0x24 zephyr/subsys/bluetooth/controller/libsubsys__bluetooth__controller.a(radio.c.obj)
                0x000000000000c3ac                radio_whiten_iv_set
 .text.radio_aa_set
                0x000000000000c3d0       0x30 zephyr/subsys/bluetooth/controller/libsubsys__bluetooth__controller.a(radio.c.obj)
                0x000000000000c3d0                radio_aa_set
 .text.radio_pkt_configure
                0x000000000000c400       0x58 zephyr/subsys/bluetooth/controller/libsubsys__bluetooth__controller.a(radio.c.obj)
                0x000000000000c400                radio_pkt_configure
 .text.radio_pkt_rx_set
                0x000000000000c458        0xc zephyr/subsys/bluetooth/controller/libsubsys__bluetooth__controller.a(radio.c.obj)
                0x000000000000c458                radio_pkt_rx_set
 .text.radio_pkt_tx_set
                0x000000000000c464        0xc zephyr/subsys/bluetooth/controller/libsubsys__bluetooth__controller.a(radio.c.obj)
                0x000000000000c464                radio_pkt_tx_set
 .text.radio_rx_enable
                0x000000000000c470        0xc zephyr/subsys/bluetooth/controller/libsubsys__bluetooth__controller.a(radio.c.obj)
                0x000000000000c470                radio_rx_enable
 .text.radio_tx_enable
                0x000000000000c47c        0xc zephyr/subsys/bluetooth/controller/libsubsys__bluetooth__controller.a(radio.c.obj)
                0x000000000000c47c                radio_tx_enable
 .text.radio_disable
                0x000000000000c488       0x24 zephyr/subsys/bluetooth/controller/libsubsys__bluetooth__controller.a(radio.c.obj)
                0x000000000000c488                radio_disable
 .text.radio_status_reset
                0x000000000000c4ac       0x18 zephyr/subsys/bluetooth/controller/libsubsys__bluetooth__controller.a(radio.c.obj)
                0x000000000000c4ac                radio_status_reset
 .text.radio_is_ready
                0x000000000000c4c4       0x14 zephyr/subsys/bluetooth/controller/libsubsys__bluetooth__controller.a(radio.c.obj)
                0x000000000000c4c4                radio_is_ready
 .text.radio_is_done
                0x000000000000c4d8       0x14 zephyr/subsys/bluetooth/controller/libsubsys__bluetooth__controller.a(radio.c.obj)
                0x000000000000c4d8                radio_is_done
 .text.radio_is_idle
                0x000000000000c4ec       0x14 zephyr/subsys/bluetooth/controller/libsubsys__bluetooth__controller.a(radio.c.obj)
                0x000000000000c4ec                radio_is_idle
 .text.radio_crc_configure
                0x000000000000c500       0x18 zephyr/subsys/bluetooth/controller/libsubsys__bluetooth__controller.a(radio.c.obj)
                0x000000000000c500                radio_crc_configure
 .text.radio_crc_is_valid
                0x000000000000c518       0x14 zephyr/subsys/bluetooth/controller/libsubsys__bluetooth__controller.a(radio.c.obj)
                0x000000000000c518                radio_crc_is_valid
 .text.radio_pkt_scratch_get
                0x000000000000c52c        0x8 zephyr/subsys/bluetooth/controller/libsubsys__bluetooth__controller.a(radio.c.obj)
                0x000000000000c52c                radio_pkt_scratch_get
 .text.radio_switch_complete_and_rx
                0x000000000000c534       0x18 zephyr/subsys/bluetooth/controller/libsubsys__bluetooth__controller.a(radio.c.obj)
                0x000000000000c534                radio_switch_complete_and_rx
 .text.radio_switch_complete_and_tx
                0x000000000000c54c       0x14 zephyr/subsys/bluetooth/controller/libsubsys__bluetooth__controller.a(radio.c.obj)
                0x000000000000c54c                radio_switch_complete_and_tx
 .text.radio_switch_complete_and_disable
                0x000000000000c560       0x1c zephyr/subsys/bluetooth/controller/libsubsys__bluetooth__controller.a(radio.c.obj)
                0x000000000000c560                radio_switch_complete_and_disable
 .text.radio_rssi_measure
                0x000000000000c57c       0x14 zephyr/subsys/bluetooth/controller/libsubsys__bluetooth__controller.a(radio.c.obj)
                0x000000000000c57c                radio_rssi_measure
 .text.radio_rssi_get
                0x000000000000c590        0xc zephyr/subsys/bluetooth/controller/libsubsys__bluetooth__controller.a(radio.c.obj)
                0x000000000000c590                radio_rssi_get
 .text.radio_rssi_status_reset
                0x000000000000c59c       0x10 zephyr/subsys/bluetooth/controller/libsubsys__bluetooth__controller.a(radio.c.obj)
                0x000000000000c59c                radio_rssi_status_reset
 .text.radio_rssi_is_ready
                0x000000000000c5ac       0x14 zephyr/subsys/bluetooth/controller/libsubsys__bluetooth__controller.a(radio.c.obj)
                0x000000000000c5ac                radio_rssi_is_ready
 .text.radio_filter_configure
                0x000000000000c5c0       0x38 zephyr/subsys/bluetooth/controller/libsubsys__bluetooth__controller.a(radio.c.obj)
                0x000000000000c5c0                radio_filter_configure
 .text.radio_filter_disable
                0x000000000000c5f8       0x14 zephyr/subsys/bluetooth/controller/libsubsys__bluetooth__controller.a(radio.c.obj)
                0x000000000000c5f8                radio_filter_disable
 .text.radio_filter_status_reset
                0x000000000000c60c       0x10 zephyr/subsys/bluetooth/controller/libsubsys__bluetooth__controller.a(radio.c.obj)
                0x000000000000c60c                radio_filter_status_reset
 .text.radio_filter_has_match
                0x000000000000c61c       0x14 zephyr/subsys/bluetooth/controller/libsubsys__bluetooth__controller.a(radio.c.obj)
                0x000000000000c61c                radio_filter_has_match
 .text.radio_filter_match_get
                0x000000000000c630        0xc zephyr/subsys/bluetooth/controller/libsubsys__bluetooth__controller.a(radio.c.obj)
                0x000000000000c630                radio_filter_match_get
 .text.radio_tmr_status_reset
                0x000000000000c63c       0x20 zephyr/subsys/bluetooth/controller/libsubsys__bluetooth__controller.a(radio.c.obj)
                0x000000000000c63c                radio_tmr_status_reset
 .text.radio_tmr_tifs_set
                0x000000000000c65c       0x18 zephyr/subsys/bluetooth/controller/libsubsys__bluetooth__controller.a(radio.c.obj)
                0x000000000000c65c                radio_tmr_tifs_set
 .text.radio_tmr_start
                0x000000000000c674       0xe0 zephyr/subsys/bluetooth/controller/libsubsys__bluetooth__controller.a(radio.c.obj)
                0x000000000000c674                radio_tmr_start
 .text.radio_tmr_start_tick
                0x000000000000c754       0x4c zephyr/subsys/bluetooth/controller/libsubsys__bluetooth__controller.a(radio.c.obj)
                0x000000000000c754                radio_tmr_start_tick
 .text.radio_tmr_stop
                0x000000000000c7a0       0x18 zephyr/subsys/bluetooth/controller/libsubsys__bluetooth__controller.a(radio.c.obj)
                0x000000000000c7a0                radio_tmr_stop
 .text.radio_tmr_hcto_configure
                0x000000000000c7b8       0x18 zephyr/subsys/bluetooth/controller/libsubsys__bluetooth__controller.a(radio.c.obj)
                0x000000000000c7b8                radio_tmr_hcto_configure
 .text.radio_tmr_end_capture
                0x000000000000c7d0       0x10 zephyr/subsys/bluetooth/controller/libsubsys__bluetooth__controller.a(radio.c.obj)
                0x000000000000c7d0                radio_tmr_end_capture
 .text.radio_tmr_tifs_base_get
                0x000000000000c7e0        0xc zephyr/subsys/bluetooth/controller/libsubsys__bluetooth__controller.a(radio.c.obj)
                0x000000000000c7e0                radio_tmr_tifs_base_get
 .text.radio_ar_match_get
                0x000000000000c7ec        0xc zephyr/subsys/bluetooth/controller/libsubsys__bluetooth__controller.a(radio.c.obj)
                0x000000000000c7ec                radio_ar_match_get
 .text.radio_ar_status_reset
                0x000000000000c7f8       0x18 zephyr/subsys/bluetooth/controller/libsubsys__bluetooth__controller.a(radio.c.obj)
                0x000000000000c7f8                radio_ar_status_reset
 .text.radio_ar_has_match
                0x000000000000c810       0x28 zephyr/subsys/bluetooth/controller/libsubsys__bluetooth__controller.a(radio.c.obj)
                0x000000000000c810                radio_ar_has_match
 .text.mayfly_enable_cb
                0x000000000000c838       0x40 zephyr/subsys/bluetooth/controller/libsubsys__bluetooth__controller.a(mayfly.c.obj)
                0x000000000000c838                mayfly_enable_cb
 .text.mayfly_is_enabled
                0x000000000000c878       0x40 zephyr/subsys/bluetooth/controller/libsubsys__bluetooth__controller.a(mayfly.c.obj)
                0x000000000000c878                mayfly_is_enabled
 .text.mayfly_pend
                0x000000000000c8b8       0x4c zephyr/subsys/bluetooth/controller/libsubsys__bluetooth__controller.a(mayfly.c.obj)
                0x000000000000c8b8                mayfly_pend
 .text.hal_ticker_instance0_caller_id_get
                0x000000000000c904       0x58 zephyr/subsys/bluetooth/controller/libsubsys__bluetooth__controller.a(ticker.c.obj)
                0x000000000000c904                hal_ticker_instance0_caller_id_get
 .text.hal_ticker_instance0_sched
                0x000000000000c95c       0xc0 zephyr/subsys/bluetooth/controller/libsubsys__bluetooth__controller.a(ticker.c.obj)
                0x000000000000c95c                hal_ticker_instance0_sched
 .text.k_mutex_unlock.constprop.0
                0x000000000000ca1c        0xc zephyr/subsys/fs/libsubsys__fs.a(fs.c.obj)
 .text.k_mutex_lock.constprop.0
                0x000000000000ca28       0x10 zephyr/subsys/fs/libsubsys__fs.a(fs.c.obj)
 .text.fs_init  0x000000000000ca38       0x1c zephyr/subsys/fs/libsubsys__fs.a(fs.c.obj)
 .text.fs_get_mnt_point
                0x000000000000ca54       0x88 zephyr/subsys/fs/libsubsys__fs.a(fs.c.obj)
 .text.fs_open  0x000000000000cadc       0xa0 zephyr/subsys/fs/libsubsys__fs.a(fs.c.obj)
                0x000000000000cadc                fs_open
 .text.fs_close
                0x000000000000cb7c       0x44 zephyr/subsys/fs/libsubsys__fs.a(fs.c.obj)
                0x000000000000cb7c                fs_close
 .text.fs_read  0x000000000000cbc0       0x3c zephyr/subsys/fs/libsubsys__fs.a(fs.c.obj)
                0x000000000000cbc0                fs_read
 .text.fs_write
                0x000000000000cbfc       0x3c zephyr/subsys/fs/libsubsys__fs.a(fs.c.obj)
                0x000000000000cbfc                fs_write
 .text.fs_seek  0x000000000000cc38       0x3c zephyr/subsys/fs/libsubsys__fs.a(fs.c.obj)
                0x000000000000cc38                fs_seek
 .text.fs_tell  0x000000000000cc74       0x3c zephyr/subsys/fs/libsubsys__fs.a(fs.c.obj)
                0x000000000000cc74                fs_tell
 .text.fs_sync  0x000000000000ccb0       0x3c zephyr/subsys/fs/libsubsys__fs.a(fs.c.obj)
                0x000000000000ccb0                fs_sync
 .text.fs_opendir
                0x000000000000ccec       0xcc zephyr/subsys/fs/libsubsys__fs.a(fs.c.obj)
                0x000000000000ccec                fs_opendir
 .text.fs_readdir
                0x000000000000cdb8      0x100 zephyr/subsys/fs/libsubsys__fs.a(fs.c.obj)
                0x000000000000cdb8                fs_readdir
 .text.fs_closedir
                0x000000000000ceb8       0x48 zephyr/subsys/fs/libsubsys__fs.a(fs.c.obj)
                0x000000000000ceb8                fs_closedir
 .text.fs_unlink
                0x000000000000cf00       0x98 zephyr/subsys/fs/libsubsys__fs.a(fs.c.obj)
                0x000000000000cf00                fs_unlink
 .text.fs_stat  0x000000000000cf98       0x9c zephyr/subsys/fs/libsubsys__fs.a(fs.c.obj)
                0x000000000000cf98                fs_stat
 .text.fs_statvfs
                0x000000000000d034       0x9c zephyr/subsys/fs/libsubsys__fs.a(fs.c.obj)
                0x000000000000d034                fs_statvfs
 .text.fs_mount
                0x000000000000d0d0      0x13c zephyr/subsys/fs/libsubsys__fs.a(fs.c.obj)
                0x000000000000d0d0                fs_mount
 .text.fs_unmount
                0x000000000000d20c       0xa0 zephyr/subsys/fs/libsubsys__fs.a(fs.c.obj)
                0x000000000000d20c                fs_unmount
 .text.fs_register
                0x000000000000d2ac       0x48 zephyr/subsys/fs/libsubsys__fs.a(fs.c.obj)
                0x000000000000d2ac                fs_register
 .text.fs_impl_strip_prefix
                0x000000000000d2f4       0x18 zephyr/subsys/fs/libsubsys__fs.a(fs_impl.c.obj)
                0x000000000000d2f4                fs_impl_strip_prefix
 .text.littlefs_init
                0x000000000000d30c        0xc zephyr/subsys/fs/libsubsys__fs.a(littlefs_fs.c.obj)
 .text.release_file_data
                0x000000000000d318       0x24 zephyr/subsys/fs/libsubsys__fs.a(littlefs_fs.c.obj)
 .text.lfs_to_errno
                0x000000000000d33c       0x1c zephyr/subsys/fs/libsubsys__fs.a(littlefs_fs.c.obj)
 .text.lfs_api_prog
                0x000000000000d358       0x34 zephyr/subsys/fs/libsubsys__fs.a(littlefs_fs.c.obj)
 .text.littlefs_unmount
                0x000000000000d38c       0x58 zephyr/subsys/fs/libsubsys__fs.a(littlefs_fs.c.obj)
 .text.littlefs_mount
                0x000000000000d3e4      0x238 zephyr/subsys/fs/libsubsys__fs.a(littlefs_fs.c.obj)
 .text.littlefs_closedir
                0x000000000000d61c       0x38 zephyr/subsys/fs/libsubsys__fs.a(littlefs_fs.c.obj)
 .text.littlefs_opendir
                0x000000000000d654       0x68 zephyr/subsys/fs/libsubsys__fs.a(littlefs_fs.c.obj)
 .text.littlefs_open
                0x000000000000d6bc       0x98 zephyr/subsys/fs/libsubsys__fs.a(littlefs_fs.c.obj)
 .text.lfs_api_erase
                0x000000000000d754       0x2c zephyr/subsys/fs/libsubsys__fs.a(littlefs_fs.c.obj)
 .text.lfs_api_read
                0x000000000000d780       0x34 zephyr/subsys/fs/libsubsys__fs.a(littlefs_fs.c.obj)
 .text.net_buf_pool_get
                0x000000000000d7b4        0xc zephyr/subsys/net/libsubsys__net.a(buf.c.obj)
                0x000000000000d7b4                net_buf_pool_get
 .text.net_buf_id
                0x000000000000d7c0       0x1c zephyr/subsys/net/libsubsys__net.a(buf.c.obj)
                0x000000000000d7c0                net_buf_id
 .text.fixed_data_alloc
                0x000000000000d7dc       0x2c zephyr/subsys/net/libsubsys__net.a(buf.c.obj)
 .text.net_buf_alloc_len
                0x000000000000d808      0x108 zephyr/subsys/net/libsubsys__net.a(buf.c.obj)
                0x000000000000d808                net_buf_alloc_len
 .text.net_buf_unref
                0x000000000000d910       0x5c zephyr/subsys/net/libsubsys__net.a(buf.c.obj)
                0x000000000000d910                net_buf_unref
 .text.rand_get
                0x000000000000d96c       0x5c zephyr/subsys/random/libsubsys__random.a(rand32_entropy_device.c.obj)
 .text.gpio_nrfx_init
                0x000000000000d9c8       0x30 zephyr/drivers/gpio/libdrivers__gpio.a(gpio_nrfx.c.obj)
 .text.gpio_nrfx_config
                0x000000000000d9f8       0xcc zephyr/drivers/gpio/libdrivers__gpio.a(gpio_nrfx.c.obj)
 .text.nrf_gpio_cfg_sense_set
                0x000000000000dac4       0x28 zephyr/drivers/gpio/libdrivers__gpio.a(gpio_nrfx.c.obj)
 .text.gpiote_pin_int_cfg
                0x000000000000daec      0x13c zephyr/drivers/gpio/libdrivers__gpio.a(gpio_nrfx.c.obj)
 .text.gpio_nrfx_pin_interrupt_configure
                0x000000000000dc28       0xa0 zephyr/drivers/gpio/libdrivers__gpio.a(gpio_nrfx.c.obj)
 .text.gpiote_event_handler
                0x000000000000dcc8       0xbc zephyr/drivers/gpio/libdrivers__gpio.a(gpio_nrfx.c.obj)
 .text.spi_1_init
                0x000000000000dd84       0x60 zephyr/drivers/spi/libdrivers__spi.a(spi_nrfx_spi.c.obj)
 .text.transfer_next_chunk
                0x000000000000dde4       0x80 zephyr/drivers/spi/libdrivers__spi.a(spi_nrfx_spi.c.obj)
 .text.event_handler
                0x000000000000de64       0xb8 zephyr/drivers/spi/libdrivers__spi.a(spi_nrfx_spi.c.obj)
 .text.spi_nrfx_transceive
                0x000000000000df1c      0x260 zephyr/drivers/spi/libdrivers__spi.a(spi_nrfx_spi.c.obj)
 .text.spi_3_init
                0x000000000000e17c       0x60 zephyr/drivers/spi/libdrivers__spi.a(spi_nrfx_spim.c.obj)
 .text.transfer_next_chunk
                0x000000000000e1dc       0x88 zephyr/drivers/spi/libdrivers__spi.a(spi_nrfx_spim.c.obj)
 .text.event_handler
                0x000000000000e264       0xb8 zephyr/drivers/spi/libdrivers__spi.a(spi_nrfx_spim.c.obj)
 .text.spi_nrfx_transceive
                0x000000000000e31c      0x280 zephyr/drivers/spi/libdrivers__spi.a(spi_nrfx_spim.c.obj)
 .text.qspi_nor_pages_layout
                0x000000000000e59c       0x10 zephyr/drivers/flash/libdrivers__flash.a(nrf_qspi_nor.c.obj)
 .text.qspi_wait_for_completion
                0x000000000000e5ac       0x1c zephyr/drivers/flash/libdrivers__flash.a(nrf_qspi_nor.c.obj)
 .text.qspi_nor_erase
                0x000000000000e5c8      0x11c zephyr/drivers/flash/libdrivers__flash.a(nrf_qspi_nor.c.obj)
 .text.qspi_nor_write
                0x000000000000e6e4       0x9c zephyr/drivers/flash/libdrivers__flash.a(nrf_qspi_nor.c.obj)
 .text.qspi_nor_read
                0x000000000000e780       0x8c zephyr/drivers/flash/libdrivers__flash.a(nrf_qspi_nor.c.obj)
 .text.qspi_send_cmd
                0x000000000000e80c       0x74 zephyr/drivers/flash/libdrivers__flash.a(nrf_qspi_nor.c.obj)
 .text.qspi_nor_init
                0x000000000000e880      0x134 zephyr/drivers/flash/libdrivers__flash.a(nrf_qspi_nor.c.obj)
 .text.flash_nrf_pages_layout
                0x000000000000e9b4       0x10 zephyr/drivers/flash/libdrivers__flash.a(soc_flash_nrf.c.obj)
 .text.nrf_flash_init
                0x000000000000e9c4       0x34 zephyr/drivers/flash/libdrivers__flash.a(soc_flash_nrf.c.obj)
 .text.time_slot_callback_work
                0x000000000000e9f8       0x40 zephyr/drivers/flash/libdrivers__flash.a(soc_flash_nrf.c.obj)
 .text.flash_nrf_erase
                0x000000000000ea38       0xa8 zephyr/drivers/flash/libdrivers__flash.a(soc_flash_nrf.c.obj)
 .text.time_slot_delay
                0x000000000000eae0       0x6c zephyr/drivers/flash/libdrivers__flash.a(soc_flash_nrf.c.obj)
 .text.time_slot_callback_prepare
                0x000000000000eb4c        0xc zephyr/drivers/flash/libdrivers__flash.a(soc_flash_nrf.c.obj)
 .text.time_slot_callback_abort
                0x000000000000eb58       0x20 zephyr/drivers/flash/libdrivers__flash.a(soc_flash_nrf.c.obj)
 .text.flash_nrf_write
                0x000000000000eb78       0x8c zephyr/drivers/flash/libdrivers__flash.a(soc_flash_nrf.c.obj)
 .text.event_txdrdy_check
                0x000000000000ec04       0x20 zephyr/drivers/serial/libdrivers__serial.a(uart_nrfx_uart.c.obj)
 .text.uart_nrfx_err_check
                0x000000000000ec24       0x10 zephyr/drivers/serial/libdrivers__serial.a(uart_nrfx_uart.c.obj)
 .text.uart_nrfx_irq_rx_enable
                0x000000000000ec34       0x10 zephyr/drivers/serial/libdrivers__serial.a(uart_nrfx_uart.c.obj)
 .text.uart_nrfx_irq_rx_disable
                0x000000000000ec44       0x10 zephyr/drivers/serial/libdrivers__serial.a(uart_nrfx_uart.c.obj)
 .text.uart_nrfx_irq_rx_ready
                0x000000000000ec54       0x10 zephyr/drivers/serial/libdrivers__serial.a(uart_nrfx_uart.c.obj)
 .text.uart_nrfx_irq_err_enable
                0x000000000000ec64       0x10 zephyr/drivers/serial/libdrivers__serial.a(uart_nrfx_uart.c.obj)
 .text.uart_nrfx_irq_err_disable
                0x000000000000ec74       0x10 zephyr/drivers/serial/libdrivers__serial.a(uart_nrfx_uart.c.obj)
 .text.uart_nrfx_irq_callback_set
                0x000000000000ec84       0x14 zephyr/drivers/serial/libdrivers__serial.a(uart_nrfx_uart.c.obj)
 .text.uart_nrfx_irq_tx_disable
                0x000000000000ec98       0x14 zephyr/drivers/serial/libdrivers__serial.a(uart_nrfx_uart.c.obj)
 .text.uart_nrfx_irq_tx_enable
                0x000000000000ecac       0x48 zephyr/drivers/serial/libdrivers__serial.a(uart_nrfx_uart.c.obj)
 .text.uart_nrfx_irq_is_pending
                0x000000000000ecf4       0x3c zephyr/drivers/serial/libdrivers__serial.a(uart_nrfx_uart.c.obj)
 .text.uart_nrfx_configure
                0x000000000000ed30      0x178 zephyr/drivers/serial/libdrivers__serial.a(uart_nrfx_uart.c.obj)
 .text.uart_nrfx_isr
                0x000000000000eea8       0x30 zephyr/drivers/serial/libdrivers__serial.a(uart_nrfx_uart.c.obj)
 .text.uart_nrfx_fifo_read
                0x000000000000eed8       0x34 zephyr/drivers/serial/libdrivers__serial.a(uart_nrfx_uart.c.obj)
 .text.uart_nrfx_poll_out
                0x000000000000ef0c       0x90 zephyr/drivers/serial/libdrivers__serial.a(uart_nrfx_uart.c.obj)
 .text.uart_nrfx_poll_in
                0x000000000000ef9c       0x2c zephyr/drivers/serial/libdrivers__serial.a(uart_nrfx_uart.c.obj)
 .text.uart_nrfx_fifo_fill
                0x000000000000efc8       0x48 zephyr/drivers/serial/libdrivers__serial.a(uart_nrfx_uart.c.obj)
 .text.uart_nrfx_init
                0x000000000000f010       0x84 zephyr/drivers/serial/libdrivers__serial.a(uart_nrfx_uart.c.obj)
 .text.uarte_nrfx_configure
                0x000000000000f094      0x16c zephyr/drivers/serial/libdrivers__serial.a(uart_nrfx_uarte.c.obj)
 .text.uarte_1_init
                0x000000000000f200       0x80 zephyr/drivers/serial/libdrivers__serial.a(uart_nrfx_uarte.c.obj)
 .text.rng_pool_get
                0x000000000000f280       0x90 zephyr/drivers/entropy/libdrivers__entropy.a(entropy_nrf5.c.obj)
 .text.entropy_nrf5_get_entropy
                0x000000000000f310       0x50 zephyr/drivers/entropy/libdrivers__entropy.a(entropy_nrf5.c.obj)
 .text.random_byte_get
                0x000000000000f360       0x44 zephyr/drivers/entropy/libdrivers__entropy.a(entropy_nrf5.c.obj)
 .text.entropy_nrf5_get_entropy_isr
                0x000000000000f3a4       0xa4 zephyr/drivers/entropy/libdrivers__entropy.a(entropy_nrf5.c.obj)
 .text.entropy_nrf5_init
                0x000000000000f448       0x78 zephyr/drivers/entropy/libdrivers__entropy.a(entropy_nrf5.c.obj)
 .text.isr      0x000000000000f4c0       0x74 zephyr/drivers/entropy/libdrivers__entropy.a(entropy_nrf5.c.obj)
 .text.nrf52_errata_36
                0x000000000000f534       0x3c modules/nordic/lib..__modules__hal__nordic.a(system_nrf52840.c.obj)
 .text.nrf52_errata_98
                0x000000000000f570       0x28 modules/nordic/lib..__modules__hal__nordic.a(system_nrf52840.c.obj)
 .text.SystemInit
                0x000000000000f598      0x1b8 modules/nordic/lib..__modules__hal__nordic.a(system_nrf52840.c.obj)
                0x000000000000f598                SystemInit
 .text.nrfx_nvmc_page_erase
                0x000000000000f750       0x40 modules/nordic/lib..__modules__hal__nordic.a(nrfx_nvmc.c.obj)
                0x000000000000f750                nrfx_nvmc_page_erase
 .text.nrfx_nvmc_word_write
                0x000000000000f790       0x24 modules/nordic/lib..__modules__hal__nordic.a(nrfx_nvmc.c.obj)
                0x000000000000f790                nrfx_nvmc_word_write
 .text.qspi_ready_wait
                0x000000000000f7b4       0x28 modules/nordic/lib..__modules__hal__nordic.a(nrfx_qspi.c.obj)
 .text.qspi_task_perform
                0x000000000000f7dc       0x50 modules/nordic/lib..__modules__hal__nordic.a(nrfx_qspi.c.obj)
 .text.nrf_qspi_cinstrdata_get.constprop.0
                0x000000000000f82c       0x40 modules/nordic/lib..__modules__hal__nordic.a(nrfx_qspi.c.obj)
 .text.nrf_qspi_cinstrdata_set.constprop.0
                0x000000000000f86c       0x64 modules/nordic/lib..__modules__hal__nordic.a(nrfx_qspi.c.obj)
 .text.nrfx_qspi_init
                0x000000000000f8d0       0xf8 modules/nordic/lib..__modules__hal__nordic.a(nrfx_qspi.c.obj)
                0x000000000000f8d0                nrfx_qspi_init
 .text.nrfx_qspi_cinstr_xfer
                0x000000000000f9c8       0x80 modules/nordic/lib..__modules__hal__nordic.a(nrfx_qspi.c.obj)
                0x000000000000f9c8                nrfx_qspi_cinstr_xfer
 .text.nrfx_qspi_write
                0x000000000000fa48       0x30 modules/nordic/lib..__modules__hal__nordic.a(nrfx_qspi.c.obj)
                0x000000000000fa48                nrfx_qspi_write
 .text.nrfx_qspi_read
                0x000000000000fa78       0x30 modules/nordic/lib..__modules__hal__nordic.a(nrfx_qspi.c.obj)
                0x000000000000fa78                nrfx_qspi_read
 .text.nrfx_qspi_erase
                0x000000000000faa8       0x20 modules/nordic/lib..__modules__hal__nordic.a(nrfx_qspi.c.obj)
                0x000000000000faa8                nrfx_qspi_erase
 .text.nrfx_qspi_chip_erase
                0x000000000000fac8       0x18 modules/nordic/lib..__modules__hal__nordic.a(nrfx_qspi.c.obj)
                0x000000000000fac8                nrfx_qspi_chip_erase
 .text.nrfx_qspi_irq_handler
                0x000000000000fae0       0x20 modules/nordic/lib..__modules__hal__nordic.a(nrfx_qspi.c.obj)
                0x000000000000fae0                nrfx_qspi_irq_handler
 .text.nrf_gpio_pin_clear
                0x000000000000fb00       0x20 modules/nordic/lib..__modules__hal__nordic.a(nrfx_spi.c.obj)
 .text.nrf_gpio_pin_set
                0x000000000000fb20       0x20 modules/nordic/lib..__modules__hal__nordic.a(nrfx_spi.c.obj)
 .text.nrfx_spi_init
                0x000000000000fb40      0x170 modules/nordic/lib..__modules__hal__nordic.a(nrfx_spi.c.obj)
                0x000000000000fb40                nrfx_spi_init
 .text.nrfx_spi_xfer
                0x000000000000fcb0      0x108 modules/nordic/lib..__modules__hal__nordic.a(nrfx_spi.c.obj)
                0x000000000000fcb0                nrfx_spi_xfer
 .text.nrfx_spi_1_irq_handler
                0x000000000000fdb8       0x4c modules/nordic/lib..__modules__hal__nordic.a(nrfx_spi.c.obj)
                0x000000000000fdb8                nrfx_spi_1_irq_handler
 .text.nrf_gpio_pin_clear
                0x000000000000fe04       0x20 modules/nordic/lib..__modules__hal__nordic.a(nrfx_spim.c.obj)
 .text.nrf_gpio_cfg_output
                0x000000000000fe24       0x20 modules/nordic/lib..__modules__hal__nordic.a(nrfx_spim.c.obj)
 .text.nrf_gpio_pin_set
                0x000000000000fe44       0x20 modules/nordic/lib..__modules__hal__nordic.a(nrfx_spim.c.obj)
 .text.nrfx_spim_init
                0x000000000000fe64      0x17c modules/nordic/lib..__modules__hal__nordic.a(nrfx_spim.c.obj)
                0x000000000000fe64                nrfx_spim_init
 .text.nrfx_spim_xfer
                0x000000000000ffe0      0x12c modules/nordic/lib..__modules__hal__nordic.a(nrfx_spim.c.obj)
                0x000000000000ffe0                nrfx_spim_xfer
 .text.nrfx_spim_3_irq_handler
                0x000000000001010c       0x5c modules/nordic/lib..__modules__hal__nordic.a(nrfx_spim.c.obj)
                0x000000000001010c                nrfx_spim_3_irq_handler
 .text.nrfx_systick_delay_ticks
                0x0000000000010168       0x18 modules/nordic/lib..__modules__hal__nordic.a(nrfx_systick.c.obj)
                0x0000000000010168                nrfx_systick_delay_ticks
 .text.nrfx_systick_delay_us
                0x0000000000010180       0x18 modules/nordic/lib..__modules__hal__nordic.a(nrfx_systick.c.obj)
                0x0000000000010180                nrfx_systick_delay_us
 .text.nrf52_errata_104
                0x0000000000010198       0x28 modules/nordic/lib..__modules__hal__nordic.a(nrfx_usbd.c.obj)
 .text.nrf52_errata_166
                0x00000000000101c0       0x20 modules/nordic/lib..__modules__hal__nordic.a(nrfx_usbd.c.obj)
 .text.ep_state_access
                0x00000000000101e0       0x1c modules/nordic/lib..__modules__hal__nordic.a(nrfx_usbd.c.obj)
 .text.usbd_dma_pending_clear
                0x00000000000101fc       0x20 modules/nordic/lib..__modules__hal__nordic.a(nrfx_usbd.c.obj)
 .text.ev_usbreset_handler
                0x000000000001021c       0x34 modules/nordic/lib..__modules__hal__nordic.a(nrfx_usbd.c.obj)
 .text.nrfx_usbd_feeder_flash
                0x0000000000010250       0x38 modules/nordic/lib..__modules__hal__nordic.a(nrfx_usbd.c.obj)