Archive member included to satisfy reference by file (symbol)

/Users/nams/Downloads/gcc-arm-none-eabi-9-2019-q4-major/bin/../lib/gcc/arm-none-eabi/9.2.1/../../../../arm-none-eabi/lib/thumb/v7e-m+fp/hard/libc_nano.a(lib_a-ctype_.o)
                              _build/nrf52840_xxaa/nrf_log_str_formatter.c.o (_ctype_)
/Users/nams/Downloads/gcc-arm-none-eabi-9-2019-q4-major/bin/../lib/gcc/arm-none-eabi/9.2.1/../../../../arm-none-eabi/lib/thumb/v7e-m+fp/hard/libc_nano.a(lib_a-exit.o)
                              /Users/nams/Downloads/gcc-arm-none-eabi-9-2019-q4-major/bin/../lib/gcc/arm-none-eabi/9.2.1/../../../../arm-none-eabi/lib/thumb/v7e-m+fp/hard/crt0.o (exit)
/Users/nams/Downloads/gcc-arm-none-eabi-9-2019-q4-major/bin/../lib/gcc/arm-none-eabi/9.2.1/../../../../arm-none-eabi/lib/thumb/v7e-m+fp/hard/libc_nano.a(lib_a-impure.o)
                              /Users/nams/Downloads/gcc-arm-none-eabi-9-2019-q4-major/bin/../lib/gcc/arm-none-eabi/9.2.1/../../../../arm-none-eabi/lib/thumb/v7e-m+fp/hard/libc_nano.a(lib_a-exit.o) (_global_impure_ptr)
/Users/nams/Downloads/gcc-arm-none-eabi-9-2019-q4-major/bin/../lib/gcc/arm-none-eabi/9.2.1/../../../../arm-none-eabi/lib/thumb/v7e-m+fp/hard/libc_nano.a(lib_a-init.o)
                              /Users/nams/Downloads/gcc-arm-none-eabi-9-2019-q4-major/bin/../lib/gcc/arm-none-eabi/9.2.1/../../../../arm-none-eabi/lib/thumb/v7e-m+fp/hard/crt0.o (__libc_init_array)
/Users/nams/Downloads/gcc-arm-none-eabi-9-2019-q4-major/bin/../lib/gcc/arm-none-eabi/9.2.1/../../../../arm-none-eabi/lib/thumb/v7e-m+fp/hard/libc_nano.a(lib_a-memcmp.o)
                              _build/nrf52840_xxaa/ble_advdata.c.o (memcmp)
/Users/nams/Downloads/gcc-arm-none-eabi-9-2019-q4-major/bin/../lib/gcc/arm-none-eabi/9.2.1/../../../../arm-none-eabi/lib/thumb/v7e-m+fp/hard/libc_nano.a(lib_a-memcpy-stub.o)
                              _build/nrf52840_xxaa/nrf_log_frontend.c.o (memcpy)
/Users/nams/Downloads/gcc-arm-none-eabi-9-2019-q4-major/bin/../lib/gcc/arm-none-eabi/9.2.1/../../../../arm-none-eabi/lib/thumb/v7e-m+fp/hard/libc_nano.a(lib_a-memset.o)
                              /Users/nams/Downloads/gcc-arm-none-eabi-9-2019-q4-major/bin/../lib/gcc/arm-none-eabi/9.2.1/../../../../arm-none-eabi/lib/thumb/v7e-m+fp/hard/crt0.o (memset)
/Users/nams/Downloads/gcc-arm-none-eabi-9-2019-q4-major/bin/../lib/gcc/arm-none-eabi/9.2.1/../../../../arm-none-eabi/lib/thumb/v7e-m+fp/hard/libc_nano.a(lib_a-strcpy.o)
                              _build/nrf52840_xxaa/SEGGER_RTT.c.o (strcpy)
/Users/nams/Downloads/gcc-arm-none-eabi-9-2019-q4-major/bin/../lib/gcc/arm-none-eabi/9.2.1/../../../../arm-none-eabi/lib/thumb/v7e-m+fp/hard/libc_nano.a(lib_a-strlen.o)
                              _build/nrf52840_xxaa/nrf_log_frontend.c.o (strlen)
/Users/nams/Downloads/gcc-arm-none-eabi-9-2019-q4-major/bin/../lib/gcc/arm-none-eabi/9.2.1/../../../../arm-none-eabi/lib/thumb/v7e-m+fp/hard/libnosys.a(_exit.o)
                              /Users/nams/Downloads/gcc-arm-none-eabi-9-2019-q4-major/bin/../lib/gcc/arm-none-eabi/9.2.1/../../../../arm-none-eabi/lib/thumb/v7e-m+fp/hard/libc_nano.a(lib_a-exit.o) (_exit)
/Users/nams/Downloads/gcc-arm-none-eabi-9-2019-q4-major/bin/../lib/gcc/arm-none-eabi/9.2.1/thumb/v7e-m+fp/hard/libgcc.a(_aeabi_ldivmod.o)
                              _build/nrf52840_xxaa/bsp.c.o (__aeabi_ldivmod)
/Users/nams/Downloads/gcc-arm-none-eabi-9-2019-q4-major/bin/../lib/gcc/arm-none-eabi/9.2.1/thumb/v7e-m+fp/hard/libgcc.a(_aeabi_uldivmod.o)
                              _build/nrf52840_xxaa/bsp.c.o (__aeabi_uldivmod)
/Users/nams/Downloads/gcc-arm-none-eabi-9-2019-q4-major/bin/../lib/gcc/arm-none-eabi/9.2.1/thumb/v7e-m+fp/hard/libgcc.a(_udivmoddi4.o)
                              /Users/nams/Downloads/gcc-arm-none-eabi-9-2019-q4-major/bin/../lib/gcc/arm-none-eabi/9.2.1/thumb/v7e-m+fp/hard/libgcc.a(_aeabi_ldivmod.o) (__udivmoddi4)
/Users/nams/Downloads/gcc-arm-none-eabi-9-2019-q4-major/bin/../lib/gcc/arm-none-eabi/9.2.1/thumb/v7e-m+fp/hard/libgcc.a(_dvmd_tls.o)
                              /Users/nams/Downloads/gcc-arm-none-eabi-9-2019-q4-major/bin/../lib/gcc/arm-none-eabi/9.2.1/thumb/v7e-m+fp/hard/libgcc.a(_aeabi_ldivmod.o) (__aeabi_ldiv0)

Allocating common symbols
Common symbol       size              file

nrf_nvic_state      0xc               _build/nrf52840_xxaa/app_util_platform.c.o
nrf_drv_uart_use_easy_dma
                    0x2               _build/nrf52840_xxaa/nrf_drv_uart.c.o
_SEGGER_RTT         0x78              _build/nrf52840_xxaa/SEGGER_RTT.c.o

Discarded input sections

 .text          0x0000000000000000        0x0 /Users/nams/Downloads/gcc-arm-none-eabi-9-2019-q4-major/bin/../lib/gcc/arm-none-eabi/9.2.1/thumb/v7e-m+fp/hard/crti.o
 .data          0x0000000000000000        0x0 /Users/nams/Downloads/gcc-arm-none-eabi-9-2019-q4-major/bin/../lib/gcc/arm-none-eabi/9.2.1/thumb/v7e-m+fp/hard/crti.o
[...]
Memory Configuration

Name             Origin             Length             Attributes
FLASH            0x0000000000026000 0x00000000000da000 xr
RAM              0x00000000200022e0 0x000000000003dd20 xrw
*default*        0x0000000000000000 0xffffffffffffffff

Linker script and memory map


.text           0x0000000000026000     0x6364
 *(.isr_vector)
 .isr_vector    0x0000000000026000      0x200 _build/nrf52840_xxaa/gcc_startup_nrf52840.S.o
                0x0000000000026000                __isr_vector
 *(.text*)
 .text          0x0000000000026200       0x40 /Users/nams/Downloads/gcc-arm-none-eabi-9-2019-q4-major/bin/../lib/gcc/arm-none-eabi/9.2.1/thumb/v7e-m+fp/hard/crtbegin.o
 .text          0x0000000000026240       0x74 /Users/nams/Downloads/gcc-arm-none-eabi-9-2019-q4-major/bin/../lib/gcc/arm-none-eabi/9.2.1/../../../../arm-none-eabi/lib/thumb/v7e-m+fp/hard/crt0.o
                0x0000000000026240                _mainCRTStartup
                0x0000000000026240                _start
 .text          0x00000000000262b4       0x3c _build/nrf52840_xxaa/gcc_startup_nrf52840.S.o
                0x00000000000262b4                Reset_Handler
                0x00000000000262dc                NMI_Handler
                0x00000000000262de                HardFault_Handler
                0x00000000000262e0                MemoryManagement_Handler
                0x00000000000262e2                BusFault_Handler
                0x00000000000262e4                UsageFault_Handler
                0x00000000000262e6                SVC_Handler
                0x00000000000262e8                DebugMon_Handler
                0x00000000000262ea                PendSV_Handler
                0x00000000000262ec                SysTick_Handler
                0x00000000000262ee                FPU_IRQHandler
                0x00000000000262ee                USBD_IRQHandler
                0x00000000000262ee                SPIM0_SPIS0_TWIM0_TWIS0_SPI0_TWI0_IRQHandler
                0x00000000000262ee                TIMER4_IRQHandler
                0x00000000000262ee                CRYPTOCELL_IRQHandler
                0x00000000000262ee                I2S_IRQHandler
                0x00000000000262ee                SWI4_EGU4_IRQHandler
                0x00000000000262ee                TIMER0_IRQHandler
                0x00000000000262ee                UARTE1_IRQHandler
                0x00000000000262ee                TIMER1_IRQHandler
                0x00000000000262ee                SPIM3_IRQHandler
                0x00000000000262ee                PWM2_IRQHandler
                0x00000000000262ee                ECB_IRQHandler
                0x00000000000262ee                SPIM1_SPIS1_TWIM1_TWIS1_SPI1_TWI1_IRQHandler
                0x00000000000262ee                Default_Handler
                0x00000000000262ee                SAADC_IRQHandler
                0x00000000000262ee                CCM_AAR_IRQHandler
                0x00000000000262ee                WDT_IRQHandler
                0x00000000000262ee                SWI5_EGU5_IRQHandler
                0x00000000000262ee                RNG_IRQHandler
                0x00000000000262ee                RTC2_IRQHandler
                0x00000000000262ee                PWM0_IRQHandler
                0x00000000000262ee                SWI3_EGU3_IRQHandler
                0x00000000000262ee                SWI1_EGU1_IRQHandler
                0x00000000000262ee                SPIM2_SPIS2_SPI2_IRQHandler
                0x00000000000262ee                NFCT_IRQHandler
                0x00000000000262ee                MWU_IRQHandler
                0x00000000000262ee                QSPI_IRQHandler
                0x00000000000262ee                TIMER2_IRQHandler
                0x00000000000262ee                COMP_LPCOMP_IRQHandler
                0x00000000000262ee                RTC0_IRQHandler
                0x00000000000262ee                SWI0_EGU0_IRQHandler
                0x00000000000262ee                PWM1_IRQHandler
                0x00000000000262ee                RADIO_IRQHandler
                0x00000000000262ee                PDM_IRQHandler
                0x00000000000262ee                TEMP_IRQHandler
                0x00000000000262ee                QDEC_IRQHandler
                0x00000000000262ee                TIMER3_IRQHandler
                0x00000000000262ee                PWM3_IRQHandler
 .text.nrf_log_backend_serial_put
                0x00000000000262f0       0xd8 _build/nrf52840_xxaa/nrf_log_backend_serial.c.o
                0x00000000000262f0                nrf_log_backend_serial_put
 .text.uart_evt_handler
                0x00000000000263c8        0xc _build/nrf52840_xxaa/nrf_log_backend_uart.c.o
 .text.nrf_log_backend_uart_flush
                0x00000000000263d4        0x4 _build/nrf52840_xxaa/nrf_log_backend_uart.c.o
 .text.nrf_log_backend_uart_put
                0x00000000000263d8       0x20 _build/nrf52840_xxaa/nrf_log_backend_uart.c.o
 .text.serial_tx
                0x00000000000263f8       0x4c _build/nrf52840_xxaa/nrf_log_backend_uart.c.o
 .text.nrf_log_backend_uart_panic_set
                0x0000000000026444       0x7c _build/nrf52840_xxaa/nrf_log_backend_uart.c.o
 .text.nrf_log_backend_uart_init
                0x00000000000264c0       0x68 _build/nrf52840_xxaa/nrf_log_backend_uart.c.o
                0x00000000000264c0                nrf_log_backend_uart_init
 .text.nrf_log_default_backends_init
                0x0000000000026528       0x20 _build/nrf52840_xxaa/nrf_log_default_backends.c.o
                0x0000000000026528                nrf_log_default_backends_init
 .text.nrf_log_init
                0x0000000000026548       0x40 _build/nrf52840_xxaa/nrf_log_frontend.c.o
                0x0000000000026548                nrf_log_init
 .text.nrf_log_module_name_get
                0x0000000000026588       0x48 _build/nrf52840_xxaa/nrf_log_frontend.c.o
                0x0000000000026588                nrf_log_module_name_get
 .text.nrf_log_color_id_get
                0x00000000000265d0       0x2c _build/nrf52840_xxaa/nrf_log_frontend.c.o
                0x00000000000265d0                nrf_log_color_id_get
 .text.nrf_log_frontend_dequeue
                0x00000000000265fc      0x274 _build/nrf52840_xxaa/nrf_log_frontend.c.o
                0x00000000000265fc                nrf_log_frontend_dequeue
 .text.nrf_log_frontend_std_0
                0x0000000000026870      0x1a0 _build/nrf52840_xxaa/nrf_log_frontend.c.o
                0x0000000000026870                nrf_log_frontend_std_0
 .text.nrf_log_frontend_std_1
                0x0000000000026a10      0x1b0 _build/nrf52840_xxaa/nrf_log_frontend.c.o
                0x0000000000026a10                nrf_log_frontend_std_1
 .text.nrf_log_frontend_std_2
                0x0000000000026bc0      0x1c0 _build/nrf52840_xxaa/nrf_log_frontend.c.o
                0x0000000000026bc0                nrf_log_frontend_std_2
 .text.nrf_log_backend_add
                0x0000000000026d80       0x5c _build/nrf52840_xxaa/nrf_log_frontend.c.o
                0x0000000000026d80                nrf_log_backend_add
 .text.nrf_log_panic
                0x0000000000026ddc       0x2c _build/nrf52840_xxaa/nrf_log_frontend.c.o
                0x0000000000026ddc                nrf_log_panic
 .text.prefix_process
                0x0000000000026e08       0x80 _build/nrf52840_xxaa/nrf_log_str_formatter.c.o
 .text.nrf_log_std_entry_process
                0x0000000000026e88       0xf0 _build/nrf52840_xxaa/nrf_log_str_formatter.c.o
                0x0000000000026e88                nrf_log_std_entry_process
 .text.nrf_log_hexdump_entry_process
                0x0000000000026f78       0xfc _build/nrf52840_xxaa/nrf_log_str_formatter.c.o
                0x0000000000026f78                nrf_log_hexdump_entry_process
 .text.gpiote_event_handler
                0x0000000000027074       0x74 _build/nrf52840_xxaa/app_button.c.o
 .text.detection_delay_timeout_handler
                0x00000000000270e8      0x264 _build/nrf52840_xxaa/app_button.c.o
 .text.app_button_init
                0x000000000002734c       0xc0 _build/nrf52840_xxaa/app_button.c.o
                0x000000000002734c                app_button_init
 .text.app_button_enable
                0x000000000002740c       0x2c _build/nrf52840_xxaa/app_button.c.o
                0x000000000002740c                app_button_enable
 .text.app_error_handler_bare
                0x0000000000027438       0x20 _build/nrf52840_xxaa/app_error.c.o
                0x0000000000027438                app_error_handler_bare
 .text.app_error_fault_handler
                0x0000000000027458       0x70 _build/nrf52840_xxaa/app_error_weak.c.o
                0x0000000000027458                app_error_fault_handler
 .text.compare_func
                0x00000000000274c8       0x18 _build/nrf52840_xxaa/app_timer2.c.o
 .text.rtc_irq  0x00000000000274e0      0x318 _build/nrf52840_xxaa/app_timer2.c.o
 .text.app_timer_init
                0x00000000000277f8       0x6c _build/nrf52840_xxaa/app_timer2.c.o
                0x00000000000277f8                app_timer_init
 .text.app_timer_create
                0x0000000000027864       0x1c _build/nrf52840_xxaa/app_timer2.c.o
                0x0000000000027864                app_timer_create
 .text.app_timer_start
                0x0000000000027880       0x8c _build/nrf52840_xxaa/app_timer2.c.o
                0x0000000000027880                app_timer_start
 .text.app_timer_stop
                0x000000000002790c       0x44 _build/nrf52840_xxaa/app_timer2.c.o
                0x000000000002790c                app_timer_stop
 .text.app_util_critical_region_enter
                0x0000000000027950       0x4c _build/nrf52840_xxaa/app_util_platform.c.o
                0x0000000000027950                app_util_critical_region_enter
 .text.app_util_critical_region_exit
                0x000000000002799c       0x30 _build/nrf52840_xxaa/app_util_platform.c.o
                0x000000000002799c                app_util_critical_region_exit
 .text.drv_rtc_init
                0x00000000000279cc       0xbc _build/nrf52840_xxaa/drv_rtc.c.o
                0x00000000000279cc                drv_rtc_init
 .text.drv_rtc_start
                0x0000000000027a88        0x8 _build/nrf52840_xxaa/drv_rtc.c.o
                0x0000000000027a88                drv_rtc_start
 .text.drv_rtc_stop
                0x0000000000027a90        0x8 _build/nrf52840_xxaa/drv_rtc.c.o
                0x0000000000027a90                drv_rtc_stop
 .text.drv_rtc_compare_set
                0x0000000000027a98       0x4c _build/nrf52840_xxaa/drv_rtc.c.o
                0x0000000000027a98                drv_rtc_compare_set
 .text.drv_rtc_windowed_compare_set
                0x0000000000027ae4       0xf8 _build/nrf52840_xxaa/drv_rtc.c.o
                0x0000000000027ae4                drv_rtc_windowed_compare_set
 .text.drv_rtc_overflow_enable
                0x0000000000027bdc       0x14 _build/nrf52840_xxaa/drv_rtc.c.o
                0x0000000000027bdc                drv_rtc_overflow_enable
 .text.drv_rtc_overflow_pending
                0x0000000000027bf0       0x20 _build/nrf52840_xxaa/drv_rtc.c.o
                0x0000000000027bf0                drv_rtc_overflow_pending
 .text.drv_rtc_compare_disable
                0x0000000000027c10       0x18 _build/nrf52840_xxaa/drv_rtc.c.o
                0x0000000000027c10                drv_rtc_compare_disable
 .text.drv_rtc_compare_pending
                0x0000000000027c28       0x20 _build/nrf52840_xxaa/drv_rtc.c.o
                0x0000000000027c28                drv_rtc_compare_pending
 .text.drv_rtc_counter_get
                0x0000000000027c48        0x8 _build/nrf52840_xxaa/drv_rtc.c.o
                0x0000000000027c48                drv_rtc_counter_get
 .text.drv_rtc_irq_trigger
                0x0000000000027c50       0x20 _build/nrf52840_xxaa/drv_rtc.c.o
                0x0000000000027c50                drv_rtc_irq_trigger
 .text.RTC1_IRQHandler
                0x0000000000027c70       0x14 _build/nrf52840_xxaa/drv_rtc.c.o
                0x0000000000027c70                RTC1_IRQHandler
 .text.alert_timer_handler
                0x0000000000027c84        0x8 _build/nrf52840_xxaa/bsp.c.o
 .text.bsp_button_event_handler
                0x0000000000027c8c       0x84 _build/nrf52840_xxaa/bsp.c.o
 .text.button_timer_handler
                0x0000000000027d10       0x28 _build/nrf52840_xxaa/bsp.c.o
 .text.leds_timer_handler
                0x0000000000027d38      0x2c4 _build/nrf52840_xxaa/bsp.c.o
 .text.bsp_indication_set
                0x0000000000027ffc      0x304 _build/nrf52840_xxaa/bsp.c.o
                0x0000000000027ffc                bsp_indication_set
 .text.bsp_init
                0x0000000000028300       0xb0 _build/nrf52840_xxaa/bsp.c.o
                0x0000000000028300                bsp_init
 .text.nrf_atfifo_init
                0x00000000000283b0       0x30 _build/nrf52840_xxaa/nrf_atfifo.c.o
                0x00000000000283b0                nrf_atfifo_init
 .text.nrf_atfifo_item_alloc
                0x00000000000283e0       0x5c _build/nrf52840_xxaa/nrf_atfifo.c.o
                0x00000000000283e0                nrf_atfifo_item_alloc
 .text.nrf_atfifo_item_put
                0x000000000002843c       0x20 _build/nrf52840_xxaa/nrf_atfifo.c.o
                0x000000000002843c                nrf_atfifo_item_put
 .text.nrf_atfifo_item_get
                0x000000000002845c       0x60 _build/nrf52840_xxaa/nrf_atfifo.c.o
                0x000000000002845c                nrf_atfifo_item_get
 .text.nrf_atfifo_item_free
                0x00000000000284bc       0x20 _build/nrf52840_xxaa/nrf_atfifo.c.o
                0x00000000000284bc                nrf_atfifo_item_free
 .text.nrf_atflags_set
                0x00000000000284dc       0x14 _build/nrf52840_xxaa/nrf_atflags.c.o
                0x00000000000284dc                nrf_atflags_set
 .text.nrf_atflags_clear
                0x00000000000284f0       0x14 _build/nrf52840_xxaa/nrf_atflags.c.o
                0x00000000000284f0                nrf_atflags_clear
 .text.nrf_atflags_get
                0x0000000000028504       0x14 _build/nrf52840_xxaa/nrf_atflags.c.o
                0x0000000000028504                nrf_atflags_get
 .text.nrf_atomic_u32_fetch_store
                0x0000000000028518       0x1c _build/nrf52840_xxaa/nrf_atomic.c.o
                0x0000000000028518                nrf_atomic_u32_fetch_store
 .text.nrf_atomic_u32_or
                0x0000000000028534       0x1c _build/nrf52840_xxaa/nrf_atomic.c.o
                0x0000000000028534                nrf_atomic_u32_or
 .text.nrf_atomic_u32_and
                0x0000000000028550       0x1c _build/nrf52840_xxaa/nrf_atomic.c.o
                0x0000000000028550                nrf_atomic_u32_and
 .text.nrf_atomic_u32_add
                0x000000000002856c       0x1c _build/nrf52840_xxaa/nrf_atomic.c.o
                0x000000000002856c                nrf_atomic_u32_add
 .text.nrf_atomic_u32_sub
                0x0000000000028588       0x1c _build/nrf52840_xxaa/nrf_atomic.c.o
                0x0000000000028588                nrf_atomic_u32_sub
 .text.nrf_atomic_flag_set
                0x00000000000285a4       0x20 _build/nrf52840_xxaa/nrf_atomic.c.o
                0x00000000000285a4                nrf_atomic_flag_set
 .text.nrf_atomic_flag_clear_fetch
                0x00000000000285c4       0x20 _build/nrf52840_xxaa/nrf_atomic.c.o
                0x00000000000285c4                nrf_atomic_flag_clear_fetch
 .text.nrf_balloc_init
                0x00000000000285e4       0x38 _build/nrf52840_xxaa/nrf_balloc.c.o
                0x00000000000285e4                nrf_balloc_init
 .text.nrf_balloc_alloc
                0x000000000002861c       0x50 _build/nrf52840_xxaa/nrf_balloc.c.o
                0x000000000002861c                nrf_balloc_alloc
 .text.nrf_balloc_free
                0x000000000002866c       0x38 _build/nrf52840_xxaa/nrf_balloc.c.o
                0x000000000002866c                nrf_balloc_free
 .text.nrf_fprintf_buffer_flush
                0x00000000000286a4       0x18 _build/nrf52840_xxaa/nrf_fprintf.c.o
                0x00000000000286a4                nrf_fprintf_buffer_flush
 .text.nrf_fprintf
                0x00000000000286bc       0x20 _build/nrf52840_xxaa/nrf_fprintf.c.o
                0x00000000000286bc                nrf_fprintf
 .text.unsigned_print
                0x00000000000286dc      0x14c _build/nrf52840_xxaa/nrf_fprintf_format.c.o
 .text.nrf_fprintf_fmt
                0x0000000000028828      0x5cc _build/nrf52840_xxaa/nrf_fprintf_format.c.o
                0x0000000000028828                nrf_fprintf_fmt
 .text.nrf_memobj_pool_init
                0x0000000000028df4        0x4 _build/nrf52840_xxaa/nrf_memobj.c.o
                0x0000000000028df4                nrf_memobj_pool_init
 .text.nrf_memobj_alloc
                0x0000000000028df8       0x94 _build/nrf52840_xxaa/nrf_memobj.c.o
                0x0000000000028df8                nrf_memobj_alloc
 .text.nrf_memobj_get
                0x0000000000028e8c        0x8 _build/nrf52840_xxaa/nrf_memobj.c.o
                0x0000000000028e8c                nrf_memobj_get
 .text.nrf_memobj_put
                0x0000000000028e94       0x58 _build/nrf52840_xxaa/nrf_memobj.c.o
                0x0000000000028e94                nrf_memobj_put
 .text.nrf_memobj_write
                0x0000000000028eec       0x68 _build/nrf52840_xxaa/nrf_memobj.c.o
                0x0000000000028eec                nrf_memobj_write
 .text.nrf_memobj_read
                0x0000000000028f54       0x68 _build/nrf52840_xxaa/nrf_memobj.c.o
                0x0000000000028f54                nrf_memobj_read
 .text.sd_app_evt_wait
                0x0000000000028fbc        0x4 _build/nrf52840_xxaa/nrf_pwr_mgmt.c.o
 .text.nrf_pwr_mgmt_init
                0x0000000000028fc0       0x2c _build/nrf52840_xxaa/nrf_pwr_mgmt.c.o
                0x0000000000028fc0                nrf_pwr_mgmt_init
 .text.nrf_pwr_mgmt_run
                0x0000000000028fec       0x54 _build/nrf52840_xxaa/nrf_pwr_mgmt.c.o
                0x0000000000028fec                nrf_pwr_mgmt_run
 .text.nrf_ringbuf_init
                0x0000000000029040       0x1c _build/nrf52840_xxaa/nrf_ringbuf.c.o
                0x0000000000029040                nrf_ringbuf_init
 .text.nrf_section_iter_init
                0x000000000002905c       0x14 _build/nrf52840_xxaa/nrf_section_iter.c.o
                0x000000000002905c                nrf_section_iter_init
 .text.nrf_section_iter_next
                0x0000000000029070       0x18 _build/nrf52840_xxaa/nrf_section_iter.c.o
                0x0000000000029070                nrf_section_iter_next
 .text.nrf_sortlist_add
                0x0000000000029088       0x28 _build/nrf52840_xxaa/nrf_sortlist.c.o
                0x0000000000029088                nrf_sortlist_add
 .text.nrf_sortlist_pop
                0x00000000000290b0        0xc _build/nrf52840_xxaa/nrf_sortlist.c.o
                0x00000000000290b0                nrf_sortlist_pop
 .text.nrf_sortlist_peek
                0x00000000000290bc        0x8 _build/nrf52840_xxaa/nrf_sortlist.c.o
                0x00000000000290bc                nrf_sortlist_peek
 .text.nrf_sortlist_remove
                0x00000000000290c4       0x1c _build/nrf52840_xxaa/nrf_sortlist.c.o
                0x00000000000290c4                nrf_sortlist_remove
 .text.nrf_strerror_get
                0x00000000000290e0       0x50 _build/nrf52840_xxaa/nrf_strerror.c.o
                0x00000000000290e0                nrf_strerror_get
 .text.SystemInit
                0x0000000000029130      0x1c4 _build/nrf52840_xxaa/system_nrf52840.c.o
                0x0000000000029130                SystemInit
 .text.bsp_board_led_state_get
                0x00000000000292f4       0x28 _build/nrf52840_xxaa/boards.c.o
                0x00000000000292f4                bsp_board_led_state_get
 .text.bsp_board_led_on
                0x000000000002931c       0x24 _build/nrf52840_xxaa/boards.c.o
                0x000000000002931c                bsp_board_led_on
 .text.bsp_board_led_off
                0x0000000000029340       0x24 _build/nrf52840_xxaa/boards.c.o
                0x0000000000029340                bsp_board_led_off
 .text.bsp_board_leds_off
                0x0000000000029364       0x14 _build/nrf52840_xxaa/boards.c.o
                0x0000000000029364                bsp_board_leds_off
 .text.bsp_board_leds_on
                0x0000000000029378       0x14 _build/nrf52840_xxaa/boards.c.o
                0x0000000000029378                bsp_board_leds_on
 .text.bsp_board_led_invert
                0x000000000002938c       0x34 _build/nrf52840_xxaa/boards.c.o
                0x000000000002938c                bsp_board_led_invert
 .text.bsp_board_pin_to_button_idx
                0x00000000000293c0        0xc _build/nrf52840_xxaa/boards.c.o
                0x00000000000293c0                bsp_board_pin_to_button_idx
 .text.bsp_board_init
                0x00000000000293cc       0x48 _build/nrf52840_xxaa/boards.c.o
                0x00000000000293cc                bsp_board_init
 .text.clock_irq_handler
                0x0000000000029414       0x44 _build/nrf52840_xxaa/nrf_drv_clock.c.o
 .text.soc_evt_handler
                0x0000000000029458       0x28 _build/nrf52840_xxaa/nrf_drv_clock.c.o
 .text.sd_state_evt_handler
                0x0000000000029480       0xa8 _build/nrf52840_xxaa/nrf_drv_clock.c.o
 .text.uarte_evt_handler
                0x0000000000029528       0x34 _build/nrf52840_xxaa/nrf_drv_uart.c.o
 .text.uart_evt_handler
                0x000000000002955c       0x34 _build/nrf52840_xxaa/nrf_drv_uart.c.o
 .text.nrf_drv_uart_init
                0x0000000000029590       0x88 _build/nrf52840_xxaa/nrf_drv_uart.c.o
                0x0000000000029590                nrf_drv_uart_init
 .text.nrfx_clock_init
                0x0000000000029618       0x18 _build/nrf52840_xxaa/nrfx_clock.c.o
                0x0000000000029618                nrfx_clock_init
 .text.nrfx_clock_enable
                0x0000000000029630       0x24 _build/nrf52840_xxaa/nrfx_clock.c.o
                0x0000000000029630                nrfx_clock_enable
 .text.nrfx_clock_lfclk_stop
                0x0000000000029654       0x18 _build/nrf52840_xxaa/nrfx_clock.c.o
                0x0000000000029654                nrfx_clock_lfclk_stop
 .text.POWER_CLOCK_IRQHandler
                0x000000000002966c       0x6c _build/nrf52840_xxaa/nrfx_clock.c.o
                0x000000000002966c                POWER_CLOCK_IRQHandler
 .text.nrfx_gpiote_init
                0x00000000000296d8       0x9c _build/nrf52840_xxaa/nrfx_gpiote.c.o
                0x00000000000296d8                nrfx_gpiote_init
 .text.nrfx_gpiote_is_init
                0x0000000000029774       0x14 _build/nrf52840_xxaa/nrfx_gpiote.c.o
                0x0000000000029774                nrfx_gpiote_is_init
 .text.nrfx_gpiote_in_init
                0x0000000000029788      0x1e4 _build/nrf52840_xxaa/nrfx_gpiote.c.o
                0x0000000000029788                nrfx_gpiote_in_init
 .text.nrfx_gpiote_in_event_enable
                0x000000000002996c       0xd8 _build/nrf52840_xxaa/nrfx_gpiote.c.o
                0x000000000002996c                nrfx_gpiote_in_event_enable
 .text.nrfx_gpiote_in_is_set
                0x0000000000029a44       0x20 _build/nrf52840_xxaa/nrfx_gpiote.c.o
                0x0000000000029a44                nrfx_gpiote_in_is_set
 .text.GPIOTE_IRQHandler
                0x0000000000029a64      0x5a0 _build/nrf52840_xxaa/nrfx_gpiote.c.o
                0x0000000000029a64                GPIOTE_IRQHandler
 .text.UARTE0_UART0_IRQHandler
                0x000000000002a004        0xc _build/nrf52840_xxaa/nrfx_prs.c.o
                0x000000000002a004                UARTE0_UART0_IRQHandler
 .text.nrfx_prs_acquire
                0x000000000002a010       0x50 _build/nrf52840_xxaa/nrfx_prs.c.o
                0x000000000002a010                nrfx_prs_acquire
 .text.nrfx_prs_release
                0x000000000002a060       0x18 _build/nrf52840_xxaa/nrfx_prs.c.o
                0x000000000002a060                nrfx_prs_release
 .text.nrfx_uart_0_irq_handler
                0x000000000002a078      0x1c4 _build/nrf52840_xxaa/nrfx_uart.c.o
                0x000000000002a078                nrfx_uart_0_irq_handler
 .text.nrfx_uart_init
                0x000000000002a23c      0x1e8 _build/nrf52840_xxaa/nrfx_uart.c.o
                0x000000000002a23c                nrfx_uart_init
 .text.nrfx_uart_uninit
                0x000000000002a424       0xfc _build/nrf52840_xxaa/nrfx_uart.c.o
                0x000000000002a424                nrfx_uart_uninit
 .text.nrfx_uart_tx
                0x000000000002a520       0xd0 _build/nrf52840_xxaa/nrfx_uart.c.o
                0x000000000002a520                nrfx_uart_tx
 .text.nrfx_uarte_0_irq_handler
                0x000000000002a5f0      0x168 _build/nrf52840_xxaa/nrfx_uarte.c.o
                0x000000000002a5f0                nrfx_uarte_0_irq_handler
 .text.nrfx_uarte_init
                0x000000000002a758      0x220 _build/nrf52840_xxaa/nrfx_uarte.c.o
                0x000000000002a758                nrfx_uarte_init
 .text.nrfx_uarte_uninit
                0x000000000002a978      0x138 _build/nrf52840_xxaa/nrfx_uarte.c.o
                0x000000000002a978                nrfx_uarte_uninit
 .text.nrfx_uarte_tx
                0x000000000002aab0       0xb4 _build/nrf52840_xxaa/nrfx_uarte.c.o
                0x000000000002aab0                nrfx_uarte_tx
 .text.sd_ble_gap_adv_set_configure
                0x000000000002ab64        0x4 _build/nrf52840_xxaa/main.c.o
 .text.sd_ble_gap_adv_start
                0x000000000002ab68        0x4 _build/nrf52840_xxaa/main.c.o
 .text.sd_ble_gap_tx_power_set
                0x000000000002ab6c        0x4 _build/nrf52840_xxaa/main.c.o
 .text.startup.main
                0x000000000002ab70      0x18c _build/nrf52840_xxaa/main.c.o
                0x000000000002ab70                main
 .text.ble_evt_handler
                0x000000000002acfc      0x1d4 _build/nrf52840_xxaa/ble_conn_params.c.o
 .text.ble_evt_handler
                0x000000000002aed0      0x160 _build/nrf52840_xxaa/ble_conn_state.c.o
 .text.ble_srv_is_notification_enabled
                0x000000000002b030        0x8 _build/nrf52840_xxaa/ble_srv_common.c.o
                0x000000000002b030                ble_srv_is_notification_enabled
 .text.sd_softdevice_enable
                0x000000000002b038        0x4 _build/nrf52840_xxaa/nrf_sdh.c.o
 .text.nrf_sdh_enable_request
                0x000000000002b03c      0x118 _build/nrf52840_xxaa/nrf_sdh.c.o
                0x000000000002b03c                nrf_sdh_enable_request
 .text.nrf_sdh_is_enabled
                0x000000000002b154        0xc _build/nrf52840_xxaa/nrf_sdh.c.o
                0x000000000002b154                nrf_sdh_is_enabled
 .text.SWI2_EGU2_IRQHandler
                0x000000000002b160       0x2c _build/nrf52840_xxaa/nrf_sdh.c.o
                0x000000000002b160                SWI2_EGU2_IRQHandler
 .text.sd_ble_enable
                0x000000000002b18c        0x4 _build/nrf52840_xxaa/nrf_sdh_ble.c.o
 .text.sd_ble_cfg_set
                0x000000000002b190        0x4 _build/nrf52840_xxaa/nrf_sdh_ble.c.o
 .text.sd_ble_evt_get
                0x000000000002b194        0x4 _build/nrf52840_xxaa/nrf_sdh_ble.c.o
 .text.nrf_sdh_ble_evts_poll
                0x000000000002b198       0x5c _build/nrf52840_xxaa/nrf_sdh_ble.c.o
 .text.nrf_sdh_ble_default_cfg_set
                0x000000000002b1f4      0x17c _build/nrf52840_xxaa/nrf_sdh_ble.c.o
                0x000000000002b1f4                nrf_sdh_ble_default_cfg_set
 .text.nrf_sdh_ble_enable
                0x000000000002b370       0xa0 _build/nrf52840_xxaa/nrf_sdh_ble.c.o
                0x000000000002b370                nrf_sdh_ble_enable
 .text.sd_evt_get
                0x000000000002b410        0x4 _build/nrf52840_xxaa/nrf_sdh_soc.c.o
 .text.nrf_sdh_soc_evts_poll
                0x000000000002b414       0x4c _build/nrf52840_xxaa/nrf_sdh_soc.c.o
 .text.exit     0x000000000002b460       0x28 /Users/nams/Downloads/gcc-arm-none-eabi-9-2019-q4-major/bin/../lib/gcc/arm-none-eabi/9.2.1/../../../../arm-none-eabi/lib/thumb/v7e-m+fp/hard/libc_nano.a(lib_a-exit.o)
                0x000000000002b460                exit
 .text.__libc_init_array
                0x000000000002b488       0x48 /Users/nams/Downloads/gcc-arm-none-eabi-9-2019-q4-major/bin/../lib/gcc/arm-none-eabi/9.2.1/../../../../arm-none-eabi/lib/thumb/v7e-m+fp/hard/libc_nano.a(lib_a-init.o)
                0x000000000002b488                __libc_init_array
 .text.memcpy   0x000000000002b4d0       0x1c /Users/nams/Downloads/gcc-arm-none-eabi-9-2019-q4-major/bin/../lib/gcc/arm-none-eabi/9.2.1/../../../../arm-none-eabi/lib/thumb/v7e-m+fp/hard/libc_nano.a(lib_a-memcpy-stub.o)
                0x000000000002b4d0                memcpy
 .text.memset   0x000000000002b4ec       0x10 /Users/nams/Downloads/gcc-arm-none-eabi-9-2019-q4-major/bin/../lib/gcc/arm-none-eabi/9.2.1/../../../../arm-none-eabi/lib/thumb/v7e-m+fp/hard/libc_nano.a(lib_a-memset.o)
                0x000000000002b4ec                memset
 .text          0x000000000002b4fc       0x10 /Users/nams/Downloads/gcc-arm-none-eabi-9-2019-q4-major/bin/../lib/gcc/arm-none-eabi/9.2.1/../../../../arm-none-eabi/lib/thumb/v7e-m+fp/hard/libc_nano.a(lib_a-strlen.o)
                0x000000000002b4fc                strlen
 .text._exit    0x000000000002b50c        0x4 /Users/nams/Downloads/gcc-arm-none-eabi-9-2019-q4-major/bin/../lib/gcc/arm-none-eabi/9.2.1/../../../../arm-none-eabi/lib/thumb/v7e-m+fp/hard/libnosys.a(_exit.o)
                0x000000000002b50c                _exit
 .text          0x000000000002b510       0x30 /Users/nams/Downloads/gcc-arm-none-eabi-9-2019-q4-major/bin/../lib/gcc/arm-none-eabi/9.2.1/thumb/v7e-m+fp/hard/libgcc.a(_aeabi_uldivmod.o)
                0x000000000002b510                __aeabi_uldivmod
 .text          0x000000000002b540      0x2c4 /Users/nams/Downloads/gcc-arm-none-eabi-9-2019-q4-major/bin/../lib/gcc/arm-none-eabi/9.2.1/thumb/v7e-m+fp/hard/libgcc.a(_udivmoddi4.o)
                0x000000000002b540                __udivmoddi4
 .text          0x000000000002b804        0x4 /Users/nams/Downloads/gcc-arm-none-eabi-9-2019-q4-major/bin/../lib/gcc/arm-none-eabi/9.2.1/thumb/v7e-m+fp/hard/libgcc.a(_dvmd_tls.o)
                0x000000000002b804                __aeabi_ldiv0
                0x000000000002b804                __aeabi_idiv0
 *(.init)
 .init          0x000000000002b808        0x4 /Users/nams/Downloads/gcc-arm-none-eabi-9-2019-q4-major/bin/../lib/gcc/arm-none-eabi/9.2.1/thumb/v7e-m+fp/hard/crti.o
                0x000000000002b808                _init
 .init          0x000000000002b80c        0x8 /Users/nams/Downloads/gcc-arm-none-eabi-9-2019-q4-major/bin/../lib/gcc/arm-none-eabi/9.2.1/thumb/v7e-m+fp/hard/crtn.o
 *(.fini)
 .fini          0x000000000002b814        0x4 /Users/nams/Downloads/gcc-arm-none-eabi-9-2019-q4-major/bin/../lib/gcc/arm-none-eabi/9.2.1/thumb/v7e-m+fp/hard/crti.o
                0x000000000002b814                _fini
 .fini          0x000000000002b818        0x8 /Users/nams/Downloads/gcc-arm-none-eabi-9-2019-q4-major/bin/../lib/gcc/arm-none-eabi/9.2.1/thumb/v7e-m+fp/hard/crtn.o
 *crtbegin.o(.ctors)
 *crtbegin?.o(.ctors)
 *(EXCLUDE_FILE(*crtend.o *crtend?.o) .ctors)
 *(SORT_BY_NAME(.ctors.*))
 *(.ctors)
 *crtbegin.o(.dtors)
 *crtbegin?.o(.dtors)
 *(EXCLUDE_FILE(*crtend.o *crtend?.o) .dtors)
 *(SORT_BY_NAME(.dtors.*))
 *(.dtors)
 *(.rodata*)
 .rodata        0x000000000002b820       0x20 _build/nrf52840_xxaa/nrf_log_backend_uart.c.o
 .rodata.nrf_log_backend_uart_api
                0x000000000002b840        0xc _build/nrf52840_xxaa/nrf_log_backend_uart.c.o
                0x000000000002b840                nrf_log_backend_uart_api
 .rodata.str1.4
                0x000000000002b84c       0x11 _build/nrf52840_xxaa/nrf_log_default_backends.c.o
 *fill*         0x000000000002b85d        0x3 
 .rodata.nrf_log_frontend_dequeue.str1.4
                0x000000000002b860       0x11 _build/nrf52840_xxaa/nrf_log_frontend.c.o
 *fill*         0x000000000002b871        0x3 
 .rodata.str1.4
                0x000000000002b874        0x4 _build/nrf52840_xxaa/nrf_log_frontend.c.o
 .rodata.m_log_push_ringbuf
                0x000000000002b878        0xc _build/nrf52840_xxaa/nrf_log_frontend.c.o
 .rodata.prefix_process.str1.4
                0x000000000002b884       0x36 _build/nrf52840_xxaa/nrf_log_str_formatter.c.o
 *fill*         0x000000000002b8ba        0x2 
 .rodata.nrf_log_std_entry_process.str1.4
                0x000000000002b8bc        0x3 _build/nrf52840_xxaa/nrf_log_str_formatter.c.o
 *fill*         0x000000000002b8bf        0x1 
 .rodata.nrf_log_hexdump_entry_process.str1.4
                0x000000000002b8c0       0x13 _build/nrf52840_xxaa/nrf_log_str_formatter.c.o
                                         0x16 (size before relaxing)
 *fill*         0x000000000002b8d3        0x1 
 .rodata.str1.4
                0x000000000002b8d4       0x56 _build/nrf52840_xxaa/nrf_log_str_formatter.c.o
 *fill*         0x000000000002b92a        0x2 
 .rodata.m_colors
                0x000000000002b92c       0x24 _build/nrf52840_xxaa/nrf_log_str_formatter.c.o
 .rodata.severity_names
                0x000000000002b950       0x14 _build/nrf52840_xxaa/nrf_log_str_formatter.c.o
 .rodata.str1.4
                0x000000000002b964        0xb _build/nrf52840_xxaa/app_button.c.o
 *fill*         0x000000000002b96f        0x1 
 .rodata.m_detection_delay_timer_id
                0x000000000002b970        0x4 _build/nrf52840_xxaa/app_button.c.o
 .rodata.app_error_fault_handler.str1.4
                0x000000000002b974       0x19 _build/nrf52840_xxaa/app_error_weak.c.o
 *fill*         0x000000000002b98d        0x3 
 .rodata.str1.4
                0x000000000002b990        0xa _build/nrf52840_xxaa/app_timer2.c.o
 *fill*         0x000000000002b99a        0x2 
 .rodata        0x000000000002b99c        0x4 _build/nrf52840_xxaa/app_timer2.c.o
 .rodata.m_app_timer_sortlist
                0x000000000002b9a0        0xc _build/nrf52840_xxaa/app_timer2.c.o
 .rodata.drv_rtc_init.str1.4
                0x000000000002b9ac       0x36 _build/nrf52840_xxaa/drv_rtc.c.o
 *fill*         0x000000000002b9e2        0xe 
 .rodata.delay_machine_code.8746
                0x000000000002b9f0        0x6 _build/nrf52840_xxaa/drv_rtc.c.o
 *fill*         0x000000000002b9f6        0x2 
 .rodata.app_buttons
                0x000000000002b9f8        0x8 _build/nrf52840_xxaa/bsp.c.o
 .rodata.m_bsp_alert_tmr
                0x000000000002ba00        0x4 _build/nrf52840_xxaa/bsp.c.o
 .rodata.m_bsp_button_tmr
                0x000000000002ba04        0x4 _build/nrf52840_xxaa/bsp.c.o
 .rodata.m_bsp_leds_tmr
                0x000000000002ba08        0x4 _build/nrf52840_xxaa/bsp.c.o
 .rodata._aV2C.7806
                0x000000000002ba0c       0x10 _build/nrf52840_xxaa/nrf_fprintf_format.c.o
 .rodata.str1.4
                0x000000000002ba1c        0x9 _build/nrf52840_xxaa/nrf_pwr_mgmt.c.o
 *fill*         0x000000000002ba25        0x3 
 .rodata.pwr_mgmt_data
                0x000000000002ba28        0xc _build/nrf52840_xxaa/nrf_pwr_mgmt.c.o
 .rodata.str1.4
                0x000000000002ba34        0x9 _build/nrf52840_xxaa/nrf_sortlist.c.o
 *fill*         0x000000000002ba3d        0x3 
 .rodata.str1.4
                0x000000000002ba40      0x3e9 _build/nrf52840_xxaa/nrf_strerror.c.o
 *fill*         0x000000000002be29        0x3 
 .rodata.m_unknown_str
                0x000000000002be2c       0x13 _build/nrf52840_xxaa/nrf_strerror.c.o
 *fill*         0x000000000002be3f        0x1 
 .rodata.nrf_strerror_array
                0x000000000002be40      0x128 _build/nrf52840_xxaa/nrf_strerror.c.o
 .rodata.m_board_led_list
                0x000000000002bf68        0x2 _build/nrf52840_xxaa/boards.c.o
 *fill*         0x000000000002bf6a        0x2 
 .rodata.str1.4
                0x000000000002bf6c        0x6 _build/nrf52840_xxaa/nrf_drv_clock.c.o
 *fill*         0x000000000002bf72        0x2 
 .rodata.str1.4
                0x000000000002bf74        0x6 _build/nrf52840_xxaa/nrfx_clock.c.o
 *fill*         0x000000000002bf7a        0x2 
 .rodata.str1.4
                0x000000000002bf7c        0x7 _build/nrf52840_xxaa/nrfx_gpiote.c.o
 *fill*         0x000000000002bf83        0x1 
 .rodata.str1.4
                0x000000000002bf84        0x4 _build/nrf52840_xxaa/nrfx_prs.c.o
 .rodata.str1.4
                0x000000000002bf88        0x5 _build/nrf52840_xxaa/nrfx_uart.c.o
 *fill*         0x000000000002bf8d        0x3 
 .rodata.str1.4
                0x000000000002bf90        0x6 _build/nrf52840_xxaa/nrfx_uarte.c.o
 *fill*         0x000000000002bf96        0x2 
 .rodata.main.str1.4
                0x000000000002bf98       0x18 _build/nrf52840_xxaa/main.c.o
 .rodata.str1.4
                0x000000000002bfb0        0xd _build/nrf52840_xxaa/nrf_ble_gatt.c.o
 *fill*         0x000000000002bfbd        0x3 
 .rodata.str1.4
                0x000000000002bfc0        0x8 _build/nrf52840_xxaa/nrf_sdh.c.o
 .rodata        0x000000000002bfc8        0x4 _build/nrf52840_xxaa/nrf_sdh.c.o
 .rodata.sdh_req_observers
                0x000000000002bfcc        0xc _build/nrf52840_xxaa/nrf_sdh.c.o
 .rodata.sdh_stack_observers
                0x000000000002bfd8        0xc _build/nrf52840_xxaa/nrf_sdh.c.o
 .rodata.sdh_state_observers
                0x000000000002bfe4        0xc _build/nrf52840_xxaa/nrf_sdh.c.o
 .rodata.nrf_sdh_ble_default_cfg_set.str1.4
                0x000000000002bff0      0x187 _build/nrf52840_xxaa/nrf_sdh_ble.c.o
 *fill*         0x000000000002c177        0x1 
 .rodata.nrf_sdh_ble_enable.str1.4
                0x000000000002c178       0xad _build/nrf52840_xxaa/nrf_sdh_ble.c.o
 *fill*         0x000000000002c225        0x3 
 .rodata.str1.4
                0x000000000002c228        0xc _build/nrf52840_xxaa/nrf_sdh_ble.c.o
 .rodata.sdh_ble_observers
                0x000000000002c234        0xc _build/nrf52840_xxaa/nrf_sdh_ble.c.o
 .rodata.str1.4
                0x000000000002c240        0xc _build/nrf52840_xxaa/nrf_sdh_soc.c.o
 .rodata.sdh_soc_observers
                0x000000000002c24c        0xc _build/nrf52840_xxaa/nrf_sdh_soc.c.o
 .rodata._ctype_
                0x000000000002c258      0x101 /Users/nams/Downloads/gcc-arm-none-eabi-9-2019-q4-major/bin/../lib/gcc/arm-none-eabi/9.2.1/../../../../arm-none-eabi/lib/thumb/v7e-m+fp/hard/libc_nano.a(lib_a-ctype_.o)
                0x000000000002c258                _ctype_
 *fill*         0x000000000002c359        0x3 
 .rodata._global_impure_ptr
                0x000000000002c35c        0x4 /Users/nams/Downloads/gcc-arm-none-eabi-9-2019-q4-major/bin/../lib/gcc/arm-none-eabi/9.2.1/../../../../arm-none-eabi/lib/thumb/v7e-m+fp/hard/libc_nano.a(lib_a-impure.o)
                0x000000000002c35c                _global_impure_ptr
 *(.eh_frame*)
 .eh_frame      0x000000000002c360        0x0 /Users/nams/Downloads/gcc-arm-none-eabi-9-2019-q4-major/bin/../lib/gcc/arm-none-eabi/9.2.1/thumb/v7e-m+fp/hard/crtbegin.o
 .eh_frame      0x000000000002c360        0x4 /Users/nams/Downloads/gcc-arm-none-eabi-9-2019-q4-major/bin/../lib/gcc/arm-none-eabi/9.2.1/thumb/v7e-m+fp/hard/crtend.o

.glue_7         0x000000000002c364        0x0
 .glue_7        0x000000000002c364        0x0 linker stubs

.glue_7t        0x000000000002c364        0x0
 .glue_7t       0x000000000002c364        0x0 linker stubs

.vfp11_veneer   0x000000000002c364        0x0
 .vfp11_veneer  0x000000000002c364        0x0 linker stubs

.v4_bx          0x000000000002c364        0x0
 .v4_bx         0x000000000002c364        0x0 linker stubs

.iplt           0x000000000002c364        0x0
 .iplt          0x000000000002c364        0x0 /Users/nams/Downloads/gcc-arm-none-eabi-9-2019-q4-major/bin/../lib/gcc/arm-none-eabi/9.2.1/thumb/v7e-m+fp/hard/crtbegin.o

.mem_section_dummy_rom

.sdh_soc_observers
                0x000000000002c364        0x8
                0x000000000002c364                PROVIDE (__start_sdh_soc_observers = .)
 *(SORT_BY_NAME(.sdh_soc_observers*))
 .sdh_soc_observers0
                0x000000000002c364        0x8 _build/nrf52840_xxaa/nrf_drv_clock.c.o
                0x000000000002c36c                PROVIDE (__stop_sdh_soc_observers = .)

.pwr_mgmt_data  0x000000000002c36c        0x0
                0x000000000002c36c                PROVIDE (__start_pwr_mgmt_data = .)
 *(SORT_BY_NAME(.pwr_mgmt_data*))
                0x000000000002c36c                PROVIDE (__stop_pwr_mgmt_data = .)

.sdh_ble_observers
                0x000000000002c36c       0x10
                0x000000000002c36c                PROVIDE (__start_sdh_ble_observers = .)
 *(SORT_BY_NAME(.sdh_ble_observers*))
 .sdh_ble_observers0
                0x000000000002c36c        0x8 _build/nrf52840_xxaa/ble_conn_state.c.o
 .sdh_ble_observers1
                0x000000000002c374        0x8 _build/nrf52840_xxaa/ble_conn_params.c.o
                0x000000000002c37c                PROVIDE (__stop_sdh_ble_observers = .)

.sdh_state_observers
                0x000000000002c37c        0x8
                0x000000000002c37c                PROVIDE (__start_sdh_state_observers = .)
 *(SORT_BY_NAME(.sdh_state_observers*))
 .sdh_state_observers0
                0x000000000002c37c        0x8 _build/nrf52840_xxaa/nrf_drv_clock.c.o
                0x000000000002c384                PROVIDE (__stop_sdh_state_observers = .)

.sdh_stack_observers
                0x000000000002c384       0x10
                0x000000000002c384                PROVIDE (__start_sdh_stack_observers = .)
 *(SORT_BY_NAME(.sdh_stack_observers*))
 .sdh_stack_observers0
                0x000000000002c384        0x8 _build/nrf52840_xxaa/nrf_sdh_ble.c.o
 .sdh_stack_observers0
                0x000000000002c38c        0x8 _build/nrf52840_xxaa/nrf_sdh_soc.c.o
                0x000000000002c394                PROVIDE (__stop_sdh_stack_observers = .)

.sdh_req_observers
                0x000000000002c394        0x0
                0x000000000002c394                PROVIDE (__start_sdh_req_observers = .)
 *(SORT_BY_NAME(.sdh_req_observers*))
                0x000000000002c394                PROVIDE (__stop_sdh_req_observers = .)

.nrf_queue      0x000000000002c394        0x0
                [!provide]                        PROVIDE (__start_nrf_queue = .)
 *(.nrf_queue)
                [!provide]                        PROVIDE (__stop_nrf_queue = .)

.nrf_balloc     0x000000000002c394       0x14
                [!provide]                        PROVIDE (__start_nrf_balloc = .)
 *(.nrf_balloc)
 .nrf_balloc    0x000000000002c394       0x14 _build/nrf52840_xxaa/nrf_log_frontend.c.o
                0x000000000002c394                log_mempool
                [!provide]                        PROVIDE (__stop_nrf_balloc = .)

.cli_command    0x000000000002c3a8        0x0
                [!provide]                        PROVIDE (__start_cli_command = .)
 *(.cli_command)
                [!provide]                        PROVIDE (__stop_cli_command = .)

.crypto_data    0x000000000002c3a8        0x0
                [!provide]                        PROVIDE (__start_crypto_data = .)
 *(SORT_BY_NAME(.crypto_data*))
                [!provide]                        PROVIDE (__stop_crypto_data = .)

.log_const_data
                0x000000000002c3a8       0x78
                0x000000000002c3a8                PROVIDE (__start_log_const_data = .)
 *(SORT_BY_NAME(.log_const_data*))
 .log_const_data_CLOCK
                0x000000000002c3a8        0x8 _build/nrf52840_xxaa/nrfx_clock.c.o
                0x000000000002c3a8                m_nrf_log_CLOCK_logs_data_const
 .log_const_data_GPIOTE
                0x000000000002c3b0        0x8 _build/nrf52840_xxaa/nrfx_gpiote.c.o
                0x000000000002c3b0                m_nrf_log_GPIOTE_logs_data_const
 .log_const_data_PRS
                0x000000000002c3b8        0x8 _build/nrf52840_xxaa/nrfx_prs.c.o
                0x000000000002c3b8                m_nrf_log_PRS_logs_data_const
 .log_const_data_UART
                0x000000000002c3c0        0x8 _build/nrf52840_xxaa/nrfx_uart.c.o
                0x000000000002c3c0                m_nrf_log_UART_logs_data_const
 .log_const_data_UARTE
                0x000000000002c3c8        0x8 _build/nrf52840_xxaa/nrfx_uarte.c.o
                0x000000000002c3c8                m_nrf_log_UARTE_logs_data_const
 .log_const_data_app
                0x000000000002c3d0        0x8 _build/nrf52840_xxaa/nrf_log_frontend.c.o
                0x000000000002c3d0                m_nrf_log_app_logs_data_const
 .log_const_data_app_button
                0x000000000002c3d8        0x8 _build/nrf52840_xxaa/app_button.c.o
                0x000000000002c3d8                m_nrf_log_app_button_logs_data_const
 .log_const_data_app_timer
                0x000000000002c3e0        0x8 _build/nrf52840_xxaa/app_timer2.c.o
                0x000000000002c3e0                m_nrf_log_app_timer_logs_data_const
 .log_const_data_clock
                0x000000000002c3e8        0x8 _build/nrf52840_xxaa/nrf_drv_clock.c.o
                0x000000000002c3e8                m_nrf_log_clock_logs_data_const
 .log_const_data_nrf_ble_gatt
                0x000000000002c3f0        0x8 _build/nrf52840_xxaa/nrf_ble_gatt.c.o
                0x000000000002c3f0                m_nrf_log_nrf_ble_gatt_logs_data_const
 .log_const_data_nrf_sdh
                0x000000000002c3f8        0x8 _build/nrf52840_xxaa/nrf_sdh.c.o
                0x000000000002c3f8                m_nrf_log_nrf_sdh_logs_data_const
 .log_const_data_nrf_sdh_ble
                0x000000000002c400        0x8 _build/nrf52840_xxaa/nrf_sdh_ble.c.o
                0x000000000002c400                m_nrf_log_nrf_sdh_ble_logs_data_const
 .log_const_data_nrf_sdh_soc
                0x000000000002c408        0x8 _build/nrf52840_xxaa/nrf_sdh_soc.c.o
                0x000000000002c408                m_nrf_log_nrf_sdh_soc_logs_data_const
 .log_const_data_pwr_mgmt
                0x000000000002c410        0x8 _build/nrf52840_xxaa/nrf_pwr_mgmt.c.o
                0x000000000002c410                m_nrf_log_pwr_mgmt_logs_data_const
 .log_const_data_sortlist
                0x000000000002c418        0x8 _build/nrf52840_xxaa/nrf_sortlist.c.o
                0x000000000002c418                m_nrf_log_sortlist_logs_data_const
                0x000000000002c420                PROVIDE (__stop_log_const_data = .)

.log_backends   0x000000000002c420       0x10
                [!provide]                        PROVIDE (__start_log_backends = .)
 *(SORT_BY_NAME(.log_backends*))
 .log_backends  0x000000000002c420       0x10 _build/nrf52840_xxaa/nrf_log_default_backends.c.o
                [!provide]                        PROVIDE (__stop_log_backends = .)

.ARM.extab
 *(.ARM.extab* .gnu.linkonce.armextab.*)
                0x000000000002c430                __exidx_start = .

.ARM.exidx      0x000000000002c430        0x8
 *(.ARM.exidx* .gnu.linkonce.armexidx.*)
 .ARM.exidx     0x000000000002c430        0x8 /Users/nams/Downloads/gcc-arm-none-eabi-9-2019-q4-major/bin/../lib/gcc/arm-none-eabi/9.2.1/../../../../arm-none-eabi/lib/thumb/v7e-m+fp/hard/crt0.o
 .ARM.exidx     0x000000000002c438        0x0 /Users/nams/Downloads/gcc-arm-none-eabi-9-2019-q4-major/bin/../lib/gcc/arm-none-eabi/9.2.1/thumb/v7e-m+fp/hard/libgcc.a(_udivmoddi4.o)
                                          0x8 (size before relaxing)
                0x000000000002c438                __exidx_end = .
                0x000000000002c438                __etext = .

.rel.dyn        0x000000000002c438        0x0
 .rel.iplt      0x000000000002c438        0x0 /Users/nams/Downloads/gcc-arm-none-eabi-9-2019-q4-major/bin/../lib/gcc/arm-none-eabi/9.2.1/thumb/v7e-m+fp/hard/crtbegin.o

.data           0x00000000200022e0       0xa4 load address 0x000000000002c438
                0x00000000200022e0                __data_start__ = .
 *(vtable)
 *(.data*)
 .data.m_uart   0x00000000200022e0       0x14 _build/nrf52840_xxaa/nrf_log_backend_uart.c.o
                0x00000000200022e0                m_uart
 .data.log_backend_cb_uart_log_backend
                0x00000000200022f4        0x8 _build/nrf52840_xxaa/nrf_log_default_backends.c.o
 .data.m_rtc_inst
                0x00000000200022fc        0x8 _build/nrf52840_xxaa/app_timer2.c.o
 .data.SystemCoreClock
                0x0000000020002304        0x4 _build/nrf52840_xxaa/system_nrf52840.c.o
                0x0000000020002304                SystemCoreClock
 .data.m_adv_data
                0x0000000020002308       0x10 _build/nrf52840_xxaa/main.c.o
 .data.m_adv_handle
                0x0000000020002318        0x1 _build/nrf52840_xxaa/main.c.o
 *fill*         0x0000000020002319        0x3 
 .data.impure_data
                0x000000002000231c       0x60 /Users/nams/Downloads/gcc-arm-none-eabi-9-2019-q4-major/bin/../lib/gcc/arm-none-eabi/9.2.1/../../../../arm-none-eabi/lib/thumb/v7e-m+fp/hard/libc_nano.a(lib_a-impure.o)
                0x000000002000237c                . = ALIGN (0x4)
                0x000000002000237c                PROVIDE (__preinit_array_start = .)
 *(.preinit_array)
                0x000000002000237c                PROVIDE (__preinit_array_end = .)
                0x000000002000237c                . = ALIGN (0x4)
                0x000000002000237c                PROVIDE (__init_array_start = .)
 *(SORT_BY_NAME(.init_array.*))
 *(.init_array)
 .init_array    0x000000002000237c        0x4 /Users/nams/Downloads/gcc-arm-none-eabi-9-2019-q4-major/bin/../lib/gcc/arm-none-eabi/9.2.1/thumb/v7e-m+fp/hard/crtbegin.o
                0x0000000020002380                PROVIDE (__init_array_end = .)
                0x0000000020002380                . = ALIGN (0x4)
                [!provide]                        PROVIDE (__fini_array_start = .)
 *(SORT_BY_NAME(.fini_array.*))
 *(.fini_array)
 .fini_array    0x0000000020002380        0x4 /Users/nams/Downloads/gcc-arm-none-eabi-9-2019-q4-major/bin/../lib/gcc/arm-none-eabi/9.2.1/thumb/v7e-m+fp/hard/crtbegin.o
                [!provide]                        PROVIDE (__fini_array_end = .)
 *(.jcr*)
                0x0000000020002384                . = ALIGN (0x4)
                0x0000000020002384                __data_end__ = .
LOAD /Users/nams/Downloads/gcc-arm-none-eabi-9-2019-q4-major/bin/../lib/gcc/arm-none-eabi/9.2.1/thumb/v7e-m+fp/hard/crti.o
LOAD /Users/nams/Downloads/gcc-arm-none-eabi-9-2019-q4-major/bin/../lib/gcc/arm-none-eabi/9.2.1/thumb/v7e-m+fp/hard/crtbegin.o
LOAD /Users/nams/Downloads/gcc-arm-none-eabi-9-2019-q4-major/bin/../lib/gcc/arm-none-eabi/9.2.1/../../../../arm-none-eabi/lib/thumb/v7e-m+fp/hard/crt0.o
LOAD _build/nrf52840_xxaa/gcc_startup_nrf52840.S.o
LOAD _build/nrf52840_xxaa/nrf_log_backend_rtt.c.o
LOAD _build/nrf52840_xxaa/nrf_log_backend_serial.c.o
LOAD _build/nrf52840_xxaa/nrf_log_backend_uart.c.o
LOAD _build/nrf52840_xxaa/nrf_log_default_backends.c.o
LOAD _build/nrf52840_xxaa/nrf_log_frontend.c.o
LOAD _build/nrf52840_xxaa/nrf_log_str_formatter.c.o
LOAD _build/nrf52840_xxaa/app_button.c.o
LOAD _build/nrf52840_xxaa/app_error.c.o
LOAD _build/nrf52840_xxaa/app_error_handler_gcc.c.o
LOAD _build/nrf52840_xxaa/app_error_weak.c.o
LOAD _build/nrf52840_xxaa/app_scheduler.c.o
LOAD _build/nrf52840_xxaa/app_timer2.c.o
LOAD _build/nrf52840_xxaa/app_util_platform.c.o
LOAD _build/nrf52840_xxaa/drv_rtc.c.o
LOAD _build/nrf52840_xxaa/hardfault_implementation.c.o
LOAD _build/nrf52840_xxaa/nrf_assert.c.o
LOAD _build/nrf52840_xxaa/bsp.c.o
LOAD _build/nrf52840_xxaa/nrf_atfifo.c.o
LOAD _build/nrf52840_xxaa/nrf_atflags.c.o
LOAD _build/nrf52840_xxaa/nrf_atomic.c.o
LOAD _build/nrf52840_xxaa/nrf_balloc.c.o
LOAD _build/nrf52840_xxaa/nrf_fprintf.c.o
LOAD _build/nrf52840_xxaa/nrf_fprintf_format.c.o
LOAD _build/nrf52840_xxaa/nrf_memobj.c.o
LOAD _build/nrf52840_xxaa/nrf_pwr_mgmt.c.o
LOAD _build/nrf52840_xxaa/nrf_ringbuf.c.o
LOAD _build/nrf52840_xxaa/nrf_section_iter.c.o
LOAD _build/nrf52840_xxaa/nrf_sortlist.c.o
LOAD _build/nrf52840_xxaa/nrf_strerror.c.o
LOAD _build/nrf52840_xxaa/system_nrf52840.c.o
LOAD _build/nrf52840_xxaa/boards.c.o
LOAD _build/nrf52840_xxaa/nrf_drv_clock.c.o
LOAD _build/nrf52840_xxaa/nrf_drv_uart.c.o
LOAD _build/nrf52840_xxaa/nrfx_atomic.c.o
LOAD _build/nrf52840_xxaa/nrfx_clock.c.o
LOAD _build/nrf52840_xxaa/nrfx_gpiote.c.o
LOAD _build/nrf52840_xxaa/nrfx_prs.c.o
LOAD _build/nrf52840_xxaa/nrfx_uart.c.o
LOAD _build/nrf52840_xxaa/nrfx_uarte.c.o
LOAD _build/nrf52840_xxaa/main.c.o
LOAD _build/nrf52840_xxaa/SEGGER_RTT.c.o
LOAD _build/nrf52840_xxaa/SEGGER_RTT_Syscalls_GCC.c.o
LOAD _build/nrf52840_xxaa/SEGGER_RTT_printf.c.o
LOAD _build/nrf52840_xxaa/ble_advdata.c.o
LOAD _build/nrf52840_xxaa/ble_conn_params.c.o
LOAD _build/nrf52840_xxaa/ble_conn_state.c.o
LOAD _build/nrf52840_xxaa/ble_srv_common.c.o
LOAD _build/nrf52840_xxaa/nrf_ble_gatt.c.o
LOAD _build/nrf52840_xxaa/nrf_ble_qwr.c.o
LOAD _build/nrf52840_xxaa/utf.c.o
LOAD _build/nrf52840_xxaa/ble_lbs.c.o
LOAD _build/nrf52840_xxaa/nrf_sdh.c.o
LOAD _build/nrf52840_xxaa/nrf_sdh_ble.c.o
LOAD _build/nrf52840_xxaa/nrf_sdh_soc.c.o
LOAD /Users/nams/Downloads/gcc-arm-none-eabi-9-2019-q4-major/bin/../lib/gcc/arm-none-eabi/9.2.1/../../../../arm-none-eabi/lib/thumb/v7e-m+fp/hard/libc_nano.a
LOAD /Users/nams/Downloads/gcc-arm-none-eabi-9-2019-q4-major/bin/../lib/gcc/arm-none-eabi/9.2.1/../../../../arm-none-eabi/lib/thumb/v7e-m+fp/hard/libnosys.a
LOAD /Users/nams/Downloads/gcc-arm-none-eabi-9-2019-q4-major/bin/../lib/gcc/arm-none-eabi/9.2.1/../../../../arm-none-eabi/lib/thumb/v7e-m+fp/hard/libm.a
START GROUP
LOAD /Users/nams/Downloads/gcc-arm-none-eabi-9-2019-q4-major/bin/../lib/gcc/arm-none-eabi/9.2.1/thumb/v7e-m+fp/hard/libgcc.a
LOAD /Users/nams/Downloads/gcc-arm-none-eabi-9-2019-q4-major/bin/../lib/gcc/arm-none-eabi/9.2.1/../../../../arm-none-eabi/lib/thumb/v7e-m+fp/hard/libg_nano.a
LOAD /Users/nams/Downloads/gcc-arm-none-eabi-9-2019-q4-major/bin/../lib/gcc/arm-none-eabi/9.2.1/../../../../arm-none-eabi/lib/thumb/v7e-m+fp/hard/libc_nano.a
END GROUP
START GROUP
LOAD /Users/nams/Downloads/gcc-arm-none-eabi-9-2019-q4-major/bin/../lib/gcc/arm-none-eabi/9.2.1/thumb/v7e-m+fp/hard/libgcc.a
LOAD /Users/nams/Downloads/gcc-arm-none-eabi-9-2019-q4-major/bin/../lib/gcc/arm-none-eabi/9.2.1/../../../../arm-none-eabi/lib/thumb/v7e-m+fp/hard/libc_nano.a
END GROUP
LOAD /Users/nams/Downloads/gcc-arm-none-eabi-9-2019-q4-major/bin/../lib/gcc/arm-none-eabi/9.2.1/thumb/v7e-m+fp/hard/crtend.o
LOAD /Users/nams/Downloads/gcc-arm-none-eabi-9-2019-q4-major/bin/../lib/gcc/arm-none-eabi/9.2.1/thumb/v7e-m+fp/hard/crtn.o
START GROUP
LOAD /Users/nams/Downloads/gcc-arm-none-eabi-9-2019-q4-major/bin/../lib/gcc/arm-none-eabi/9.2.1/thumb/v7e-m+fp/hard/libgcc.a
LOAD /Users/nams/Downloads/gcc-arm-none-eabi-9-2019-q4-major/bin/../lib/gcc/arm-none-eabi/9.2.1/../../../../arm-none-eabi/lib/thumb/v7e-m+fp/hard/libc.a
LOAD /Users/nams/Downloads/gcc-arm-none-eabi-9-2019-q4-major/bin/../lib/gcc/arm-none-eabi/9.2.1/../../../../arm-none-eabi/lib/thumb/v7e-m+fp/hard/libnosys.a
END GROUP

.igot.plt       0x0000000020002384        0x0 load address 0x000000000002c4dc
 .igot.plt      0x0000000020002384        0x0 /Users/nams/Downloads/gcc-arm-none-eabi-9-2019-q4-major/bin/../lib/gcc/arm-none-eabi/9.2.1/thumb/v7e-m+fp/hard/crtbegin.o
                0x0000000020002384                . = ALIGN (0x4)

.mem_section_dummy_ram

.cli_sorted_cmd_ptrs
                0x0000000020002384        0x0
                [!provide]                        PROVIDE (__start_cli_sorted_cmd_ptrs = .)
 *(.cli_sorted_cmd_ptrs)
                [!provide]                        PROVIDE (__stop_cli_sorted_cmd_ptrs = .)

.fs_data        0x0000000020002384        0x0
                [!provide]                        PROVIDE (__start_fs_data = .)
 *(.fs_data)
                [!provide]                        PROVIDE (__stop_fs_data = .)

.log_dynamic_data
                0x0000000020002384        0x0
                0x0000000020002384                PROVIDE (__start_log_dynamic_data = .)
 *(SORT_BY_NAME(.log_dynamic_data*))
                [!provide]                        PROVIDE (__stop_log_dynamic_data = .)

.log_filter_data
                0x0000000020002384        0x0
                [!provide]                        PROVIDE (__start_log_filter_data = .)
 *(SORT_BY_NAME(.log_filter_data*))
                [!provide]                        PROVIDE (__stop_log_filter_data = .)

.bss            0x0000000020002388      0x96c load address 0x000000000002c4e0
                0x0000000020002388                . = ALIGN (0x4)
                0x0000000020002388                __bss_start__ = .
 *(.bss*)
 .bss           0x0000000020002388       0x1c /Users/nams/Downloads/gcc-arm-none-eabi-9-2019-q4-major/bin/../lib/gcc/arm-none-eabi/9.2.1/thumb/v7e-m+fp/hard/crtbegin.o
 .bss.m_async_mode
                0x00000000200023a4        0x1 _build/nrf52840_xxaa/nrf_log_backend_uart.c.o
 *fill*         0x00000000200023a5        0x3 
 .bss.m_string_buff
                0x00000000200023a8       0x40 _build/nrf52840_xxaa/nrf_log_backend_uart.c.o
 .bss.m_xfer_done
                0x00000000200023e8        0x1 _build/nrf52840_xxaa/nrf_log_backend_uart.c.o
 *fill*         0x00000000200023e9        0x3 
 .bss.log_mempool_nrf_balloc_cb
                0x00000000200023ec        0x8 _build/nrf52840_xxaa/nrf_log_frontend.c.o
 .bss.log_mempool_nrf_balloc_pool_mem
                0x00000000200023f4       0xc0 _build/nrf52840_xxaa/nrf_log_frontend.c.o
 .bss.log_mempool_nrf_balloc_pool_stack
                0x00000000200024b4        0x8 _build/nrf52840_xxaa/nrf_log_frontend.c.o
 *fill*         0x00000000200024bc        0x4 
 .bss.m_log_data
                0x00000000200024c0      0x424 _build/nrf52840_xxaa/nrf_log_frontend.c.o
 .bss.m_log_push_ringbuf_buf
                0x00000000200028e4       0x80 _build/nrf52840_xxaa/nrf_log_frontend.c.o
 .bss.m_log_push_ringbuf_cb
                0x0000000020002964       0x18 _build/nrf52840_xxaa/nrf_log_frontend.c.o
 .bss.m_button_count
                0x000000002000297c        0x1 _build/nrf52840_xxaa/app_button.c.o
 *fill*         0x000000002000297d        0x3 
 .bss.m_detection_delay
                0x0000000020002980        0x4 _build/nrf52840_xxaa/app_button.c.o
 *fill*         0x0000000020002984        0x4 
 .bss.m_detection_delay_timer_id_data
                0x0000000020002988       0x20 _build/nrf52840_xxaa/app_button.c.o
 .bss.m_pin_active
                0x00000000200029a8        0x8 _build/nrf52840_xxaa/app_button.c.o
 .bss.m_pin_states
                0x00000000200029b0       0x20 _build/nrf52840_xxaa/app_button.c.o
 .bss.mp_buttons
                0x00000000200029d0        0x4 _build/nrf52840_xxaa/app_button.c.o
 .bss.m_app_timer_sortlist_sortlist_cb
                0x00000000200029d4        0x4 _build/nrf52840_xxaa/app_timer2.c.o
 .bss.m_base_counter
                0x00000000200029d8        0x8 _build/nrf52840_xxaa/app_timer2.c.o
 .bss.m_global_active
                0x00000000200029e0        0x1 _build/nrf52840_xxaa/app_timer2.c.o
 *fill*         0x00000000200029e1        0x3 
 .bss.m_req_fifo_data
                0x00000000200029e4       0x58 _build/nrf52840_xxaa/app_timer2.c.o
 .bss.m_req_fifo_inst
                0x0000000020002a3c       0x10 _build/nrf52840_xxaa/app_timer2.c.o
 *fill*         0x0000000020002a4c        0x4 
 .bss.m_stamp64
                0x0000000020002a50        0x8 _build/nrf52840_xxaa/app_timer2.c.o
 .bss.mp_active_timer
                0x0000000020002a58        0x4 _build/nrf52840_xxaa/app_timer2.c.o
 .bss.m_cb      0x0000000020002a5c        0x8 _build/nrf52840_xxaa/drv_rtc.c.o
 .bss.m_handlers
                0x0000000020002a64        0x4 _build/nrf52840_xxaa/drv_rtc.c.o
 .bss.current_long_push_pin_no.9339
                0x0000000020002a68        0x1 _build/nrf52840_xxaa/bsp.c.o
 .bss.m_alert_on
                0x0000000020002a69        0x1 _build/nrf52840_xxaa/bsp.c.o
 *fill*         0x0000000020002a6a        0x6 
 .bss.m_bsp_alert_tmr_data
                0x0000000020002a70       0x20 _build/nrf52840_xxaa/bsp.c.o
 .bss.m_bsp_button_tmr_data
                0x0000000020002a90       0x20 _build/nrf52840_xxaa/bsp.c.o
 .bss.m_bsp_leds_tmr_data
                0x0000000020002ab0       0x20 _build/nrf52840_xxaa/bsp.c.o
 .bss.m_events_list
                0x0000000020002ad0        0x3 _build/nrf52840_xxaa/bsp.c.o
 *fill*         0x0000000020002ad3        0x1 
 .bss.m_indication_type
                0x0000000020002ad4        0x4 _build/nrf52840_xxaa/bsp.c.o
 .bss.m_leds_clear
                0x0000000020002ad8        0x1 _build/nrf52840_xxaa/bsp.c.o
 *fill*         0x0000000020002ad9        0x3 
 .bss.m_registered_callback
                0x0000000020002adc        0x4 _build/nrf52840_xxaa/bsp.c.o
 .bss.m_stable_state
                0x0000000020002ae0        0x1 _build/nrf52840_xxaa/bsp.c.o
 *fill*         0x0000000020002ae1        0x3 
 .bss.release_event_at_push.9340
                0x0000000020002ae4        0x1 _build/nrf52840_xxaa/bsp.c.o
 *fill*         0x0000000020002ae5        0x3 
 .bss.m_handlers_iter
                0x0000000020002ae8        0x8 _build/nrf52840_xxaa/nrf_pwr_mgmt.c.o
 .bss.m_shutdown_started
                0x0000000020002af0        0x1 _build/nrf52840_xxaa/nrf_pwr_mgmt.c.o
 *fill*         0x0000000020002af1        0x3 
 .bss.m_sysoff_mtx
                0x0000000020002af4        0x4 _build/nrf52840_xxaa/nrf_pwr_mgmt.c.o
 .bss.m_clock_cb
                0x0000000020002af8       0x14 _build/nrf52840_xxaa/nrf_drv_clock.c.o
 .bss.m_contexts
                0x0000000020002b0c        0x8 _build/nrf52840_xxaa/nrf_drv_uart.c.o
 .bss.m_handlers
                0x0000000020002b14        0x8 _build/nrf52840_xxaa/nrf_drv_uart.c.o
 .bss.m_clock_cb
                0x0000000020002b1c        0x8 _build/nrf52840_xxaa/nrfx_clock.c.o
 *fill*         0x0000000020002b24        0x4 
 .bss.m_cb      0x0000000020002b28       0x6c _build/nrf52840_xxaa/nrfx_gpiote.c.o
 .bss.m_prs_box_4
                0x0000000020002b94        0x8 _build/nrf52840_xxaa/nrfx_prs.c.o
 *fill*         0x0000000020002b9c        0x4 
 .bss.m_cb      0x0000000020002ba0       0x2c _build/nrf52840_xxaa/nrfx_uart.c.o
 *fill*         0x0000000020002bcc        0x4 
 .bss.m_cb      0x0000000020002bd0       0x24 _build/nrf52840_xxaa/nrfx_uarte.c.o
 .bss.m_adv_params
                0x0000000020002bf4       0x18 _build/nrf52840_xxaa/main.c.o
 .bss.m_enc_advdata
                0x0000000020002c0c       0x1f _build/nrf52840_xxaa/main.c.o
 *fill*         0x0000000020002c2b        0x1 
 .bss.m_conn_params_config
                0x0000000020002c2c       0x1c _build/nrf52840_xxaa/ble_conn_params.c.o
 .bss.m_conn_params_instances
                0x0000000020002c48       0x14 _build/nrf52840_xxaa/ble_conn_params.c.o
 .bss.m_preferred_conn_params
                0x0000000020002c5c        0x8 _build/nrf52840_xxaa/ble_conn_params.c.o
 .bss.m_bcs     0x0000000020002c64       0x7c _build/nrf52840_xxaa/ble_conn_state.c.o
 .bss.m_nrf_sdh_continue
                0x0000000020002ce0        0x1 _build/nrf52840_xxaa/nrf_sdh.c.o
 .bss.m_nrf_sdh_enabled
                0x0000000020002ce1        0x1 _build/nrf52840_xxaa/nrf_sdh.c.o
 .bss.m_nrf_sdh_suspended
                0x0000000020002ce2        0x1 _build/nrf52840_xxaa/nrf_sdh.c.o
 .bss.m_stack_is_enabled
                0x0000000020002ce3        0x1 _build/nrf52840_xxaa/nrf_sdh_ble.c.o
 *(COMMON)
 COMMON         0x0000000020002ce4        0xc _build/nrf52840_xxaa/app_util_platform.c.o
                0x0000000020002ce4                nrf_nvic_state
 COMMON         0x0000000020002cf0        0x2 _build/nrf52840_xxaa/nrf_drv_uart.c.o
                0x0000000020002cf0                nrf_drv_uart_use_easy_dma
                0x0000000020002cf4                . = ALIGN (0x4)
 *fill*         0x0000000020002cf2        0x2 
                0x0000000020002cf4                __bss_end__ = .

.heap           0x0000000020002cf8     0x2000
                0x0000000020002cf8                __HeapBase = .
                0x0000000020002cf8                __end__ = .
                [!provide]                        PROVIDE (end = .)
 *(.heap*)
 .heap          0x0000000020002cf8     0x2000 _build/nrf52840_xxaa/gcc_startup_nrf52840.S.o
                0x0000000020004cf8                __HeapLimit = .

.stack_dummy    0x0000000020002cf8     0x2000
 *(.stack*)
 .stack         0x0000000020002cf8     0x2000 _build/nrf52840_xxaa/gcc_startup_nrf52840.S.o
                0x0000000020040000                __StackTop = (ORIGIN (RAM) + LENGTH (RAM))
                0x000000002003e000                __StackLimit = (__StackTop - SIZEOF (.stack_dummy))
                0x0000000020040000                PROVIDE (__stack = __StackTop)
                0x0000000000000001                ASSERT ((__StackLimit >= __HeapLimit), region RAM overflowed with stack)
                0x00000000000000a8                DataInitFlashUsed = (__bss_start__ - __data_start__)
                0x0000000000006438                CodeFlashUsed = (__etext - ORIGIN (FLASH))
                0x00000000000064e0                TotalFlashUsed = (CodeFlashUsed + DataInitFlashUsed)
                0x0000000000000001                ASSERT ((TotalFlashUsed <= LENGTH (FLASH)), region FLASH overflowed with .data and user data)
OUTPUT(_build/nrf52840_xxaa.out elf32-littlearm)

.ARM.attributes
                0x0000000000000000       0x30
 .ARM.attributes
                0x0000000000000000       0x1e /Users/nams/Downloads/gcc-arm-none-eabi-9-2019-q4-major/bin/../lib/gcc/arm-none-eabi/9.2.1/thumb/v7e-m+fp/hard/crti.o
 .ARM.attributes
                0x000000000000001e       0x34 /Users/nams/Downloads/gcc-arm-none-eabi-9-2019-q4-major/bin/../lib/gcc/arm-none-eabi/9.2.1/thumb/v7e-m+fp/hard/crtbegin.o
 .ARM.attributes
                0x0000000000000052       0x1c /Users/nams/Downloads/gcc-arm-none-eabi-9-2019-q4-major/bin/../lib/gcc/arm-none-eabi/9.2.1/../../../../arm-none-eabi/lib/thumb/v7e-m+fp/hard/crt0.o
 .ARM.attributes
                0x000000000000006e       0x20 _build/nrf52840_xxaa/gcc_startup_nrf52840.S.o
 .ARM.attributes
                0x000000000000008e       0x34 _build/nrf52840_xxaa/nrf_log_backend_serial.c.o
 .ARM.attributes
                0x00000000000000c2       0x34 _build/nrf52840_xxaa/nrf_log_backend_uart.c.o
 .ARM.attributes
                0x00000000000000f6       0x34 _build/nrf52840_xxaa/nrf_log_default_backends.c.o
 .ARM.attributes
                0x000000000000012a       0x34 _build/nrf52840_xxaa/nrf_log_frontend.c.o
 .ARM.attributes
                0x000000000000015e       0x34 _build/nrf52840_xxaa/nrf_log_str_formatter.c.o
 .ARM.attributes
                0x0000000000000192       0x34 _build/nrf52840_xxaa/app_button.c.o
 .ARM.attributes
                0x00000000000001c6       0x34 _build/nrf52840_xxaa/app_error.c.o
 .ARM.attributes
                0x00000000000001fa       0x34 _build/nrf52840_xxaa/app_error_weak.c.o
 .ARM.attributes
                0x000000000000022e       0x34 _build/nrf52840_xxaa/app_timer2.c.o
 .ARM.attributes
                0x0000000000000262       0x34 _build/nrf52840_xxaa/app_util_platform.c.o
 .ARM.attributes
                0x0000000000000296       0x34 _build/nrf52840_xxaa/drv_rtc.c.o
 .ARM.attributes
                0x00000000000002ca       0x34 _build/nrf52840_xxaa/bsp.c.o
 .ARM.attributes
                0x00000000000002fe       0x34 _build/nrf52840_xxaa/nrf_atfifo.c.o
 .ARM.attributes
                0x0000000000000332       0x34 _build/nrf52840_xxaa/nrf_atflags.c.o
 .ARM.attributes
                0x0000000000000366       0x34 _build/nrf52840_xxaa/nrf_atomic.c.o
 .ARM.attributes
                0x000000000000039a       0x34 _build/nrf52840_xxaa/nrf_balloc.c.o
 .ARM.attributes
                0x00000000000003ce       0x34 _build/nrf52840_xxaa/nrf_fprintf.c.o
 .ARM.attributes
                0x0000000000000402       0x34 _build/nrf52840_xxaa/nrf_fprintf_format.c.o
 .ARM.attributes
                0x0000000000000436       0x34 _build/nrf52840_xxaa/nrf_memobj.c.o
 .ARM.attributes
                0x000000000000046a       0x34 _build/nrf52840_xxaa/nrf_pwr_mgmt.c.o
 .ARM.attributes
                0x000000000000049e       0x34 _build/nrf52840_xxaa/nrf_ringbuf.c.o
 .ARM.attributes
                0x00000000000004d2       0x34 _build/nrf52840_xxaa/nrf_section_iter.c.o
 .ARM.attributes
                0x0000000000000506       0x34 _build/nrf52840_xxaa/nrf_sortlist.c.o
 .ARM.attributes
                0x000000000000053a       0x34 _build/nrf52840_xxaa/nrf_strerror.c.o
 .ARM.attributes
                0x000000000000056e       0x34 _build/nrf52840_xxaa/system_nrf52840.c.o
 .ARM.attributes
                0x00000000000005a2       0x34 _build/nrf52840_xxaa/boards.c.o
 .ARM.attributes
                0x00000000000005d6       0x34 _build/nrf52840_xxaa/nrf_drv_clock.c.o
 .ARM.attributes
                0x000000000000060a       0x34 _build/nrf52840_xxaa/nrf_drv_uart.c.o
 .ARM.attributes
                0x000000000000063e       0x34 _build/nrf52840_xxaa/nrfx_clock.c.o
 .ARM.attributes
                0x0000000000000672       0x34 _build/nrf52840_xxaa/nrfx_gpiote.c.o
 .ARM.attributes
                0x00000000000006a6       0x34 _build/nrf52840_xxaa/nrfx_prs.c.o
 .ARM.attributes
                0x00000000000006da       0x34 _build/nrf52840_xxaa/nrfx_uart.c.o
 .ARM.attributes
                0x000000000000070e       0x34 _build/nrf52840_xxaa/nrfx_uarte.c.o
 .ARM.attributes
                0x0000000000000742       0x34 _build/nrf52840_xxaa/main.c.o
 .ARM.attributes
                0x0000000000000776       0x34 _build/nrf52840_xxaa/ble_conn_params.c.o
 .ARM.attributes
                0x00000000000007aa       0x34 _build/nrf52840_xxaa/ble_conn_state.c.o
 .ARM.attributes
                0x00000000000007de       0x34 _build/nrf52840_xxaa/ble_srv_common.c.o
 .ARM.attributes
                0x0000000000000812       0x34 _build/nrf52840_xxaa/nrf_ble_gatt.c.o
 .ARM.attributes
                0x0000000000000846       0x34 _build/nrf52840_xxaa/nrf_sdh.c.o
 .ARM.attributes
                0x000000000000087a       0x34 _build/nrf52840_xxaa/nrf_sdh_ble.c.o
 .ARM.attributes
                0x00000000000008ae       0x34 _build/nrf52840_xxaa/nrf_sdh_soc.c.o
 .ARM.attributes
                0x00000000000008e2       0x32 /Users/nams/Downloads/gcc-arm-none-eabi-9-2019-q4-major/bin/../lib/gcc/arm-none-eabi/9.2.1/../../../../arm-none-eabi/lib/thumb/v7e-m+fp/hard/libc_nano.a(lib_a-ctype_.o)
 .ARM.attributes
                0x0000000000000914       0x34 /Users/nams/Downloads/gcc-arm-none-eabi-9-2019-q4-major/bin/../lib/gcc/arm-none-eabi/9.2.1/../../../../arm-none-eabi/lib/thumb/v7e-m+fp/hard/libc_nano.a(lib_a-exit.o)
 .ARM.attributes
                0x0000000000000948       0x32 /Users/nams/Downloads/gcc-arm-none-eabi-9-2019-q4-major/bin/../lib/gcc/arm-none-eabi/9.2.1/../../../../arm-none-eabi/lib/thumb/v7e-m+fp/hard/libc_nano.a(lib_a-impure.o)
 .ARM.attributes
                0x000000000000097a       0x34 /Users/nams/Downloads/gcc-arm-none-eabi-9-2019-q4-major/bin/../lib/gcc/arm-none-eabi/9.2.1/../../../../arm-none-eabi/lib/thumb/v7e-m+fp/hard/libc_nano.a(lib_a-init.o)
 .ARM.attributes
                0x00000000000009ae       0x34 /Users/nams/Downloads/gcc-arm-none-eabi-9-2019-q4-major/bin/../lib/gcc/arm-none-eabi/9.2.1/../../../../arm-none-eabi/lib/thumb/v7e-m+fp/hard/libc_nano.a(lib_a-memcpy-stub.o)
 .ARM.attributes
                0x00000000000009e2       0x34 /Users/nams/Downloads/gcc-arm-none-eabi-9-2019-q4-major/bin/../lib/gcc/arm-none-eabi/9.2.1/../../../../arm-none-eabi/lib/thumb/v7e-m+fp/hard/libc_nano.a(lib_a-memset.o)
 .ARM.attributes
                0x0000000000000a16       0x17 /Users/nams/Downloads/gcc-arm-none-eabi-9-2019-q4-major/bin/../lib/gcc/arm-none-eabi/9.2.1/../../../../arm-none-eabi/lib/thumb/v7e-m+fp/hard/libc_nano.a(lib_a-strlen.o)
 .ARM.attributes
                0x0000000000000a2d       0x34 /Users/nams/Downloads/gcc-arm-none-eabi-9-2019-q4-major/bin/../lib/gcc/arm-none-eabi/9.2.1/../../../../arm-none-eabi/lib/thumb/v7e-m+fp/hard/libnosys.a(_exit.o)
 .ARM.attributes
                0x0000000000000a61       0x1e /Users/nams/Downloads/gcc-arm-none-eabi-9-2019-q4-major/bin/../lib/gcc/arm-none-eabi/9.2.1/thumb/v7e-m+fp/hard/libgcc.a(_aeabi_uldivmod.o)
 .ARM.attributes
                0x0000000000000a7f       0x34 /Users/nams/Downloads/gcc-arm-none-eabi-9-2019-q4-major/bin/../lib/gcc/arm-none-eabi/9.2.1/thumb/v7e-m+fp/hard/libgcc.a(_udivmoddi4.o)
 .ARM.attributes
                0x0000000000000ab3       0x1e /Users/nams/Downloads/gcc-arm-none-eabi-9-2019-q4-major/bin/../lib/gcc/arm-none-eabi/9.2.1/thumb/v7e-m+fp/hard/libgcc.a(_dvmd_tls.o)
 .ARM.attributes
                0x0000000000000ad1       0x32 /Users/nams/Downloads/gcc-arm-none-eabi-9-2019-q4-major/bin/../lib/gcc/arm-none-eabi/9.2.1/thumb/v7e-m+fp/hard/crtend.o
 .ARM.attributes
                0x0000000000000b03       0x1e /Users/nams/Downloads/gcc-arm-none-eabi-9-2019-q4-major/bin/../lib/gcc/arm-none-eabi/9.2.1/thumb/v7e-m+fp/hard/crtn.o

.comment        0x0000000000000000       0x79
 .comment       0x0000000000000000       0x79 _build/nrf52840_xxaa/nrf_log_backend_serial.c.o
                                         0x7a (size before relaxing)
 .comment       0x0000000000000079       0x7a _build/nrf52840_xxaa/nrf_log_backend_uart.c.o
 .comment       0x0000000000000079       0x7a _build/nrf52840_xxaa/nrf_log_default_backends.c.o
 .comment       0x0000000000000079       0x7a _build/nrf52840_xxaa/nrf_log_frontend.c.o
 .comment       0x0000000000000079       0x7a _build/nrf52840_xxaa/nrf_log_str_formatter.c.o
 .comment       0x0000000000000079       0x7a _build/nrf52840_xxaa/app_button.c.o
 .comment       0x0000000000000079       0x7a _build/nrf52840_xxaa/app_error.c.o
 .comment       0x0000000000000079       0x7a _build/nrf52840_xxaa/app_error_weak.c.o
 .comment       0x0000000000000079       0x7a _build/nrf52840_xxaa/app_timer2.c.o
 .comment       0x0000000000000079       0x7a _build/nrf52840_xxaa/app_util_platform.c.o
 .comment       0x0000000000000079       0x7a _build/nrf52840_xxaa/drv_rtc.c.o
 .comment       0x0000000000000079       0x7a _build/nrf52840_xxaa/bsp.c.o
 .comment       0x0000000000000079       0x7a _build/nrf52840_xxaa/nrf_atfifo.c.o
 .comment       0x0000000000000079       0x7a _build/nrf52840_xxaa/nrf_atflags.c.o
 .comment       0x0000000000000079       0x7a _build/nrf52840_xxaa/nrf_atomic.c.o
 .comment       0x0000000000000079       0x7a _build/nrf52840_xxaa/nrf_balloc.c.o
 .comment       0x0000000000000079       0x7a _build/nrf52840_xxaa/nrf_fprintf.c.o
 .comment       0x0000000000000079       0x7a _build/nrf52840_xxaa/nrf_fprintf_format.c.o
 .comment       0x0000000000000079       0x7a _build/nrf52840_xxaa/nrf_memobj.c.o
 .comment       0x0000000000000079       0x7a _build/nrf52840_xxaa/nrf_pwr_mgmt.c.o
 .comment       0x0000000000000079       0x7a _build/nrf52840_xxaa/nrf_ringbuf.c.o
 .comment       0x0000000000000079       0x7a _build/nrf52840_xxaa/nrf_section_iter.c.o
 .comment       0x0000000000000079       0x7a _build/nrf52840_xxaa/nrf_sortlist.c.o
 .comment       0x0000000000000079       0x7a _build/nrf52840_xxaa/nrf_strerror.c.o
 .comment       0x0000000000000079       0x7a _build/nrf52840_xxaa/system_nrf52840.c.o
 .comment       0x0000000000000079       0x7a _build/nrf52840_xxaa/boards.c.o
 .comment       0x0000000000000079       0x7a _build/nrf52840_xxaa/nrf_drv_clock.c.o
 .comment       0x0000000000000079       0x7a _build/nrf52840_xxaa/nrf_drv_uart.c.o
 .comment       0x0000000000000079       0x7a _build/nrf52840_xxaa/nrfx_clock.c.o
 .comment       0x0000000000000079       0x7a _build/nrf52840_xxaa/nrfx_gpiote.c.o
 .comment       0x0000000000000079       0x7a _build/nrf52840_xxaa/nrfx_prs.c.o
 .comment       0x0000000000000079       0x7a _build/nrf52840_xxaa/nrfx_uart.c.o
 .comment       0x0000000000000079       0x7a _build/nrf52840_xxaa/nrfx_uarte.c.o
 .comment       0x0000000000000079       0x7a _build/nrf52840_xxaa/main.c.o
 .comment       0x0000000000000079       0x7a _build/nrf52840_xxaa/ble_conn_params.c.o
 .comment       0x0000000000000079       0x7a _build/nrf52840_xxaa/ble_conn_state.c.o
 .comment       0x0000000000000079       0x7a _build/nrf52840_xxaa/ble_srv_common.c.o
 .comment       0x0000000000000079       0x7a _build/nrf52840_xxaa/nrf_ble_gatt.c.o
 .comment       0x0000000000000079       0x7a _build/nrf52840_xxaa/nrf_sdh.c.o
 .comment       0x0000000000000079       0x7a _build/nrf52840_xxaa/nrf_sdh_ble.c.o
 .comment       0x0000000000000079       0x7a _build/nrf52840_xxaa/nrf_sdh_soc.c.o

.debug_line     0x0000000000000000    0x25f8c
 .debug_line    0x0000000000000000       0x89 _build/nrf52840_xxaa/gcc_startup_nrf52840.S.o
 .debug_line    0x0000000000000089      0x944 _build/nrf52840_xxaa/nrf_log_backend_serial.c.o
 .debug_line    0x00000000000009cd      0xc71 _build/nrf52840_xxaa/nrf_log_backend_uart.c.o
 .debug_line    0x000000000000163e      0x81f _build/nrf52840_xxaa/nrf_log_default_backends.c.o
 .debug_line    0x0000000000001e5d     0x2d79 _build/nrf52840_xxaa/nrf_log_frontend.c.o
 .debug_line    0x0000000000004bd6      0xa7b _build/nrf52840_xxaa/nrf_log_str_formatter.c.o
 .debug_line    0x0000000000005651     0x1326 _build/nrf52840_xxaa/app_button.c.o
 .debug_line    0x0000000000006977      0x5cf _build/nrf52840_xxaa/app_error.c.o
 .debug_line    0x0000000000006f46      0x927 _build/nrf52840_xxaa/app_error_weak.c.o
 .debug_line    0x000000000000786d     0x1237 _build/nrf52840_xxaa/app_timer2.c.o
 .debug_line    0x0000000000008aa4      0x80d _build/nrf52840_xxaa/app_util_platform.c.o
 .debug_line    0x00000000000092b1     0x154b _build/nrf52840_xxaa/drv_rtc.c.o
 .debug_line    0x000000000000a7fc     0x1609 _build/nrf52840_xxaa/bsp.c.o
 .debug_line    0x000000000000be05      0xaf3 _build/nrf52840_xxaa/nrf_atfifo.c.o
 .debug_line    0x000000000000c8f8      0x8d0 _build/nrf52840_xxaa/nrf_atflags.c.o
 .debug_line    0x000000000000d1c8      0x93b _build/nrf52840_xxaa/nrf_atomic.c.o
 .debug_line    0x000000000000db03      0x96c _build/nrf52840_xxaa/nrf_balloc.c.o
 .debug_line    0x000000000000e46f      0x5f7 _build/nrf52840_xxaa/nrf_fprintf.c.o
 .debug_line    0x000000000000ea66      0xfd1 _build/nrf52840_xxaa/nrf_fprintf_format.c.o
 .debug_line    0x000000000000fa37      0xc06 _build/nrf52840_xxaa/nrf_memobj.c.o
 .debug_line    0x000000000001063d      0xf5f _build/nrf52840_xxaa/nrf_pwr_mgmt.c.o
 .debug_line    0x000000000001159c      0xa66 _build/nrf52840_xxaa/nrf_ringbuf.c.o
 .debug_line    0x0000000000012002      0x60d _build/nrf52840_xxaa/nrf_section_iter.c.o
 .debug_line    0x000000000001260f      0x7f9 _build/nrf52840_xxaa/nrf_sortlist.c.o
 .debug_line    0x0000000000012e08      0x65e _build/nrf52840_xxaa/nrf_strerror.c.o
 .debug_line    0x0000000000013466      0x6b2 _build/nrf52840_xxaa/system_nrf52840.c.o
 .debug_line    0x0000000000013b18      0xe2b _build/nrf52840_xxaa/boards.c.o
 .debug_line    0x0000000000014943     0x1231 _build/nrf52840_xxaa/nrf_drv_clock.c.o
 .debug_line    0x0000000000015b74      0x907 _build/nrf52840_xxaa/nrf_drv_uart.c.o
 .debug_line    0x000000000001647b      0xfb0 _build/nrf52840_xxaa/nrfx_clock.c.o
 .debug_line    0x000000000001742b     0x345d _build/nrf52840_xxaa/nrfx_gpiote.c.o
 .debug_line    0x000000000001a888      0x9f1 _build/nrf52840_xxaa/nrfx_prs.c.o
 .debug_line    0x000000000001b279     0x1fc9 _build/nrf52840_xxaa/nrfx_uart.c.o
 .debug_line    0x000000000001d242     0x1ea4 _build/nrf52840_xxaa/nrfx_uarte.c.o
 .debug_line    0x000000000001f0e6      0xfdc _build/nrf52840_xxaa/main.c.o
 .debug_line    0x00000000000200c2      0xf20 _build/nrf52840_xxaa/ble_conn_params.c.o
 .debug_line    0x0000000000020fe2     0x1240 _build/nrf52840_xxaa/ble_conn_state.c.o
 .debug_line    0x0000000000022222      0xb15 _build/nrf52840_xxaa/ble_srv_common.c.o
 .debug_line    0x0000000000022d37      0xdbd _build/nrf52840_xxaa/nrf_ble_gatt.c.o
 .debug_line    0x0000000000023af4     0x105b _build/nrf52840_xxaa/nrf_sdh.c.o
 .debug_line    0x0000000000024b4f      0xbe8 _build/nrf52840_xxaa/nrf_sdh_ble.c.o
 .debug_line    0x0000000000025737      0x855 _build/nrf52840_xxaa/nrf_sdh_soc.c.o

.debug_info     0x0000000000000000    0x4c67d
 .debug_info    0x0000000000000000       0x26 _build/nrf52840_xxaa/gcc_startup_nrf52840.S.o
 .debug_info    0x0000000000000026     0x124c _build/nrf52840_xxaa/nrf_log_backend_serial.c.o
 .debug_info    0x0000000000001272     0x1cc5 _build/nrf52840_xxaa/nrf_log_backend_uart.c.o
 .debug_info    0x0000000000002f37      0xd9e _build/nrf52840_xxaa/nrf_log_default_backends.c.o
 .debug_info    0x0000000000003cd5     0x46b8 _build/nrf52840_xxaa/nrf_log_frontend.c.o
 .debug_info    0x000000000000838d     0x1431 _build/nrf52840_xxaa/nrf_log_str_formatter.c.o
 .debug_info    0x00000000000097be     0x1d42 _build/nrf52840_xxaa/app_button.c.o
 .debug_info    0x000000000000b500      0xbac _build/nrf52840_xxaa/app_error.c.o
 .debug_info    0x000000000000c0ac     0x1026 _build/nrf52840_xxaa/app_error_weak.c.o
 .debug_info    0x000000000000d0d2     0x220f _build/nrf52840_xxaa/app_timer2.c.o
 .debug_info    0x000000000000f2e1     0x1319 _build/nrf52840_xxaa/app_util_platform.c.o
 .debug_info    0x00000000000105fa     0x2ad7 _build/nrf52840_xxaa/drv_rtc.c.o
 .debug_info    0x00000000000130d1     0x264f _build/nrf52840_xxaa/bsp.c.o
 .debug_info    0x0000000000015720     0x158b _build/nrf52840_xxaa/nrf_atfifo.c.o
 .debug_info    0x0000000000016cab      0xf4f _build/nrf52840_xxaa/nrf_atflags.c.o
 .debug_info    0x0000000000017bfa     0x13e4 _build/nrf52840_xxaa/nrf_atomic.c.o
 .debug_info    0x0000000000018fde      0xea4 _build/nrf52840_xxaa/nrf_balloc.c.o
 .debug_info    0x0000000000019e82      0xb51 _build/nrf52840_xxaa/nrf_fprintf.c.o
 .debug_info    0x000000000001a9d3     0x157d _build/nrf52840_xxaa/nrf_fprintf_format.c.o
 .debug_info    0x000000000001bf50     0x161b _build/nrf52840_xxaa/nrf_memobj.c.o
 .debug_info    0x000000000001d56b     0x1ee2 _build/nrf52840_xxaa/nrf_pwr_mgmt.c.o
 .debug_info    0x000000000001f44d      0xf8b _build/nrf52840_xxaa/nrf_ringbuf.c.o
 .debug_info    0x00000000000203d8      0xac1 _build/nrf52840_xxaa/nrf_section_iter.c.o
 .debug_info    0x0000000000020e99      0xd6d _build/nrf52840_xxaa/nrf_sortlist.c.o
 .debug_info    0x0000000000021c06      0xb76 _build/nrf52840_xxaa/nrf_strerror.c.o
 .debug_info    0x000000000002277c     0x1501 _build/nrf52840_xxaa/system_nrf52840.c.o
 .debug_info    0x0000000000023c7d     0x1874 _build/nrf52840_xxaa/boards.c.o
 .debug_info    0x00000000000254f1     0x2156 _build/nrf52840_xxaa/nrf_drv_clock.c.o
 .debug_info    0x0000000000027647     0x1b27 _build/nrf52840_xxaa/nrf_drv_uart.c.o
 .debug_info    0x000000000002916e     0x1ce7 _build/nrf52840_xxaa/nrfx_clock.c.o
 .debug_info    0x000000000002ae55     0x4685 _build/nrf52840_xxaa/nrfx_gpiote.c.o
 .debug_info    0x000000000002f4da     0x1200 _build/nrf52840_xxaa/nrfx_prs.c.o
 .debug_info    0x00000000000306da     0x42d3 _build/nrf52840_xxaa/nrfx_uart.c.o
 .debug_info    0x00000000000349ad     0x41dd _build/nrf52840_xxaa/nrfx_uarte.c.o
 .debug_info    0x0000000000038b8a     0x18f5 _build/nrf52840_xxaa/main.c.o
 .debug_info    0x000000000003a47f     0x372d _build/nrf52840_xxaa/ble_conn_params.c.o
 .debug_info    0x000000000003dbac     0x39c9 _build/nrf52840_xxaa/ble_conn_state.c.o
 .debug_info    0x0000000000041575     0x1702 _build/nrf52840_xxaa/ble_srv_common.c.o
 .debug_info    0x0000000000042c77     0x33ff _build/nrf52840_xxaa/nrf_ble_gatt.c.o
 .debug_info    0x0000000000046076     0x2077 _build/nrf52840_xxaa/nrf_sdh.c.o
 .debug_info    0x00000000000480ed     0x360a _build/nrf52840_xxaa/nrf_sdh_ble.c.o
 .debug_info    0x000000000004b6f7      0xf86 _build/nrf52840_xxaa/nrf_sdh_soc.c.o

.debug_abbrev   0x0000000000000000     0xa4e5
 .debug_abbrev  0x0000000000000000       0x14 _build/nrf52840_xxaa/gcc_startup_nrf52840.S.o
 .debug_abbrev  0x0000000000000014      0x2cc _build/nrf52840_xxaa/nrf_log_backend_serial.c.o
 .debug_abbrev  0x00000000000002e0      0x41d _build/nrf52840_xxaa/nrf_log_backend_uart.c.o
 .debug_abbrev  0x00000000000006fd      0x294 _build/nrf52840_xxaa/nrf_log_default_backends.c.o
 .debug_abbrev  0x0000000000000991      0x61e _build/nrf52840_xxaa/nrf_log_frontend.c.o
 .debug_abbrev  0x0000000000000faf      0x320 _build/nrf52840_xxaa/nrf_log_str_formatter.c.o
 .debug_abbrev  0x00000000000012cf      0x46d _build/nrf52840_xxaa/app_button.c.o
 .debug_abbrev  0x000000000000173c      0x276 _build/nrf52840_xxaa/app_error.c.o
 .debug_abbrev  0x00000000000019b2      0x2e9 _build/nrf52840_xxaa/app_error_weak.c.o
 .debug_abbrev  0x0000000000001c9b      0x58f _build/nrf52840_xxaa/app_timer2.c.o
 .debug_abbrev  0x000000000000222a      0x3df _build/nrf52840_xxaa/app_util_platform.c.o
 .debug_abbrev  0x0000000000002609      0x5b0 _build/nrf52840_xxaa/drv_rtc.c.o
 .debug_abbrev  0x0000000000002bb9      0x562 _build/nrf52840_xxaa/bsp.c.o
 .debug_abbrev  0x000000000000311b      0x3b9 _build/nrf52840_xxaa/nrf_atfifo.c.o
 .debug_abbrev  0x00000000000034d4      0x367 _build/nrf52840_xxaa/nrf_atflags.c.o
 .debug_abbrev  0x000000000000383b      0x378 _build/nrf52840_xxaa/nrf_atomic.c.o
 .debug_abbrev  0x0000000000003bb3      0x34d _build/nrf52840_xxaa/nrf_balloc.c.o
 .debug_abbrev  0x0000000000003f00      0x27d _build/nrf52840_xxaa/nrf_fprintf.c.o
 .debug_abbrev  0x000000000000417d      0x3fa _build/nrf52840_xxaa/nrf_fprintf_format.c.o
 .debug_abbrev  0x0000000000004577      0x397 _build/nrf52840_xxaa/nrf_memobj.c.o
 .debug_abbrev  0x000000000000490e      0x4ff _build/nrf52840_xxaa/nrf_pwr_mgmt.c.o
 .debug_abbrev  0x0000000000004e0d      0x2b2 _build/nrf52840_xxaa/nrf_ringbuf.c.o
 .debug_abbrev  0x00000000000050bf      0x206 _build/nrf52840_xxaa/nrf_section_iter.c.o
 .debug_abbrev  0x00000000000052c5      0x284 _build/nrf52840_xxaa/nrf_sortlist.c.o
 .debug_abbrev  0x0000000000005549      0x29c _build/nrf52840_xxaa/nrf_strerror.c.o
 .debug_abbrev  0x00000000000057e5      0x22f _build/nrf52840_xxaa/system_nrf52840.c.o
 .debug_abbrev  0x0000000000005a14      0x46e _build/nrf52840_xxaa/boards.c.o
 .debug_abbrev  0x0000000000005e82      0x5e9 _build/nrf52840_xxaa/nrf_drv_clock.c.o
 .debug_abbrev  0x000000000000646b      0x2da _build/nrf52840_xxaa/nrf_drv_uart.c.o
 .debug_abbrev  0x0000000000006745      0x537 _build/nrf52840_xxaa/nrfx_clock.c.o
 .debug_abbrev  0x0000000000006c7c      0x5b2 _build/nrf52840_xxaa/nrfx_gpiote.c.o
 .debug_abbrev  0x000000000000722e      0x362 _build/nrf52840_xxaa/nrfx_prs.c.o
 .debug_abbrev  0x0000000000007590      0x576 _build/nrf52840_xxaa/nrfx_uart.c.o
 .debug_abbrev  0x0000000000007b06      0x54a _build/nrf52840_xxaa/nrfx_uarte.c.o
 .debug_abbrev  0x0000000000008050      0x3b6 _build/nrf52840_xxaa/main.c.o
 .debug_abbrev  0x0000000000008406      0x587 _build/nrf52840_xxaa/ble_conn_params.c.o
 .debug_abbrev  0x000000000000898d      0x5c2 _build/nrf52840_xxaa/ble_conn_state.c.o
 .debug_abbrev  0x0000000000008f4f      0x3be _build/nrf52840_xxaa/ble_srv_common.c.o
 .debug_abbrev  0x000000000000930d      0x4da _build/nrf52840_xxaa/nrf_ble_gatt.c.o
 .debug_abbrev  0x00000000000097e7      0x55c _build/nrf52840_xxaa/nrf_sdh.c.o
 .debug_abbrev  0x0000000000009d43      0x4b1 _build/nrf52840_xxaa/nrf_sdh_ble.c.o
 .debug_abbrev  0x000000000000a1f4      0x2f1 _build/nrf52840_xxaa/nrf_sdh_soc.c.o

.debug_aranges  0x0000000000000000      0xe50
 .debug_aranges
                0x0000000000000000       0x20 _build/nrf52840_xxaa/gcc_startup_nrf52840.S.o
 .debug_aranges
                0x0000000000000020       0x20 _build/nrf52840_xxaa/nrf_log_backend_serial.c.o
 .debug_aranges
                0x0000000000000040       0x48 _build/nrf52840_xxaa/nrf_log_backend_uart.c.o
 .debug_aranges
                0x0000000000000088       0x20 _build/nrf52840_xxaa/nrf_log_default_backends.c.o
 .debug_aranges
                0x00000000000000a8       0xb8 _build/nrf52840_xxaa/nrf_log_frontend.c.o
 .debug_aranges
                0x0000000000000160       0x38 _build/nrf52840_xxaa/nrf_log_str_formatter.c.o
 .debug_aranges
                0x0000000000000198       0x50 _build/nrf52840_xxaa/app_button.c.o
 .debug_aranges
                0x00000000000001e8       0x28 _build/nrf52840_xxaa/app_error.c.o
 .debug_aranges
                0x0000000000000210       0x20 _build/nrf52840_xxaa/app_error_weak.c.o
 .debug_aranges
                0x0000000000000230       0x70 _build/nrf52840_xxaa/app_timer2.c.o
 .debug_aranges
                0x00000000000002a0       0x48 _build/nrf52840_xxaa/app_util_platform.c.o
 .debug_aranges
                0x00000000000002e8       0xa8 _build/nrf52840_xxaa/drv_rtc.c.o
 .debug_aranges
                0x0000000000000390       0x78 _build/nrf52840_xxaa/bsp.c.o
 .debug_aranges
                0x0000000000000408       0x58 _build/nrf52840_xxaa/nrf_atfifo.c.o
 .debug_aranges
                0x0000000000000460       0x58 _build/nrf52840_xxaa/nrf_atflags.c.o
 .debug_aranges
                0x00000000000004b8       0xb0 _build/nrf52840_xxaa/nrf_atomic.c.o
 .debug_aranges
                0x0000000000000568       0x30 _build/nrf52840_xxaa/nrf_balloc.c.o
 .debug_aranges
                0x0000000000000598       0x28 _build/nrf52840_xxaa/nrf_fprintf.c.o
 .debug_aranges
                0x00000000000005c0       0x28 _build/nrf52840_xxaa/nrf_fprintf_format.c.o
 .debug_aranges
                0x00000000000005e8       0x50 _build/nrf52840_xxaa/nrf_memobj.c.o
 .debug_aranges
                0x0000000000000638       0x48 _build/nrf52840_xxaa/nrf_pwr_mgmt.c.o
 .debug_aranges
                0x0000000000000680       0x50 _build/nrf52840_xxaa/nrf_ringbuf.c.o
 .debug_aranges
                0x00000000000006d0       0x28 _build/nrf52840_xxaa/nrf_section_iter.c.o
 .debug_aranges
                0x00000000000006f8       0x40 _build/nrf52840_xxaa/nrf_sortlist.c.o
 .debug_aranges
                0x0000000000000738       0x28 _build/nrf52840_xxaa/nrf_strerror.c.o
 .debug_aranges
                0x0000000000000760       0x28 _build/nrf52840_xxaa/system_nrf52840.c.o
 .debug_aranges
                0x0000000000000788       0x78 _build/nrf52840_xxaa/boards.c.o
 .debug_aranges
                0x0000000000000800       0xa8 _build/nrf52840_xxaa/nrf_drv_clock.c.o
 .debug_aranges
                0x00000000000008a8       0x30 _build/nrf52840_xxaa/nrf_drv_uart.c.o
 .debug_aranges
                0x00000000000008d8       0x78 _build/nrf52840_xxaa/nrfx_clock.c.o
 .debug_aranges
                0x0000000000000950       0xd8 _build/nrf52840_xxaa/nrfx_gpiote.c.o
 .debug_aranges
                0x0000000000000a28       0x30 _build/nrf52840_xxaa/nrfx_prs.c.o
 .debug_aranges
                0x0000000000000a58       0x78 _build/nrf52840_xxaa/nrfx_uart.c.o
 .debug_aranges
                0x0000000000000ad0       0x68 _build/nrf52840_xxaa/nrfx_uarte.c.o
 .debug_aranges
                0x0000000000000b38       0x40 _build/nrf52840_xxaa/main.c.o
 .debug_aranges
                0x0000000000000b78       0x60 _build/nrf52840_xxaa/ble_conn_params.c.o
 .debug_aranges
                0x0000000000000bd8       0xc8 _build/nrf52840_xxaa/ble_conn_state.c.o
 .debug_aranges
                0x0000000000000ca0       0x58 _build/nrf52840_xxaa/ble_srv_common.c.o
 .debug_aranges
                0x0000000000000cf8       0x70 _build/nrf52840_xxaa/nrf_ble_gatt.c.o
 .debug_aranges
                0x0000000000000d68       0x70 _build/nrf52840_xxaa/nrf_sdh.c.o
 .debug_aranges
                0x0000000000000dd8       0x50 _build/nrf52840_xxaa/nrf_sdh_ble.c.o
 .debug_aranges
                0x0000000000000e28       0x28 _build/nrf52840_xxaa/nrf_sdh_soc.c.o

.debug_str      0x0000000000000000    0xad4bf
 .debug_str     0x0000000000000000       0xc3 _build/nrf52840_xxaa/gcc_startup_nrf52840.S.o
 .debug_str     0x00000000000000c3    0x8abb1 _build/nrf52840_xxaa/nrf_log_backend_serial.c.o
                                      0x8d3ae (size before relaxing)
 .debug_str     0x000000000008ac74     0x859d _build/nrf52840_xxaa/nrf_log_backend_uart.c.o
                                      0x95435 (size before relaxing)
 .debug_str     0x0000000000093211      0x11c _build/nrf52840_xxaa/nrf_log_default_backends.c.o
                                      0x8d165 (size before relaxing)
 .debug_str     0x000000000009332d     0x136b _build/nrf52840_xxaa/nrf_log_frontend.c.o
                                      0x8e61c (size before relaxing)
 .debug_str     0x0000000000094698      0x6a6 _build/nrf52840_xxaa/nrf_log_str_formatter.c.o
                                      0x8d8d0 (size before relaxing)
 .debug_str     0x0000000000094d3e     0x1a8b _build/nrf52840_xxaa/app_button.c.o
                                      0x951bc (size before relaxing)
 .debug_str     0x00000000000967c9       0xf4 _build/nrf52840_xxaa/app_error.c.o
                                      0x78110 (size before relaxing)
 .debug_str     0x00000000000968bd      0xa52 _build/nrf52840_xxaa/app_error_weak.c.o
                                      0x8e1a7 (size before relaxing)
 .debug_str     0x000000000009730f     0x113b _build/nrf52840_xxaa/app_timer2.c.o
                                      0x94ead (size before relaxing)
 .debug_str     0x000000000009844a      0x298 _build/nrf52840_xxaa/app_util_platform.c.o
                                      0x79540 (size before relaxing)
 .debug_str     0x00000000000986e2      0x7ad _build/nrf52840_xxaa/drv_rtc.c.o
                                      0x9480c (size before relaxing)
 .debug_str     0x0000000000098e8f     0x227c _build/nrf52840_xxaa/bsp.c.o
                                      0x93cb7 (size before relaxing)
 .debug_str     0x000000000009b10b      0x15c _build/nrf52840_xxaa/nrf_atfifo.c.o
                                      0x8b0fa (size before relaxing)
 .debug_str     0x000000000009b267      0x3c4 _build/nrf52840_xxaa/nrf_atflags.c.o
                                      0x884c0 (size before relaxing)
 .debug_str     0x000000000009b62b      0x65b _build/nrf52840_xxaa/nrf_atomic.c.o
                                      0x8881b (size before relaxing)
 .debug_str     0x000000000009bc86      0x154 _build/nrf52840_xxaa/nrf_balloc.c.o
                                      0x8d15f (size before relaxing)
 .debug_str     0x000000000009bdda      0x144 _build/nrf52840_xxaa/nrf_fprintf.c.o
                                      0x88474 (size before relaxing)
 .debug_str     0x000000000009bf1e      0x511 _build/nrf52840_xxaa/nrf_fprintf_format.c.o
                                      0x8895d (size before relaxing)
 .debug_str     0x000000000009c42f      0x1a5 _build/nrf52840_xxaa/nrf_memobj.c.o